31038 1787052209.997038 mmap(NULL, 8192, PROT_READ|PROT_WRITE, MAP_PRIVATE|MAP_ANONYMOUS, -1, 0) = 0x7770a3348000 <0.000079>
31038 1787052209.997323 openat(AT_FDCWD, "/path/to/ogkm/reverse/lib/libpbcap.so", O_RDONLY|O_CLOEXEC) = 3 <0.000068>
31038 1787052209.997712 mmap(NULL, 400560, PROT_READ, MAP_PRIVATE|MAP_DENYWRITE, 3, 0) = 0x7770a32e6000 <0.000052>
31038 1787052209.997833 mmap(0x7770a32e8000, 16384, PROT_READ|PROT_EXEC, MAP_PRIVATE|MAP_FIXED|MAP_DENYWRITE, 3, 0x2000) = 0x7770a32e8000 <0.000082>
31038 1787052209.997987 mmap(0x7770a32ec000, 8192, PROT_READ, MAP_PRIVATE|MAP_FIXED|MAP_DENYWRITE, 3, 0x6000) = 0x7770a32ec000 <0.000054>
31038 1787052209.998110 mmap(0x7770a32ee000, 8192, PROT_READ|PROT_WRITE, MAP_PRIVATE|MAP_FIXED|MAP_DENYWRITE, 3, 0x7000) = 0x7770a32ee000 <0.000058>
31038 1787052209.998245 mmap(0x7770a32f0000, 359600, PROT_READ|PROT_WRITE, MAP_PRIVATE|MAP_FIXED|MAP_ANONYMOUS, -1, 0) = 0x7770a32f0000 <0.000051>
31038 1787052209.998378 close(3)        = 0 <0.000043>
31038 1787052209.998601 openat(AT_FDCWD, "/etc/ld.so.cache", O_RDONLY|O_CLOEXEC) = 3 <0.000050>
31038 1787052209.998816 mmap(NULL, 28071, PROT_READ, MAP_PRIVATE, 3, 0) = 0x7770a32df000 <0.000048>
31038 1787052209.998943 close(3)        = 0 <0.000041>
31038 1787052209.999066 openat(AT_FDCWD, "/usr/local/cuda/targets/x86_64-linux/lib/libcudart.so.13", O_RDONLY|O_CLOEXEC) = 3 <0.000055>
31038 1787052209.999396 mmap(NULL, 4973856, PROT_NONE, MAP_PRIVATE|MAP_ANONYMOUS|MAP_DENYWRITE, -1, 0) = 0x7770a2e20000 <0.000049>
31038 1787052209.999514 mmap(0x7770a3000000, 2876704, PROT_READ|PROT_EXEC, MAP_PRIVATE|MAP_FIXED|MAP_DENYWRITE, 3, 0) = 0x7770a3000000 <0.000070>
31038 1787052209.999653 munmap(0x7770a2e20000, 1966080) = 0 <0.000046>
31038 1787052209.999765 munmap(0x7770a32bf000, 128288) = 0 <0.000045>
31038 1787052210.000034 mmap(0x7770a32b7000, 24576, PROT_READ|PROT_WRITE, MAP_PRIVATE|MAP_FIXED|MAP_DENYWRITE, 3, 0xb7000) = 0x7770a32b7000 <0.000051>
31038 1787052210.000168 mmap(0x7770a32bd000, 5408, PROT_READ|PROT_WRITE, MAP_PRIVATE|MAP_FIXED|MAP_ANONYMOUS, -1, 0) = 0x7770a32bd000 <0.000052>
31038 1787052210.000319 close(3)        = 0 <0.000043>
31038 1787052210.000433 openat(AT_FDCWD, "/lib/x86_64-linux-gnu/libc.so.6", O_RDONLY|O_CLOEXEC) = 3 <0.000050>
31038 1787052210.000945 mmap(NULL, 2170256, PROT_READ, MAP_PRIVATE|MAP_DENYWRITE, 3, 0) = 0x7770a2c00000 <0.000049>
31038 1787052210.001064 mmap(0x7770a2c28000, 1605632, PROT_READ|PROT_EXEC, MAP_PRIVATE|MAP_FIXED|MAP_DENYWRITE, 3, 0x28000) = 0x7770a2c28000 <0.000060>
31038 1787052210.001191 mmap(0x7770a2db0000, 323584, PROT_READ, MAP_PRIVATE|MAP_FIXED|MAP_DENYWRITE, 3, 0x1b0000) = 0x7770a2db0000 <0.000070>
31038 1787052210.001330 mmap(0x7770a2dff000, 24576, PROT_READ|PROT_WRITE, MAP_PRIVATE|MAP_FIXED|MAP_DENYWRITE, 3, 0x1fe000) = 0x7770a2dff000 <0.000058>
31038 1787052210.001467 mmap(0x7770a2e05000, 52624, PROT_READ|PROT_WRITE, MAP_PRIVATE|MAP_FIXED|MAP_ANONYMOUS, -1, 0) = 0x7770a2e05000 <0.000060>
31038 1787052210.001620 close(3)        = 0 <0.000043>
31038 1787052210.001744 openat(AT_FDCWD, "/lib/x86_64-linux-gnu/libdl.so.2", O_RDONLY|O_CLOEXEC) = 3 <0.000048>
31038 1787052210.002065 mmap(NULL, 16400, PROT_READ, MAP_PRIVATE|MAP_DENYWRITE, 3, 0) = 0x7770a32da000 <0.000050>
31038 1787052210.002184 mmap(0x7770a32db000, 4096, PROT_READ|PROT_EXEC, MAP_PRIVATE|MAP_FIXED|MAP_DENYWRITE, 3, 0x1000) = 0x7770a32db000 <0.000057>
31038 1787052210.002311 mmap(0x7770a32dc000, 4096, PROT_READ, MAP_PRIVATE|MAP_FIXED|MAP_DENYWRITE, 3, 0x2000) = 0x7770a32dc000 <0.000052>
31038 1787052210.002431 mmap(0x7770a32dd000, 8192, PROT_READ|PROT_WRITE, MAP_PRIVATE|MAP_FIXED|MAP_DENYWRITE, 3, 0x2000) = 0x7770a32dd000 <0.000050>
31038 1787052210.002576 close(3)        = 0 <0.000043>
31038 1787052210.002691 openat(AT_FDCWD, "/lib/x86_64-linux-gnu/libpthread.so.0", O_RDONLY|O_CLOEXEC) = 3 <0.000046>
31038 1787052210.003005 mmap(NULL, 16400, PROT_READ, MAP_PRIVATE|MAP_DENYWRITE, 3, 0) = 0x7770a32d5000 <0.000046>
31038 1787052210.003119 mmap(0x7770a32d6000, 4096, PROT_READ|PROT_EXEC, MAP_PRIVATE|MAP_FIXED|MAP_DENYWRITE, 3, 0x1000) = 0x7770a32d6000 <0.000053>
31038 1787052210.003249 mmap(0x7770a32d7000, 4096, PROT_READ, MAP_PRIVATE|MAP_FIXED|MAP_DENYWRITE, 3, 0x2000) = 0x7770a32d7000 <0.000054>
31038 1787052210.003389 mmap(0x7770a32d8000, 8192, PROT_READ|PROT_WRITE, MAP_PRIVATE|MAP_FIXED|MAP_DENYWRITE, 3, 0x2000) = 0x7770a32d8000 <0.000050>
31038 1787052210.003529 close(3)        = 0 <0.000043>
31038 1787052210.003640 openat(AT_FDCWD, "/lib/x86_64-linux-gnu/librt.so.1", O_RDONLY|O_CLOEXEC) = 3 <0.000047>
31038 1787052210.003975 mmap(NULL, 8192, PROT_READ|PROT_WRITE, MAP_PRIVATE|MAP_ANONYMOUS, -1, 0) = 0x7770a32d3000 <0.000048>
31038 1787052210.004104 mmap(NULL, 16400, PROT_READ, MAP_PRIVATE|MAP_DENYWRITE, 3, 0) = 0x7770a32ce000 <0.000048>
31038 1787052210.004220 mmap(0x7770a32cf000, 4096, PROT_READ|PROT_EXEC, MAP_PRIVATE|MAP_FIXED|MAP_DENYWRITE, 3, 0x1000) = 0x7770a32cf000 <0.000055>
31038 1787052210.004342 mmap(0x7770a32d0000, 4096, PROT_READ, MAP_PRIVATE|MAP_FIXED|MAP_DENYWRITE, 3, 0x2000) = 0x7770a32d0000 <0.000053>
31038 1787052210.004462 mmap(0x7770a32d1000, 8192, PROT_READ|PROT_WRITE, MAP_PRIVATE|MAP_FIXED|MAP_DENYWRITE, 3, 0x2000) = 0x7770a32d1000 <0.000051>
31038 1787052210.004604 close(3)        = 0 <0.000044>
31038 1787052210.004717 openat(AT_FDCWD, "/lib/x86_64-linux-gnu/libstdc++.so.6", O_RDONLY|O_CLOEXEC) = 3 <0.000049>
31038 1787052210.005042 mmap(NULL, 2609472, PROT_READ, MAP_PRIVATE|MAP_DENYWRITE, 3, 0) = 0x7770a2800000 <0.000055>
31038 1787052210.005167 mmap(0x7770a289d000, 1343488, PROT_READ|PROT_EXEC, MAP_PRIVATE|MAP_FIXED|MAP_DENYWRITE, 3, 0x9d000) = 0x7770a289d000 <0.000056>
31038 1787052210.005290 mmap(0x7770a29e5000, 552960, PROT_READ, MAP_PRIVATE|MAP_FIXED|MAP_DENYWRITE, 3, 0x1e5000) = 0x7770a29e5000 <0.000052>
31038 1787052210.005410 mmap(0x7770a2a6c000, 57344, PROT_READ|PROT_WRITE, MAP_PRIVATE|MAP_FIXED|MAP_DENYWRITE, 3, 0x26b000) = 0x7770a2a6c000 <0.000055>
31038 1787052210.005545 mmap(0x7770a2a7a000, 12608, PROT_READ|PROT_WRITE, MAP_PRIVATE|MAP_FIXED|MAP_ANONYMOUS, -1, 0) = 0x7770a2a7a000 <0.000052>
31038 1787052210.005691 close(3)        = 0 <0.000042>
31038 1787052210.005812 openat(AT_FDCWD, "/lib/x86_64-linux-gnu/libm.so.6", O_RDONLY|O_CLOEXEC) = 3 <0.000047>
31038 1787052210.006126 mmap(NULL, 950296, PROT_READ, MAP_PRIVATE|MAP_DENYWRITE, 3, 0) = 0x7770a2f17000 <0.000051>
31038 1787052210.006247 mmap(0x7770a2f27000, 520192, PROT_READ|PROT_EXEC, MAP_PRIVATE|MAP_FIXED|MAP_DENYWRITE, 3, 0x10000) = 0x7770a2f27000 <0.000057>
31038 1787052210.006372 mmap(0x7770a2fa6000, 360448, PROT_READ, MAP_PRIVATE|MAP_FIXED|MAP_DENYWRITE, 3, 0x8f000) = 0x7770a2fa6000 <0.000054>
31038 1787052210.006494 mmap(0x7770a2ffe000, 8192, PROT_READ|PROT_WRITE, MAP_PRIVATE|MAP_FIXED|MAP_DENYWRITE, 3, 0xe7000) = 0x7770a2ffe000 <0.000052>
31038 1787052210.006641 close(3)        = 0 <0.000043>
31038 1787052210.006756 openat(AT_FDCWD, "/lib/x86_64-linux-gnu/libgcc_s.so.1", O_RDONLY|O_CLOEXEC) = 3 <0.000047>
31038 1787052210.007073 mmap(NULL, 185256, PROT_READ, MAP_PRIVATE|MAP_DENYWRITE, 3, 0) = 0x7770a2ee9000 <0.000047>
31038 1787052210.007188 mmap(0x7770a2eed000, 147456, PROT_READ|PROT_EXEC, MAP_PRIVATE|MAP_FIXED|MAP_DENYWRITE, 3, 0x4000) = 0x7770a2eed000 <0.000055>
31038 1787052210.007310 mmap(0x7770a2f11000, 16384, PROT_READ, MAP_PRIVATE|MAP_FIXED|MAP_DENYWRITE, 3, 0x28000) = 0x7770a2f11000 <0.000067>
31038 1787052210.007445 mmap(0x7770a2f15000, 8192, PROT_READ|PROT_WRITE, MAP_PRIVATE|MAP_FIXED|MAP_DENYWRITE, 3, 0x2b000) = 0x7770a2f15000 <0.000051>
31038 1787052210.007591 close(3)        = 0 <0.000043>
31038 1787052210.007742 mmap(NULL, 8192, PROT_READ|PROT_WRITE, MAP_PRIVATE|MAP_ANONYMOUS, -1, 0) = 0x7770a32cc000 <0.000055>
31038 1787052210.007931 mmap(NULL, 24576, PROT_READ|PROT_WRITE, MAP_PRIVATE|MAP_ANONYMOUS, -1, 0) = 0x7770a32c6000 <0.000048>
31038 1787052210.009931 mmap(NULL, 8192, PROT_READ|PROT_WRITE, MAP_PRIVATE|MAP_ANONYMOUS, -1, 0) = 0x7770a32c4000 <0.000063>
31038 1787052210.011277 munmap(0x7770a32df000, 28071) = 0 <0.000071>
31038 1787052210.012777 openat(AT_FDCWD, "/tmp/rep1/pbcap/timeline.ndjson", O_WRONLY|O_CREAT|O_APPEND|O_CLOEXEC, 0644) = 3 <0.000057>
31038 1787052210.013673 openat(AT_FDCWD, "/etc/ld.so.cache", O_RDONLY|O_CLOEXEC) = 4 <0.000049>
31038 1787052210.013908 mmap(NULL, 28071, PROT_READ, MAP_PRIVATE, 4, 0) = 0x7770a32df000 <0.000050>
31038 1787052210.014030 close(4)        = 0 <0.000043>
31038 1787052210.014150 openat(AT_FDCWD, "/lib/x86_64-linux-gnu/libcuda.so.1", O_RDONLY|O_CLOEXEC) = 4 <0.000052>
31038 1787052210.014457 mmap(NULL, 113059432, PROT_READ, MAP_PRIVATE|MAP_DENYWRITE, 4, 0) = 0x77709bc00000 <0.000050>
31038 1787052210.014677 mmap(0x77709bda8000, 19374080, PROT_READ|PROT_EXEC, MAP_PRIVATE|MAP_FIXED|MAP_DENYWRITE, 4, 0x1a8000) = 0x77709bda8000 <0.000056>
31038 1787052210.014802 mmap(0x77709d022000, 89944064, PROT_READ, MAP_PRIVATE|MAP_FIXED|MAP_DENYWRITE, 4, 0x1422000) = 0x77709d022000 <0.000060>
31038 1787052210.014941 mmap(0x7770a25ea000, 1576960, PROT_READ|PROT_WRITE, MAP_PRIVATE|MAP_FIXED|MAP_DENYWRITE, 4, 0x69e9000) = 0x7770a25ea000 <0.000051>
31038 1787052210.015075 mmap(0x7770a276b000, 423528, PROT_READ|PROT_WRITE, MAP_PRIVATE|MAP_FIXED|MAP_ANONYMOUS, -1, 0) = 0x7770a276b000 <0.000049>
31038 1787052210.015221 close(4)        = 0 <0.000043>
31038 1787052210.018808 munmap(0x7770a32df000, 28071) = 0 <0.000086>
31038 1787052210.019541 openat(AT_FDCWD, "/sys/devices/system/cpu/online", O_RDONLY|O_CLOEXEC) = 4 <0.000087>
31038 1787052210.019835 close(4)        = 0 <0.000066>
31038 1787052210.020017 openat(AT_FDCWD, "/sys/devices/system/cpu/online", O_RDONLY|O_CLOEXEC) = 4 <0.000058>
31038 1787052210.020265 close(4)        = 0 <0.000052>
31038 1787052210.020391 mmap(NULL, 135168, PROT_READ|PROT_WRITE, MAP_PRIVATE|MAP_ANONYMOUS, -1, 0) = 0x7770a2ec8000 <0.000058>
31038 1787052210.020634 munmap(0x7770a2ec8000, 135168) = 0 <0.000064>
31038 1787052210.020775 openat(AT_FDCWD, "/proc/sys/vm/mmap_min_addr", O_RDONLY) = 4 <0.000059>
31038 1787052210.021147 close(4)        = 0 <0.000050>
31038 1787052210.021272 openat(AT_FDCWD, "/proc/cpuinfo", O_RDONLY) = 4 <0.000054>
31038 1787052210.021843 close(4)        = 0 <0.000055>
31038 1787052210.021975 openat(AT_FDCWD, "/proc/self/maps", O_RDONLY) = 4 <0.000077>
31038 1787052210.023324 close(4)        = 0 <0.000053>
31038 1787052210.023473 openat(AT_FDCWD, "/sys/devices/system/cpu/online", O_RDONLY|O_CLOEXEC) = 4 <0.000056>
31038 1787052210.023709 close(4)        = 0 <0.000049>
31038 1787052210.024476 mmap(NULL, 8392704, PROT_NONE, MAP_PRIVATE|MAP_ANONYMOUS|MAP_STACK, -1, 0) = 0x77709b3ff000 <0.000048>
31039 1787052210.025931 mmap(NULL, 134217728, PROT_NONE, MAP_PRIVATE|MAP_ANONYMOUS, -1, 0 <unfinished ...>
31038 1787052210.026026 openat(AT_FDCWD, "/proc/self/task/31039/comm", O_WRONLY|O_CREAT|O_TRUNC, 0666 <unfinished ...>
31039 1787052210.026064 <... mmap resumed>) = 0x777093200000 <0.000111>
31038 1787052210.026138 <... openat resumed>) = 9 <0.000086>
31039 1787052210.026164 munmap(0x777093200000, 14680064) = 0 <0.000082>
31039 1787052210.026352 munmap(0x777098000000, 52428800 <unfinished ...>
31038 1787052210.026381 close(9 <unfinished ...>
31039 1787052210.026427 <... munmap resumed>) = 0 <0.000058>
31038 1787052210.026453 <... close resumed>) = 0 <0.000057>
31038 1787052210.026682 openat(AT_FDCWD, "/dev/shm/cuda_injection_path_shm", O_RDWR|O_NOFOLLOW|O_CLOEXEC) = -1 ENOENT (No such file or directory) <0.000068>
31038 1787052210.026941 openat(AT_FDCWD, "/root/.nv/nvidia-application-profile-globals-rc", O_RDONLY) = -1 ENOENT (No such file or directory) <0.000060>
31038 1787052210.027097 openat(AT_FDCWD, "/root/.nv/nvidia-application-profiles-rc", O_RDONLY) = -1 ENOENT (No such file or directory) <0.000057>
31038 1787052210.027238 openat(AT_FDCWD, "/root/.nv/nvidia-application-profiles-rc.d", O_RDONLY) = -1 ENOENT (No such file or directory) <0.000056>
31038 1787052210.027403 openat(AT_FDCWD, "/etc/nvidia/nvidia-application-profiles-rc", O_RDONLY) = -1 ENOENT (No such file or directory) <0.000059>
31038 1787052210.027546 openat(AT_FDCWD, "/etc/nvidia/nvidia-application-profiles-rc.d/", O_RDONLY) = -1 ENOENT (No such file or directory) <0.000054>
31038 1787052210.027684 openat(AT_FDCWD, "/usr/share/nvidia/nvidia-application-profiles-610.43.02-rc", O_RDONLY) = 9 <0.000060>
31038 1787052210.037206 close(9)        = 0 <0.000067>
31038 1787052210.037359 openat(AT_FDCWD, "/usr/share/nvidia/nvidia-application-profiles-rc", O_RDONLY) = -1 ENOENT (No such file or directory) <0.000058>
31038 1787052210.037916 openat(AT_FDCWD, "/proc/self/cmdline", O_RDONLY) = 9 <0.000068>
31038 1787052210.038412 close(9)        = 0 <0.000054>
31038 1787052210.039317 close(9)        = 0 <0.000064>
31038 1787052210.041205 openat(AT_FDCWD, "/proc/driver/nvidia/params", O_RDONLY) = 9 <0.000078>
31038 1787052210.041631 close(9)        = 0 <0.000056>
31038 1787052210.042262 openat(AT_FDCWD, "/dev/nvidiactl", O_RDWR) = 9 <0.000064>
31038 1787052210.042522 openat(AT_FDCWD, "/sys/devices/system/memory/block_size_bytes", O_RDONLY) = 10 <0.000063>
31038 1787052210.042784 close(10)       = 0 <0.000057>
31038 1787052210.042932 ioctl(9, _IOC(_IOC_READ|_IOC_WRITE, 0x46, 0xd6, 0x8), 0x7fff76a49c30) = 0 <0.000059>
31038 1787052210.043093 ioctl(9, _IOC(_IOC_READ|_IOC_WRITE, 0x46, 0xc8, 0x900), 0x7770a27be520) = 0 <0.000057>
31038 1787052210.043368 ioctl(9, _IOC(_IOC_READ|_IOC_WRITE, 0x46, 0x2b, 0x30), 0x7fff76a49d80) = 0 <0.000157>
31038 1787052210.043619 ioctl(9, _IOC(_IOC_READ|_IOC_WRITE, 0x46, 0x2a, 0x20), 0x7fff76a48c90) = 0 <0.000074>
31038 1787052210.043774 ioctl(9, _IOC(_IOC_READ|_IOC_WRITE, 0x46, 0x29, 0x10), 0x7fff76a49d70) = 0 <0.000120>
31038 1787052210.043977 close(9)        = 0 <0.000063>
31038 1787052210.044236 openat(AT_FDCWD, "/proc/driver/nvidia/params", O_RDONLY) = 9 <0.000060>
31038 1787052210.044617 close(9)        = 0 <0.000055>
31038 1787052210.045234 openat(AT_FDCWD, "/dev/nvidiactl", O_RDWR) = 9 <0.000059>
31038 1787052210.045485 openat(AT_FDCWD, "/sys/devices/system/memory/block_size_bytes", O_RDONLY) = 10 <0.000061>
31038 1787052210.045739 close(10)       = 0 <0.000055>
31038 1787052210.045871 ioctl(9, _IOC(_IOC_READ|_IOC_WRITE, 0x46, 0xd6, 0x8), 0x7fff76a4a1f0) = 0 <0.000061>
31038 1787052210.046013 ioctl(9, _IOC(_IOC_READ|_IOC_WRITE, 0x46, 0xc8, 0x900), 0x7770a27be520) = 0 <0.000054>
31038 1787052210.046261 ioctl(9, _IOC(_IOC_READ|_IOC_WRITE, 0x46, 0x2b, 0x30), 0x7fff76a4a340) = 0 <0.000083>
31038 1787052210.046425 ioctl(9, _IOC(_IOC_READ|_IOC_WRITE, 0x46, 0x2a, 0x20), 0x7fff76a49210) = 0 <0.000074>
31038 1787052210.046578 ioctl(9, _IOC(_IOC_READ|_IOC_WRITE, 0x46, 0x2a, 0x20), 0x7fff76a49210) = 0 <0.000065>
31038 1787052210.046723 ioctl(9, _IOC(_IOC_READ|_IOC_WRITE, 0x46, 0x2b, 0x30), 0x7fff76a4a340) = 0 <0.000179>
31038 1787052210.046984 ioctl(9, _IOC(_IOC_READ|_IOC_WRITE, 0x46, 0x2a, 0x20), 0x7fff76a49220) = 0 <0.000074>
31038 1787052210.047143 openat(AT_FDCWD, "/sys/devices/system/cpu/online", O_RDONLY|O_CLOEXEC) = 10 <0.000060>
31038 1787052210.047419 close(10)       = 0 <0.000056>
31038 1787052210.047553 openat(AT_FDCWD, "/proc/self/status", O_RDONLY) = 10 <0.000067>
31038 1787052210.048096 close(10)       = 0 <0.000056>
31038 1787052210.048235 openat(AT_FDCWD, "/sys/devices/system/node", O_RDONLY|O_NONBLOCK|O_CLOEXEC|O_DIRECTORY) = 10 <0.000059>
31038 1787052210.048608 openat(AT_FDCWD, "/sys/devices/system/node/node0/cpumap", O_RDONLY) = 11 <0.000062>
31038 1787052210.049010 close(11)       = 0 <0.000054>
31038 1787052210.049251 close(10)       = 0 <0.000054>
31038 1787052210.049719 openat(AT_FDCWD, "/proc/devices", O_RDONLY) = 10 <0.000057>
31038 1787052210.050198 close(10)       = 0 <0.000055>
31038 1787052210.051270 openat(AT_FDCWD, "/dev/nvidia-uvm", O_RDWR|O_CLOEXEC) = 10 <0.000078>
31038 1787052210.051794 openat(AT_FDCWD, "/dev/nvidia-uvm", O_RDWR|O_CLOEXEC) = 11 <0.000056>
31038 1787052210.052297 ioctl(10, _IOC(_IOC_NONE, 0, 0x1, 0x3000), 0x7fff76a4a380) = 0 <0.000367>
31038 1787052210.052761 ioctl(11, _IOC(_IOC_NONE, 0, 0x4b, 0), 0x7fff76a4a380) = 0 <0.000132>
31038 1787052210.052977 ioctl(10, _IOC(_IOC_NONE, 0, 0x27, 0), 0x7fff76a4a380) = 0 <0.000114>
31038 1787052210.053176 ioctl(9, _IOC(_IOC_READ|_IOC_WRITE, 0x46, 0x2a, 0x20), 0x7fff76a473b0) = 0 <0.000075>
31038 1787052210.053342 ioctl(9, _IOC(_IOC_READ|_IOC_WRITE, 0x46, 0x2a, 0x20), 0x7fff76a46c60) = 0 <0.000068>
31038 1787052210.053498 ioctl(9, _IOC(_IOC_READ|_IOC_WRITE, 0x46, 0x2a, 0x20), 0x7fff76a47370) = 0 <0.000066>
31038 1787052210.053647 openat(AT_FDCWD, "/proc/driver/nvidia/params", O_RDONLY) = 12 <0.000061>
31038 1787052210.054052 close(12)       = 0 <0.000057>
31038 1787052210.054640 openat(AT_FDCWD, "/dev/nvidia0", O_RDWR|O_CLOEXEC) = 12 <0.000078>
31038 1787052210.054804 ioctl(9, _IOC(_IOC_READ|_IOC_WRITE, 0x46, 0x2a, 0x20), 0x7fff76a47530) = 0 <0.000099>
31038 1787052210.054984 ioctl(9, _IOC(_IOC_READ|_IOC_WRITE, 0x46, 0x2a, 0x20), 0x7fff76a46930) = 0 <0.000068>
31038 1787052210.055132 ioctl(9, _IOC(_IOC_READ|_IOC_WRITE, 0x46, 0x2a, 0x20), 0x7fff76a47520) = 0 <0.000070>
31038 1787052210.055284 ioctl(9, _IOC(_IOC_READ|_IOC_WRITE, 0x46, 0x29, 0x10), 0x7fff76a485c0) = 0 <0.000075>
31038 1787052210.055440 ioctl(9, _IOC(_IOC_READ|_IOC_WRITE, 0x46, 0x2a, 0x20), 0x7fff76a473b0) = 0 <0.000066>
31038 1787052210.055585 ioctl(9, _IOC(_IOC_READ|_IOC_WRITE, 0x46, 0x2a, 0x20), 0x7fff76a473b0) = 0 <0.000065>
31038 1787052210.055730 openat(AT_FDCWD, "/proc/driver/nvidia/params", O_RDONLY) = 13 <0.000061>
31038 1787052210.056131 close(13)       = 0 <0.000053>
31038 1787052210.056693 openat(AT_FDCWD, "/dev/nvidia0", O_RDWR|O_CLOEXEC) = 13 <0.000058>
31038 1787052210.056833 ioctl(13, _IOC(_IOC_READ|_IOC_WRITE, 0x46, 0xc9, 0x4), 0x7fff76a48530) = 0 <0.000060>
31038 1787052210.056974 ioctl(13, _IOC(_IOC_READ|_IOC_WRITE, 0x46, 0xd7, 0x230), 0x7fff76a482b0) = 0 <0.000077>
31038 1787052210.057128 ioctl(9, _IOC(_IOC_READ|_IOC_WRITE, 0x46, 0x2a, 0x20), 0x7fff76a473d0) = 0 <0.000062>
31038 1787052210.057266 ioctl(9, _IOC(_IOC_READ|_IOC_WRITE, 0x46, 0x2b, 0x30), 0x7fff76a48600) = 0 <0.000744>
31038 1787052210.058104 ioctl(9, _IOC(_IOC_READ|_IOC_WRITE, 0x46, 0x2a, 0x20), 0x7fff76a47530) = 0 <0.000075>
31038 1787052210.058257 ioctl(9, _IOC(_IOC_READ|_IOC_WRITE, 0x46, 0x2a, 0x20), 0x7fff76a47200) = 0 <0.000066>
31038 1787052210.058401 ioctl(9, _IOC(_IOC_READ|_IOC_WRITE, 0x46, 0x2a, 0x20), 0x7fff76a47530) = 0 <0.000057>
31038 1787052210.058537 ioctl(9, _IOC(_IOC_READ|_IOC_WRITE, 0x46, 0x2a, 0x20), 0x7fff76a474b0) = 0 <0.000063>
31038 1787052210.058675 ioctl(9, _IOC(_IOC_READ|_IOC_WRITE, 0x46, 0x2a, 0x20), 0x7fff76a473b0) = 0 <0.000060>
31038 1787052210.058811 ioctl(9, _IOC(_IOC_READ|_IOC_WRITE, 0x46, 0x2a, 0x20), 0x7fff76a473b0) = 0 <0.000080>
31038 1787052210.058974 openat(AT_FDCWD, "/proc/driver/nvidia/params", O_RDONLY) = 14 <0.000058>
31038 1787052210.059348 close(14)       = 0 <0.000054>
31038 1787052210.059923 openat(AT_FDCWD, "/dev/nvidia0", O_RDWR|O_CLOEXEC) = 14 <0.000061>
31038 1787052210.060070 ioctl(14, _IOC(_IOC_READ|_IOC_WRITE, 0x46, 0xc9, 0x4), 0x7fff76a48530) = 0 <0.000057>
31038 1787052210.060205 ioctl(9, _IOC(_IOC_READ|_IOC_WRITE, 0x46, 0x2b, 0x30), 0x7fff76a48640) = 0 <0.000418>
31038 1787052210.060712 ioctl(9, _IOC(_IOC_READ|_IOC_WRITE, 0x46, 0x2b, 0x30), 0x7fff76a48650) = 0 <0.000385>
31038 1787052210.061192 ioctl(9, _IOC(_IOC_READ|_IOC_WRITE, 0x46, 0x2a, 0x20), 0x7fff76a47130) = 0 <0.000089>
31038 1787052210.061360 ioctl(9, _IOC(_IOC_READ|_IOC_WRITE, 0x46, 0x2a, 0x20), 0x7fff76a470e0) = 0 <0.000067>
31038 1787052210.061505 ioctl(9, _IOC(_IOC_READ|_IOC_WRITE, 0x46, 0x2a, 0x20), 0x7fff76a47430) = 0 <0.000087>
31038 1787052210.061698 ioctl(9, _IOC(_IOC_READ|_IOC_WRITE, 0x46, 0x2a, 0x20), 0x7fff76a46660) = 0 <0.000063>
31038 1787052210.061845 ioctl(9, _IOC(_IOC_READ|_IOC_WRITE, 0x46, 0x2a, 0x20), 0x7fff76a45e50) = 0 <0.000328>
31038 1787052210.062266 ioctl(9, _IOC(_IOC_READ|_IOC_WRITE, 0x46, 0x2a, 0x20), 0x7fff76a46250) = 0 <0.000084>
31038 1787052210.062430 ioctl(9, _IOC(_IOC_READ|_IOC_WRITE, 0x46, 0x2a, 0x20), 0x7fff76a47320) = 0 <0.000059>
31038 1787052210.062567 ioctl(9, _IOC(_IOC_READ|_IOC_WRITE, 0x46, 0x2a, 0x20), 0x7fff76a47000) = 0 <0.000069>
31038 1787052210.062711 ioctl(9, _IOC(_IOC_READ|_IOC_WRITE, 0x46, 0x2a, 0x20), 0x7fff76a47000) = 0 <0.000057>
31038 1787052210.062845 ioctl(9, _IOC(_IOC_READ|_IOC_WRITE, 0x46, 0x2a, 0x20), 0x7fff76a47000) = 0 <0.000438>
31038 1787052210.063392 ioctl(9, _IOC(_IOC_READ|_IOC_WRITE, 0x46, 0x2a, 0x20), 0x7fff76a47000) = 0 <0.000060>
31038 1787052210.063535 ioctl(9, _IOC(_IOC_READ|_IOC_WRITE, 0x46, 0x2a, 0x20), 0x7fff76a47000) = 0 <0.000272>
31038 1787052210.063912 ioctl(9, _IOC(_IOC_READ|_IOC_WRITE, 0x46, 0x2a, 0x20), 0x7fff76a46ca0) = 0 <0.000313>
31038 1787052210.064324 ioctl(9, _IOC(_IOC_READ|_IOC_WRITE, 0x46, 0x2a, 0x20), 0x7fff76a46f20) = 0 <0.000331>
31038 1787052210.064745 ioctl(9, _IOC(_IOC_READ|_IOC_WRITE, 0x46, 0x2a, 0x20), 0x7fff76a471c0) = 0 <0.001119>
31038 1787052210.065978 ioctl(9, _IOC(_IOC_READ|_IOC_WRITE, 0x46, 0x2a, 0x20), 0x7fff76a47320) = 0 <0.000059>
31038 1787052210.066115 ioctl(9, _IOC(_IOC_READ|_IOC_WRITE, 0x46, 0x2a, 0x20), 0x7fff76a47320) = 0 <0.000058>
31038 1787052210.066255 ioctl(9, _IOC(_IOC_READ|_IOC_WRITE, 0x46, 0x2a, 0x20), 0x7fff76a470f0) = 0 <0.000502>
31038 1787052210.066850 ioctl(9, _IOC(_IOC_READ|_IOC_WRITE, 0x46, 0x2a, 0x20), 0x7fff76a472f0) = 0 <0.000108>
31038 1787052210.067052 openat(AT_FDCWD, "/dev/nvidia0", O_RDWR|O_CLOEXEC) = 15 <0.000060>
31038 1787052210.067193 ioctl(15, _IOC(_IOC_READ|_IOC_WRITE, 0x46, 0xc9, 0x4), 0x7fff76a483f0) = 0 <0.000055>
31038 1787052210.067327 ioctl(15, _IOC(_IOC_READ|_IOC_WRITE, 0x46, 0xce, 0x10), 0x7fff76a483e0) = 0 <0.000054>
31038 1787052210.067479 ioctl(9, _IOC(_IOC_READ|_IOC_WRITE, 0x46, 0x2a, 0x20), 0x7fff76a47000) = 0 <0.000066>
31038 1787052210.067621 ioctl(9, _IOC(_IOC_READ|_IOC_WRITE, 0x46, 0x2a, 0x20), 0x7fff76a47220) = 0 <0.000063>
31038 1787052210.067758 ioctl(9, _IOC(_IOC_READ|_IOC_WRITE, 0x46, 0x2a, 0x20), 0x7fff76a47220) = 0 <0.000061>
31038 1787052210.067911 ioctl(9, _IOC(_IOC_READ|_IOC_WRITE, 0x46, 0x2a, 0x20), 0x7fff76a47220) = 0 <0.000060>
31038 1787052210.068048 ioctl(9, _IOC(_IOC_READ|_IOC_WRITE, 0x46, 0x2a, 0x20), 0x7fff76a47220) = 0 <0.000060>
31038 1787052210.068181 ioctl(9, _IOC(_IOC_READ|_IOC_WRITE, 0x46, 0x2a, 0x20), 0x7fff76a47220) = 0 <0.000059>
31038 1787052210.068313 ioctl(9, _IOC(_IOC_READ|_IOC_WRITE, 0x46, 0x2a, 0x20), 0x7fff76a47220) = 0 <0.000061>
31038 1787052210.068449 ioctl(9, _IOC(_IOC_READ|_IOC_WRITE, 0x46, 0x2a, 0x20), 0x7fff76a47220) = 0 <0.000060>
31038 1787052210.068583 ioctl(9, _IOC(_IOC_READ|_IOC_WRITE, 0x46, 0x2a, 0x20), 0x7fff76a47220) = 0 <0.000060>
31038 1787052210.068717 ioctl(9, _IOC(_IOC_READ|_IOC_WRITE, 0x46, 0x2a, 0x20), 0x7fff76a47210) = 0 <0.000062>
31038 1787052210.068853 ioctl(9, _IOC(_IOC_READ|_IOC_WRITE, 0x46, 0x2a, 0x20), 0x7fff76a47190) = 0 <0.000915>
31038 1787052210.069849 ioctl(9, _IOC(_IOC_READ|_IOC_WRITE, 0x46, 0x2a, 0x20), 0x7fff76a47220) = 0 <0.000091>
31038 1787052210.070020 ioctl(9, _IOC(_IOC_READ|_IOC_WRITE, 0x46, 0x2a, 0x20), 0x7fff76a47120) = 0 <0.000060>
31038 1787052210.070154 ioctl(9, _IOC(_IOC_READ|_IOC_WRITE, 0x46, 0x2a, 0x20), 0x7fff76a46f90) = 0 <0.000064>
31038 1787052210.070314 ioctl(9, _IOC(_IOC_READ|_IOC_WRITE, 0x46, 0x2a, 0x20), 0x7fff76a43a30) = 0 <0.000076>
31038 1787052210.070469 ioctl(9, _IOC(_IOC_READ|_IOC_WRITE, 0x46, 0x2a, 0x20), 0x7fff76a456f0) = 0 <0.000304>
31038 1787052210.070884 ioctl(9, _IOC(_IOC_READ|_IOC_WRITE, 0x46, 0x2a, 0x20), 0x7fff76a47350) = 0 <0.000055>
31038 1787052210.071035 ioctl(9, _IOC(_IOC_READ|_IOC_WRITE, 0x46, 0x2a, 0x20), 0x7fff76a46f50) = 0 <0.000319>
31038 1787052210.071446 ioctl(9, _IOC(_IOC_READ|_IOC_WRITE, 0x46, 0x2b, 0x30), 0x7fff76a483c0) = 0 <0.000089>
31038 1787052210.071613 ioctl(9, _IOC(_IOC_READ|_IOC_WRITE, 0x46, 0x2a, 0x20), 0x7fff76a47190) = 0 <0.000063>
31038 1787052210.071752 openat(AT_FDCWD, "/dev/nvidia0", O_RDWR|O_CLOEXEC) = 16 <0.000056>
31038 1787052210.071915 ioctl(9, _IOC(_IOC_READ|_IOC_WRITE, 0x46, 0x4e, 0x38), 0x7fff76a48350) = 0 <0.000102>
31038 1787052210.072104 mmap(NULL, 65536, PROT_WRITE, MAP_SHARED, 16, 0) = 0x7770a2ed9000 <0.005905>
31038 1787052210.078126 close(16)       = 0 <0.000076>
31038 1787052210.078294 ioctl(9, _IOC(_IOC_READ|_IOC_WRITE, 0x46, 0x2b, 0x30), 0x7fff76a483c0) = 0 <0.000139>
31038 1787052210.078516 ioctl(9, _IOC(_IOC_READ|_IOC_WRITE, 0x46, 0x2a, 0x20), 0x7fff76a47190) = 0 <0.000066>
31038 1787052210.078665 openat(AT_FDCWD, "/dev/nvidia0", O_RDWR|O_CLOEXEC) = 16 <0.000076>
31038 1787052210.078841 ioctl(9, _IOC(_IOC_READ|_IOC_WRITE, 0x46, 0x4e, 0x38), 0x7fff76a48350) = 0 <0.000264>
31038 1787052210.079206 mmap(NULL, 65536, PROT_WRITE, MAP_SHARED, 16, 0) = 0x7770a2ec9000 <0.000153>
31038 1787052210.079444 ioctl(9, _IOC(_IOC_READ|_IOC_WRITE, 0x46, 0x5e, 0x28), 0x7fff76a48320) = 0 <0.000087>
31038 1787052210.079615 close(16)       = 0 <0.000055>
31038 1787052210.079752 ioctl(9, _IOC(_IOC_READ|_IOC_WRITE, 0x46, 0x2b, 0x30), 0x7fff76a483d0) = 0 <0.000367>
31038 1787052210.080219 ioctl(9, _IOC(_IOC_READ|_IOC_WRITE, 0x46, 0x2a, 0x20), 0x7fff76a47350) = 0 <0.000288>
31038 1787052210.080604 ioctl(9, _IOC(_IOC_READ|_IOC_WRITE, 0x46, 0x2b, 0x30), 0x7fff76a48450) = 0 <0.000131>
31038 1787052210.080819 ioctl(9, _IOC(_IOC_READ|_IOC_WRITE, 0x46, 0x2a, 0x20), 0x7fff76a471e0) = 0 <0.000081>
31038 1787052210.080986 openat(AT_FDCWD, "/dev/nvidiactl", O_RDWR|O_CLOEXEC) = 16 <0.000063>
31038 1787052210.081137 ioctl(9, _IOC(_IOC_READ|_IOC_WRITE, 0x46, 0x4e, 0x38), 0x7fff76a483a0) = 0 <0.000095>
31038 1787052210.081314 mmap(NULL, 4096, PROT_READ, MAP_SHARED, 16, 0) = 0x7770a32e5000 <0.000067>
31038 1787052210.081466 close(16)       = 0 <0.000056>
31038 1787052210.081602 ioctl(9, _IOC(_IOC_READ|_IOC_WRITE, 0x46, 0x2a, 0x20), 0x7fff76a47300) = 0 <0.000064>
31038 1787052210.081749 ioctl(9, _IOC(_IOC_READ|_IOC_WRITE, 0x46, 0x2b, 0x30), 0x7fff76a48410) = 0 <0.000474>
31038 1787052210.082324 ioctl(9, _IOC(_IOC_READ|_IOC_WRITE, 0x46, 0x2b, 0x30), 0x7fff76a48410) = 0 <0.001764>
31038 1787052210.084191 ioctl(9, _IOC(_IOC_READ|_IOC_WRITE, 0x46, 0x2a, 0x20), 0x7fff76a47320) = 0 <0.000074>
31038 1787052210.084348 ioctl(9, _IOC(_IOC_READ|_IOC_WRITE, 0x46, 0x2a, 0x20), 0x7fff76a472c0) = 0 <0.000063>
31038 1787052210.084494 ioctl(9, _IOC(_IOC_READ|_IOC_WRITE, 0x46, 0x2a, 0x20), 0x7fff76a47280) = 0 <0.000084>
31038 1787052210.084670 ioctl(9, _IOC(_IOC_READ|_IOC_WRITE, 0x46, 0x2a, 0x20), 0x7fff76a47380) = 0 <0.000067>
31038 1787052210.084820 ioctl(9, _IOC(_IOC_READ|_IOC_WRITE, 0x46, 0x2a, 0x20), 0x7fff76a47240) = 0 <0.000321>
31038 1787052210.085249 openat(AT_FDCWD, "/sys/bus/pci/devices/0000:06:00.0/numa_node", O_RDONLY) = 16 <0.000095>
31038 1787052210.085672 close(16)       = 0 <0.000060>
31038 1787052210.085818 mmap(NULL, 8657043456, PROT_NONE, MAP_PRIVATE|MAP_ANONYMOUS, -1, 0) = 0x776e90000000 <0.000078>
31038 1787052210.085982 ioctl(9, _IOC(_IOC_READ|_IOC_WRITE, 0x46, 0x2a, 0x20), 0x7fff76a48780) = 0 <0.000086>
31038 1787052210.086153 ioctl(9, _IOC(_IOC_READ|_IOC_WRITE, 0x46, 0x2a, 0x20), 0x7fff76a48780) = 0 <0.000073>
31038 1787052210.086310 mmap(NULL, 2699264, PROT_READ|PROT_WRITE, MAP_PRIVATE|MAP_ANONYMOUS, -1, 0) = 0x77709b16c000 <0.000062>
31038 1787052210.086471 ioctl(9, _IOC(_IOC_READ|_IOC_WRITE, 0x46, 0x2a, 0x20), 0x7fff76a47750) = 0 <0.000081>
31038 1787052210.086633 ioctl(9, _IOC(_IOC_READ|_IOC_WRITE, 0x46, 0x2a, 0x20), 0x7fff76a47750) = 0 <0.000069>
31038 1787052210.086796 ioctl(9, _IOC(_IOC_READ|_IOC_WRITE, 0x46, 0x2a, 0x20), 0x7fff76a48060) = 0 <0.000272>
31038 1787052210.087171 ioctl(9, _IOC(_IOC_READ|_IOC_WRITE, 0x46, 0x2a, 0x20), 0x7fff76a44a20) = 0 <0.000097>
31038 1787052210.087446 mmap(NULL, 1052672, PROT_READ|PROT_WRITE, MAP_PRIVATE|MAP_ANONYMOUS, -1, 0) = 0x7770a2aff000 <0.000062>
31038 1787052210.088224 ioctl(10, _IOC(_IOC_NONE, 0, 0x25, 0), 0x7fff76a49f30) = 0 <0.107789>
31038 1787052210.196144 ioctl(10, _IOC(_IOC_NONE, 0, 0x46, 0), 0x7fff76a49fa0) = 0 <0.000094>
31038 1787052210.196333 ioctl(9, _IOC(_IOC_READ|_IOC_WRITE, 0x46, 0x2b, 0x30), 0x7fff76a4a140) = 0 <0.000121>
31038 1787052210.196669 mmap(0x200000000, 4297064448, PROT_NONE, MAP_PRIVATE|MAP_ANONYMOUS, -1, 0) = 0x200000000 <0.000064>
31038 1787052210.196830 ioctl(9, _IOC(_IOC_READ|_IOC_WRITE, 0x46, 0x2b, 0x30), 0x7fff76a4a390) = 0 <0.000137>
31038 1787052210.197045 ioctl(9, _IOC(_IOC_READ|_IOC_WRITE, 0x46, 0x2a, 0x20), 0x7fff76a49270) = 0 <0.000062>
31038 1787052210.197194 mmap(NULL, 19009536, PROT_NONE, MAP_PRIVATE|MAP_ANONYMOUS, -1, 0) = 0x777099f4b000 <0.000053>
31038 1787052210.198290 openat(AT_FDCWD, "/sys/devices/system/cpu/online", O_RDONLY|O_CLOEXEC) = 17 <0.000067>
31038 1787052210.198553 close(17)       = 0 <0.000057>
31038 1787052210.198685 openat(AT_FDCWD, "/sys/devices/system/cpu/online", O_RDONLY|O_CLOEXEC) = 17 <0.000054>
31038 1787052210.198921 close(17)       = 0 <0.000049>
31038 1787052210.199156 openat(AT_FDCWD, "/proc/sys/vm/mmap_min_addr", O_RDONLY) = 17 <0.000054>
31038 1787052210.199512 close(17)       = 0 <0.000051>
31038 1787052210.199636 openat(AT_FDCWD, "/proc/cpuinfo", O_RDONLY) = 17 <0.000053>
31038 1787052210.200129 close(17)       = 0 <0.000048>
31038 1787052210.200250 openat(AT_FDCWD, "/proc/self/maps", O_RDONLY) = 17 <0.000057>
31038 1787052210.201470 close(17)       = 0 <0.000051>
31038 1787052210.201733 openat(AT_FDCWD, "/etc/ld.so.cache", O_RDONLY|O_CLOEXEC) = 17 <0.000053>
31038 1787052210.201960 mmap(NULL, 28071, PROT_READ, MAP_PRIVATE, 17, 0) = 0x7770a2ec2000 <0.000060>
31038 1787052210.202097 close(17)       = 0 <0.000048>
31038 1787052210.202222 openat(AT_FDCWD, "/lib/x86_64-linux-gnu/libnvidia-ptxjitcompiler.so.1", O_RDONLY|O_CLOEXEC) = 17 <0.000054>
31038 1787052210.202549 mmap(NULL, 36835160, PROT_READ, MAP_PRIVATE|MAP_DENYWRITE, 17, 0) = 0x776e8dc00000 <0.000054>
31038 1787052210.202667 mmap(0x776e8de1f000, 24461312, PROT_READ|PROT_EXEC, MAP_PRIVATE|MAP_FIXED|MAP_DENYWRITE, 17, 0x21f000) = 0x776e8de1f000 <0.000067>
31038 1787052210.202809 mmap(0x776e8f573000, 8335360, PROT_READ, MAP_PRIVATE|MAP_FIXED|MAP_DENYWRITE, 17, 0x1973000) = 0x776e8f573000 <0.000054>
31038 1787052210.202924 mmap(0x776e8fd66000, 1814528, PROT_READ|PROT_WRITE, MAP_PRIVATE|MAP_FIXED|MAP_DENYWRITE, 17, 0x2165000) = 0x776e8fd66000 <0.000055>
31038 1787052210.203090 close(17)       = 0 <0.000040>
31038 1787052210.205639 munmap(0x7770a2ec2000, 28071) = 0 <0.000065>
31038 1787052210.205830 openat(AT_FDCWD, "/etc/ld.so.cache", O_RDONLY|O_CLOEXEC) = 17 <0.000060>
31038 1787052210.206072 mmap(NULL, 28071, PROT_READ, MAP_PRIVATE, 17, 0) = 0x7770a2ec2000 <0.000055>
31038 1787052210.206200 close(17)       = 0 <0.000049>
31038 1787052210.206327 openat(AT_FDCWD, "/lib/x86_64-linux-gnu/libnvidia-nvvm70.so.4", O_RDONLY|O_CLOEXEC) = 17 <0.000053>
31038 1787052210.206654 mmap(NULL, 29318880, PROT_NONE, MAP_PRIVATE|MAP_ANONYMOUS|MAP_DENYWRITE, -1, 0) = 0x777098355000 <0.000051>
31038 1787052210.206773 mmap(0x777098400000, 27221728, PROT_READ|PROT_EXEC, MAP_PRIVATE|MAP_FIXED|MAP_DENYWRITE, 17, 0) = 0x777098400000 <0.000058>
31038 1787052210.206918 munmap(0x777098355000, 700416) = 0 <0.000051>
31038 1787052210.207044 munmap(0x777099df6000, 1396448) = 0 <0.000051>
31038 1787052210.207259 mmap(0x777099a32000, 3653632, PROT_READ|PROT_WRITE, MAP_PRIVATE|MAP_FIXED|MAP_DENYWRITE, 17, 0x1432000) = 0x777099a32000 <0.000056>
31038 1787052210.207414 mmap(0x777099dae000, 294624, PROT_READ|PROT_WRITE, MAP_PRIVATE|MAP_FIXED|MAP_ANONYMOUS, -1, 0) = 0x777099dae000 <0.000053>
31038 1787052210.207558 close(17)       = 0 <0.000041>
31038 1787052210.210274 munmap(0x7770a2ec2000, 28071) = 0 <0.000079>
31038 1787052210.210437 openat(AT_FDCWD, "/etc/ld.so.cache", O_RDONLY|O_CLOEXEC) = 17 <0.000058>
31038 1787052210.210675 mmap(NULL, 28071, PROT_READ, MAP_PRIVATE, 17, 0) = 0x7770a2ec2000 <0.000057>
31038 1787052210.210805 close(17)       = 0 <0.000048>
31038 1787052210.210949 openat(AT_FDCWD, "/lib/x86_64-linux-gnu/libnvidia-gpucomp.so.610.43.02", O_RDONLY|O_CLOEXEC) = 17 <0.000057>
31038 1787052210.211291 mmap(NULL, 111671840, PROT_READ, MAP_PRIVATE|MAP_DENYWRITE, 17, 0) = 0x776e87000000 <0.000088>
31038 1787052210.211455 mmap(0x776e8735b000, 72994816, PROT_READ|PROT_EXEC, MAP_PRIVATE|MAP_FIXED|MAP_DENYWRITE, 17, 0x35b000) = 0x776e8735b000 <0.000060>
31038 1787052210.211587 mmap(0x776e8b8f8000, 30343168, PROT_READ, MAP_PRIVATE|MAP_FIXED|MAP_DENYWRITE, 17, 0x48f8000) = 0x776e8b8f8000 <0.000054>
31038 1787052210.211714 mmap(0x776e8d5e8000, 4050944, PROT_READ|PROT_WRITE, MAP_PRIVATE|MAP_FIXED|MAP_DENYWRITE, 17, 0x65e7000) = 0x776e8d5e8000 <0.000055>
31038 1787052210.211852 mmap(0x776e8d9c5000, 764448, PROT_READ|PROT_WRITE, MAP_PRIVATE|MAP_FIXED|MAP_ANONYMOUS, -1, 0) = 0x776e8d9c5000 <0.000069>
31038 1787052210.212020 close(17)       = 0 <0.000050>
31038 1787052210.219314 munmap(0x7770a2ec2000, 28071) = 0 <0.000097>
31038 1787052210.219570 ioctl(9, _IOC(_IOC_READ|_IOC_WRITE, 0x46, 0x2a, 0x20), 0x7fff76a49610) = 0 <0.000092>
31038 1787052210.220271 ioctl(9, _IOC(_IOC_READ|_IOC_WRITE, 0x46, 0x2a, 0x20), 0x7fff76a49090) = 0 <0.000055>
31038 1787052210.220411 ioctl(9, _IOC(_IOC_READ|_IOC_WRITE, 0x46, 0x2a, 0x20), 0x7fff76a49080) = 0 <0.006300>
31038 1787052210.227019 mmap(NULL, 8392704, PROT_NONE, MAP_PRIVATE|MAP_ANONYMOUS|MAP_STACK, -1, 0) = 0x776e867ff000 <0.000056>
31038 1787052210.227714 ioctl(9, _IOC(_IOC_READ|_IOC_WRITE, 0x46, 0x2a, 0x20), 0x7fff76a490d0) = 0 <0.000070>
31038 1787052210.227875 ioctl(10, _IOC(_IOC_NONE, 0, 0x19, 0) <unfinished ...>
31043 1787052210.228252 mmap(NULL, 134217728, PROT_NONE, MAP_PRIVATE|MAP_ANONYMOUS, -1, 0) = 0x776e7e600000 <0.000089>
31043 1787052210.228420 munmap(0x776e7e600000, 27262976) = 0 <0.000074>
31043 1787052210.228571 munmap(0x776e84000000, 39845888 <unfinished ...>
31038 1787052210.228600 <... ioctl resumed>, 0x7fff76a4a1b0) = 0 <0.000687>
31043 1787052210.228631 <... munmap resumed>) = 0 <0.000043>
31038 1787052210.228661 mmap(NULL, 19009536, PROT_NONE, MAP_PRIVATE|MAP_ANONYMOUS, -1, 0) = 0x776e855de000 <0.000058>
31038 1787052210.228971 ioctl(9, _IOC(_IOC_READ|_IOC_WRITE, 0x46, 0x2b, 0x30), 0x7fff76a492e0) = 0 <0.000132>
31038 1787052210.229194 ioctl(10, _IOC(_IOC_NONE, 0, 0x49, 0), 0x7fff76a48f80) = 0 <0.000084>
31038 1787052210.229355 ioctl(10, _IOC(_IOC_NONE, 0, 0x21, 0), 0x7fff76a46b70) = 0 <0.000250>
31038 1787052210.229705 mmap(0x10000000000, 536870912, PROT_NONE, MAP_PRIVATE|MAP_ANONYMOUS, -1, 0) = 0x10000000000 <0.000051>
31038 1787052210.229850 ioctl(9, _IOC(_IOC_READ|_IOC_WRITE, 0x46, 0x2b, 0x30), 0x7fff76a49340) = 0 <0.000107>
31038 1787052210.230036 ioctl(10, _IOC(_IOC_NONE, 0, 0x49, 0), 0x7fff76a48fe0) = 0 <0.000074>
31038 1787052210.230183 ioctl(10, _IOC(_IOC_NONE, 0, 0x21, 0), 0x7fff76a46bd0) = 0 <0.000149>
31038 1787052210.230411 ioctl(9, _IOC(_IOC_READ|_IOC_WRITE, 0x46, 0x2b, 0x30), 0x7fff76a49340) = 0 <0.000088>
31038 1787052210.230579 ioctl(10, _IOC(_IOC_NONE, 0, 0x49, 0), 0x7fff76a48fe0) = 0 <0.000075>
31038 1787052210.230727 ioctl(10, _IOC(_IOC_NONE, 0, 0x21, 0), 0x7fff76a46bd0) = 0 <0.000101>
31038 1787052210.230916 mmap(NULL, 266240, PROT_READ|PROT_WRITE, MAP_PRIVATE|MAP_ANONYMOUS, -1, 0) = 0x7770a2e88000 <0.000052>
31038 1787052210.231053 mmap(NULL, 528384, PROT_READ|PROT_WRITE, MAP_PRIVATE|MAP_ANONYMOUS, -1, 0) = 0x7770a2a7e000 <0.000051>
31038 1787052210.231181 mmap(NULL, 528384, PROT_READ|PROT_WRITE, MAP_PRIVATE|MAP_ANONYMOUS, -1, 0) = 0x777099eca000 <0.000052>
31038 1787052210.231311 mmap(NULL, 528384, PROT_READ|PROT_WRITE, MAP_PRIVATE|MAP_ANONYMOUS, -1, 0) = 0x777099e49000 <0.000054>
31038 1787052210.231451 ioctl(9, _IOC(_IOC_READ|_IOC_WRITE, 0x46, 0x2b, 0x30), 0x7fff76a49390) = 0 <0.000089>
31038 1787052210.231621 ioctl(10, _IOC(_IOC_NONE, 0, 0x49, 0), 0x7fff76a49030) = 0 <0.000075>
31038 1787052210.231773 ioctl(10, _IOC(_IOC_NONE, 0, 0x21, 0), 0x7fff76a46c20) = 0 <0.000120>
31038 1787052210.231979 mmap(NULL, 139264, PROT_READ|PROT_WRITE, MAP_PRIVATE|MAP_ANONYMOUS, -1, 0) = 0x7770a2e66000 <0.000051>
31038 1787052210.232120 ioctl(9, _IOC(_IOC_READ|_IOC_WRITE, 0x46, 0x2b, 0x30), 0x7fff76a49f80) = 0 <0.001113>
31038 1787052210.233328 ioctl(9, _IOC(_IOC_READ|_IOC_WRITE, 0x46, 0x2b, 0x30), 0x7fff76a49f70) = 0 <0.000420>
31038 1787052210.233839 mmap(NULL, 311296, PROT_READ|PROT_WRITE, MAP_PRIVATE|MAP_ANONYMOUS, -1, 0) = 0x7770a2e1a000 <0.000066>
31038 1787052210.234061 ioctl(9, _IOC(_IOC_READ|_IOC_WRITE, 0x46, 0x2b, 0x30), 0x7fff76a48ae0) = 0 <0.000113>
31038 1787052210.234250 ioctl(9, _IOC(_IOC_READ|_IOC_WRITE, 0x46, 0x2a, 0x20), 0x7fff76a479f0) = 0 <0.000058>
31038 1787052210.234388 openat(AT_FDCWD, "/dev/nvidia0", O_RDWR|O_CLOEXEC) = 18 <0.000068>
31038 1787052210.234536 ioctl(9, _IOC(_IOC_READ|_IOC_WRITE, 0x46, 0x4e, 0x38), 0x7fff76a48bb0) = 0 <0.000070>
31038 1787052210.234681 mmap(0x200400000, 2097152, PROT_READ|PROT_WRITE, MAP_SHARED|MAP_FIXED, 18, 0) = 0x200400000 <0.000211>
31038 1787052210.234979 ioctl(9, _IOC(_IOC_READ|_IOC_WRITE, 0x46, 0x5e, 0x28), 0x7fff76a48b80) = 0 <0.000063>
31038 1787052210.235122 close(18)       = 0 <0.000050>
31038 1787052210.235256 ioctl(10, _IOC(_IOC_NONE, 0, 0x49, 0), 0x7fff76a48780) = 0 <0.000100>
31038 1787052210.235434 ioctl(10, _IOC(_IOC_NONE, 0, 0x21, 0), 0x7fff76a46370) = 0 <0.000116>
31038 1787052210.235638 ioctl(9, _IOC(_IOC_READ|_IOC_WRITE, 0x46, 0x2b, 0x30), 0x7fff76a488d0) = 0 <0.016605>
31038 1787052210.252357 ioctl(9, _IOC(_IOC_READ|_IOC_WRITE, 0x46, 0x2a, 0x20), 0x7fff76a477e0) = 0 <0.000085>
31038 1787052210.252525 openat(AT_FDCWD, "/dev/nvidiactl", O_RDWR|O_CLOEXEC) = 18 <0.000067>
31038 1787052210.252676 ioctl(9, _IOC(_IOC_READ|_IOC_WRITE, 0x46, 0x4e, 0x38), 0x7fff76a489a0) = 0 <0.000088>
31038 1787052210.252845 mmap(0x200600000, 58720256, PROT_READ|PROT_WRITE, MAP_SHARED|MAP_FIXED, 18, 0) = 0x200600000 <0.002060>
31038 1787052210.255001 close(18)       = 0 <0.000051>
31038 1787052210.255161 ioctl(10, _IOC(_IOC_NONE, 0, 0x49, 0), 0x7fff76a48570) = 0 <0.000095>
31038 1787052210.255351 ioctl(10, _IOC(_IOC_NONE, 0, 0x21, 0), 0x7fff76a46160) = 0 <0.001140>
31038 1787052210.256614 ioctl(9, _IOC(_IOC_READ|_IOC_WRITE, 0x46, 0x2b, 0x30), 0x7fff76a48c90) = 0 <0.000123>
31038 1787052210.256813 ioctl(9, _IOC(_IOC_READ|_IOC_WRITE, 0x46, 0x2a, 0x20), 0x7fff76a47ba0) = 0 <0.000079>
31038 1787052210.256968 openat(AT_FDCWD, "/dev/nvidiactl", O_RDWR|O_CLOEXEC) = 18 <0.000061>
31038 1787052210.257109 ioctl(9, _IOC(_IOC_READ|_IOC_WRITE, 0x46, 0x4e, 0x38), 0x7fff76a48d60) = 0 <0.000067>
31038 1787052210.257251 mmap(0x776e855de000, 4096, PROT_READ|PROT_WRITE, MAP_SHARED|MAP_FIXED, 18, 0) = 0x776e855de000 <0.000070>
31038 1787052210.257396 close(18)       = 0 <0.000048>
31038 1787052210.257528 ioctl(9, _IOC(_IOC_READ|_IOC_WRITE, 0x46, 0x2b, 0x30), 0x7fff76a497b0) = 0 <0.001079>
31038 1787052210.258696 ioctl(9, _IOC(_IOC_READ|_IOC_WRITE, 0x46, 0x2a, 0x20), 0x7fff76a48840) = 0 <0.000075>
31038 1787052210.258848 ioctl(9, _IOC(_IOC_READ|_IOC_WRITE, 0x46, 0x2b, 0x30), 0x7fff76a498e0) = 0 <0.000968>
31038 1787052210.259918 ioctl(9, _IOC(_IOC_READ|_IOC_WRITE, 0x46, 0x2a, 0x20), 0x7fff76a48800) = 0 <0.000075>
31038 1787052210.260071 ioctl(9, _IOC(_IOC_READ|_IOC_WRITE, 0x46, 0x2b, 0x30), 0x7fff76a498e0) = 0 <0.000456>
31038 1787052210.260601 ioctl(9, _IOC(_IOC_READ|_IOC_WRITE, 0x46, 0x2a, 0x20), 0x7fff76a48800) = 0 <0.000071>
31038 1787052210.260748 ioctl(9, _IOC(_IOC_READ|_IOC_WRITE, 0x46, 0x2a, 0x20), 0x7fff76a48850) = 0 <0.000077>
31038 1787052210.260914 ioctl(9, _IOC(_IOC_READ|_IOC_WRITE, 0x46, 0x2a, 0x20), 0x7fff76a48850) = 0 <0.000070>
31038 1787052210.261073 ioctl(9, _IOC(_IOC_READ|_IOC_WRITE, 0x46, 0x2b, 0x30), 0x7fff76a48f10) = 0 <0.000231>
31038 1787052210.261381 ioctl(9, _IOC(_IOC_READ|_IOC_WRITE, 0x46, 0x2a, 0x20), 0x7fff76a47e20) = 0 <0.000055>
31038 1787052210.261512 openat(AT_FDCWD, "/dev/nvidiactl", O_RDWR|O_CLOEXEC) = 18 <0.000059>
31038 1787052210.261650 ioctl(9, _IOC(_IOC_READ|_IOC_WRITE, 0x46, 0x4e, 0x38), 0x7fff76a48fe0) = 0 <0.000066>
31038 1787052210.261792 mmap(0x204400000, 2097152, PROT_READ|PROT_WRITE, MAP_SHARED|MAP_FIXED, 18, 0) = 0x204400000 <0.000169>
31038 1787052210.262041 close(18)       = 0 <0.000049>
31038 1787052210.262176 ioctl(10, _IOC(_IOC_NONE, 0, 0x49, 0), 0x7fff76a48bb0) = 0 <0.000080>
31038 1787052210.262334 ioctl(10, _IOC(_IOC_NONE, 0, 0x21, 0), 0x7fff76a467a0) = 0 <0.000183>
31038 1787052210.262933 ioctl(9, _IOC(_IOC_READ|_IOC_WRITE, 0x46, 0x2b, 0x30), 0x7fff76a48c90) = 0 <0.000094>
31038 1787052210.263104 ioctl(9, _IOC(_IOC_READ|_IOC_WRITE, 0x46, 0x2a, 0x20), 0x7fff76a47ba0) = 0 <0.000054>
31038 1787052210.263230 openat(AT_FDCWD, "/dev/nvidiactl", O_RDWR|O_CLOEXEC) = 18 <0.000056>
31038 1787052210.263377 ioctl(9, _IOC(_IOC_READ|_IOC_WRITE, 0x46, 0x4e, 0x38), 0x7fff76a48d60) = 0 <0.000066>
31038 1787052210.263515 mmap(0x776e855df000, 4096, PROT_READ|PROT_WRITE, MAP_SHARED|MAP_FIXED, 18, 0) = 0x776e855df000 <0.000060>
31038 1787052210.263657 close(18)       = 0 <0.000050>
31038 1787052210.263786 ioctl(9, _IOC(_IOC_READ|_IOC_WRITE, 0x46, 0x2b, 0x30), 0x7fff76a497b0) = 0 <0.001006>
31038 1787052210.264884 ioctl(9, _IOC(_IOC_READ|_IOC_WRITE, 0x46, 0x2a, 0x20), 0x7fff76a48840) = 0 <0.000061>
31038 1787052210.265057 ioctl(9, _IOC(_IOC_READ|_IOC_WRITE, 0x46, 0x2b, 0x30), 0x7fff76a498e0) = 0 <0.000611>
31038 1787052210.265742 ioctl(9, _IOC(_IOC_READ|_IOC_WRITE, 0x46, 0x2a, 0x20), 0x7fff76a48800) = 0 <0.000071>
31038 1787052210.265917 ioctl(9, _IOC(_IOC_READ|_IOC_WRITE, 0x46, 0x2b, 0x30), 0x7fff76a498e0) = 0 <0.000457>
31038 1787052210.266471 ioctl(9, _IOC(_IOC_READ|_IOC_WRITE, 0x46, 0x2a, 0x20), 0x7fff76a48800) = 0 <0.000060>
31038 1787052210.266607 ioctl(9, _IOC(_IOC_READ|_IOC_WRITE, 0x46, 0x2a, 0x20), 0x7fff76a48850) = 0 <0.000076>
31038 1787052210.266759 ioctl(9, _IOC(_IOC_READ|_IOC_WRITE, 0x46, 0x2a, 0x20), 0x7fff76a48850) = 0 <0.000068>
31038 1787052210.267007 ioctl(9, _IOC(_IOC_READ|_IOC_WRITE, 0x46, 0x2b, 0x30), 0x7fff76a48c90) = 0 <0.000107>
31038 1787052210.267191 ioctl(9, _IOC(_IOC_READ|_IOC_WRITE, 0x46, 0x2a, 0x20), 0x7fff76a47ba0) = 0 <0.000054>
31038 1787052210.267318 openat(AT_FDCWD, "/dev/nvidiactl", O_RDWR|O_CLOEXEC) = 18 <0.000055>
31038 1787052210.267466 ioctl(9, _IOC(_IOC_READ|_IOC_WRITE, 0x46, 0x4e, 0x38), 0x7fff76a48d60) = 0 <0.000063>
31038 1787052210.267605 mmap(0x776e855e0000, 4096, PROT_READ|PROT_WRITE, MAP_SHARED|MAP_FIXED, 18, 0) = 0x776e855e0000 <0.000066>
31038 1787052210.267746 close(18)       = 0 <0.000041>
31038 1787052210.267869 ioctl(9, _IOC(_IOC_READ|_IOC_WRITE, 0x46, 0x2b, 0x30), 0x7fff76a497b0) = 0 <0.000911>
31038 1787052210.268858 ioctl(9, _IOC(_IOC_READ|_IOC_WRITE, 0x46, 0x2a, 0x20), 0x7fff76a48840) = 0 <0.000068>
31038 1787052210.269005 ioctl(9, _IOC(_IOC_READ|_IOC_WRITE, 0x46, 0x2b, 0x30), 0x7fff76a498e0) = 0 <0.000566>
31038 1787052210.269645 ioctl(9, _IOC(_IOC_READ|_IOC_WRITE, 0x46, 0x2a, 0x20), 0x7fff76a48800) = 0 <0.000070>
31038 1787052210.269792 ioctl(9, _IOC(_IOC_READ|_IOC_WRITE, 0x46, 0x2b, 0x30), 0x7fff76a498e0) = 0 <0.000455>
31038 1787052210.270324 ioctl(9, _IOC(_IOC_READ|_IOC_WRITE, 0x46, 0x2a, 0x20), 0x7fff76a48800) = 0 <0.000070>
31038 1787052210.270468 ioctl(9, _IOC(_IOC_READ|_IOC_WRITE, 0x46, 0x2a, 0x20), 0x7fff76a48850) = 0 <0.000062>
31038 1787052210.270603 ioctl(9, _IOC(_IOC_READ|_IOC_WRITE, 0x46, 0x2a, 0x20), 0x7fff76a48850) = 0 <0.000064>
31038 1787052210.270913 ioctl(9, _IOC(_IOC_READ|_IOC_WRITE, 0x46, 0x2b, 0x30), 0x7fff76a48c90) = 0 <0.000089>
31038 1787052210.271078 ioctl(9, _IOC(_IOC_READ|_IOC_WRITE, 0x46, 0x2a, 0x20), 0x7fff76a47ba0) = 0 <0.000055>
31038 1787052210.271206 openat(AT_FDCWD, "/dev/nvidiactl", O_RDWR|O_CLOEXEC) = 18 <0.000054>
31038 1787052210.271353 ioctl(9, _IOC(_IOC_READ|_IOC_WRITE, 0x46, 0x4e, 0x38), 0x7fff76a48d60) = 0 <0.000065>
31038 1787052210.271493 mmap(0x776e855e1000, 4096, PROT_READ|PROT_WRITE, MAP_SHARED|MAP_FIXED, 18, 0) = 0x776e855e1000 <0.000057>
31038 1787052210.271625 close(18)       = 0 <0.000051>
31038 1787052210.271753 ioctl(9, _IOC(_IOC_READ|_IOC_WRITE, 0x46, 0x2b, 0x30), 0x7fff76a497b0) = 0 <0.000912>
31038 1787052210.272744 ioctl(9, _IOC(_IOC_READ|_IOC_WRITE, 0x46, 0x2a, 0x20), 0x7fff76a48840) = 0 <0.000058>
31038 1787052210.272878 ioctl(9, _IOC(_IOC_READ|_IOC_WRITE, 0x46, 0x2b, 0x30), 0x7fff76a498e0) = 0 <0.000585>
31038 1787052210.273559 ioctl(9, _IOC(_IOC_READ|_IOC_WRITE, 0x46, 0x2a, 0x20), 0x7fff76a48800) = 0 <0.000070>
31038 1787052210.273704 ioctl(9, _IOC(_IOC_READ|_IOC_WRITE, 0x46, 0x2b, 0x30), 0x7fff76a498e0) = 0 <0.000466>
31038 1787052210.274247 ioctl(9, _IOC(_IOC_READ|_IOC_WRITE, 0x46, 0x2a, 0x20), 0x7fff76a48800) = 0 <0.000068>
31038 1787052210.274389 ioctl(9, _IOC(_IOC_READ|_IOC_WRITE, 0x46, 0x2a, 0x20), 0x7fff76a48850) = 0 <0.000060>
31038 1787052210.274524 ioctl(9, _IOC(_IOC_READ|_IOC_WRITE, 0x46, 0x2a, 0x20), 0x7fff76a48850) = 0 <0.000075>
31038 1787052210.274755 ioctl(9, _IOC(_IOC_READ|_IOC_WRITE, 0x46, 0x2b, 0x30), 0x7fff76a48c90) = 0 <0.000086>
31038 1787052210.274921 ioctl(9, _IOC(_IOC_READ|_IOC_WRITE, 0x46, 0x2a, 0x20), 0x7fff76a47ba0) = 0 <0.000053>
31038 1787052210.275058 openat(AT_FDCWD, "/dev/nvidiactl", O_RDWR|O_CLOEXEC) = 18 <0.000054>
31038 1787052210.275189 ioctl(9, _IOC(_IOC_READ|_IOC_WRITE, 0x46, 0x4e, 0x38), 0x7fff76a48d60) = 0 <0.000061>
31038 1787052210.275326 mmap(0x776e855e2000, 4096, PROT_READ|PROT_WRITE, MAP_SHARED|MAP_FIXED, 18, 0) = 0x776e855e2000 <0.000060>
31038 1787052210.275481 close(18)       = 0 <0.000050>
31038 1787052210.275608 ioctl(9, _IOC(_IOC_READ|_IOC_WRITE, 0x46, 0x2b, 0x30), 0x7fff76a497b0) = 0 <0.000876>
31038 1787052210.276563 ioctl(9, _IOC(_IOC_READ|_IOC_WRITE, 0x46, 0x2a, 0x20), 0x7fff76a48840) = 0 <0.000057>
31038 1787052210.276695 ioctl(9, _IOC(_IOC_READ|_IOC_WRITE, 0x46, 0x2b, 0x30), 0x7fff76a498e0) = 0 <0.000575>
31038 1787052210.277350 ioctl(9, _IOC(_IOC_READ|_IOC_WRITE, 0x46, 0x2a, 0x20), 0x7fff76a48800) = 0 <0.000058>
31038 1787052210.277483 ioctl(9, _IOC(_IOC_READ|_IOC_WRITE, 0x46, 0x2b, 0x30), 0x7fff76a498e0) = 0 <0.000466>
31038 1787052210.278026 ioctl(9, _IOC(_IOC_READ|_IOC_WRITE, 0x46, 0x2a, 0x20), 0x7fff76a48800) = 0 <0.000070>
31038 1787052210.278169 ioctl(9, _IOC(_IOC_READ|_IOC_WRITE, 0x46, 0x2a, 0x20), 0x7fff76a48850) = 0 <0.000059>
31038 1787052210.278302 ioctl(9, _IOC(_IOC_READ|_IOC_WRITE, 0x46, 0x2a, 0x20), 0x7fff76a48850) = 0 <0.000075>
31038 1787052210.278536 ioctl(9, _IOC(_IOC_READ|_IOC_WRITE, 0x46, 0x2b, 0x30), 0x7fff76a48c90) = 0 <0.000088>
31038 1787052210.278700 ioctl(9, _IOC(_IOC_READ|_IOC_WRITE, 0x46, 0x2a, 0x20), 0x7fff76a47ba0) = 0 <0.000053>
31038 1787052210.278826 openat(AT_FDCWD, "/dev/nvidiactl", O_RDWR|O_CLOEXEC) = 18 <0.000067>
31038 1787052210.278966 ioctl(9, _IOC(_IOC_READ|_IOC_WRITE, 0x46, 0x4e, 0x38), 0x7fff76a48d60) = 0 <0.000062>
31038 1787052210.279104 mmap(0x776e855e3000, 4096, PROT_READ|PROT_WRITE, MAP_SHARED|MAP_FIXED, 18, 0) = 0x776e855e3000 <0.000056>
31038 1787052210.279236 close(18)       = 0 <0.000040>
31038 1787052210.279364 ioctl(9, _IOC(_IOC_READ|_IOC_WRITE, 0x46, 0x2b, 0x30), 0x7fff76a497b0) = 0 <0.000911>
31038 1787052210.280352 ioctl(9, _IOC(_IOC_READ|_IOC_WRITE, 0x46, 0x2a, 0x20), 0x7fff76a48840) = 0 <0.000070>
31038 1787052210.280498 ioctl(9, _IOC(_IOC_READ|_IOC_WRITE, 0x46, 0x2b, 0x30), 0x7fff76a498e0) = 0 <0.000577>
31038 1787052210.281154 ioctl(9, _IOC(_IOC_READ|_IOC_WRITE, 0x46, 0x2a, 0x20), 0x7fff76a48800) = 0 <0.000072>
31038 1787052210.281300 ioctl(9, _IOC(_IOC_READ|_IOC_WRITE, 0x46, 0x2b, 0x30), 0x7fff76a498e0) = 0 <0.000457>
31038 1787052210.281830 ioctl(9, _IOC(_IOC_READ|_IOC_WRITE, 0x46, 0x2a, 0x20), 0x7fff76a48800) = 0 <0.000069>
31038 1787052210.281978 ioctl(9, _IOC(_IOC_READ|_IOC_WRITE, 0x46, 0x2a, 0x20), 0x7fff76a48850) = 0 <0.000060>
31038 1787052210.282111 ioctl(9, _IOC(_IOC_READ|_IOC_WRITE, 0x46, 0x2a, 0x20), 0x7fff76a48850) = 0 <0.000076>
31038 1787052210.282396 ioctl(9, _IOC(_IOC_READ|_IOC_WRITE, 0x46, 0x2b, 0x30), 0x7fff76a48c90) = 0 <0.000088>
31038 1787052210.282557 ioctl(9, _IOC(_IOC_READ|_IOC_WRITE, 0x46, 0x2a, 0x20), 0x7fff76a47ba0) = 0 <0.000053>
31038 1787052210.282685 openat(AT_FDCWD, "/dev/nvidiactl", O_RDWR|O_CLOEXEC) = 18 <0.000052>
31038 1787052210.282816 ioctl(9, _IOC(_IOC_READ|_IOC_WRITE, 0x46, 0x4e, 0x38), 0x7fff76a48d60) = 0 <0.000090>
31038 1787052210.282983 mmap(0x776e855e4000, 4096, PROT_READ|PROT_WRITE, MAP_SHARED|MAP_FIXED, 18, 0) = 0x776e855e4000 <0.000056>
31038 1787052210.283114 close(18)       = 0 <0.000049>
31038 1787052210.283239 ioctl(9, _IOC(_IOC_READ|_IOC_WRITE, 0x46, 0x2b, 0x30), 0x7fff76a497b0) = 0 <0.000866>
31038 1787052210.284201 ioctl(9, _IOC(_IOC_READ|_IOC_WRITE, 0x46, 0x2a, 0x20), 0x7fff76a48840) = 0 <0.000058>
31038 1787052210.284336 ioctl(9, _IOC(_IOC_READ|_IOC_WRITE, 0x46, 0x2b, 0x30), 0x7fff76a498e0) = 0 <0.000595>
31038 1787052210.285009 ioctl(9, _IOC(_IOC_READ|_IOC_WRITE, 0x46, 0x2a, 0x20), 0x7fff76a48800) = 0 <0.000071>
31038 1787052210.285157 ioctl(9, _IOC(_IOC_READ|_IOC_WRITE, 0x46, 0x2b, 0x30), 0x7fff76a498e0) = 0 <0.000467>
31038 1787052210.285699 ioctl(9, _IOC(_IOC_READ|_IOC_WRITE, 0x46, 0x2a, 0x20), 0x7fff76a48800) = 0 <0.000068>
31038 1787052210.285841 ioctl(9, _IOC(_IOC_READ|_IOC_WRITE, 0x46, 0x2a, 0x20), 0x7fff76a48850) = 0 <0.000082>
31038 1787052210.286007 ioctl(9, _IOC(_IOC_READ|_IOC_WRITE, 0x46, 0x2a, 0x20), 0x7fff76a48850) = 0 <0.000061>
31038 1787052210.286229 ioctl(9, _IOC(_IOC_READ|_IOC_WRITE, 0x46, 0x2b, 0x30), 0x7fff76a48c90) = 0 <0.000090>
31038 1787052210.286396 ioctl(9, _IOC(_IOC_READ|_IOC_WRITE, 0x46, 0x2a, 0x20), 0x7fff76a47ba0) = 0 <0.000054>
31038 1787052210.286522 openat(AT_FDCWD, "/dev/nvidiactl", O_RDWR|O_CLOEXEC) = 18 <0.000053>
31038 1787052210.286653 ioctl(9, _IOC(_IOC_READ|_IOC_WRITE, 0x46, 0x4e, 0x38), 0x7fff76a48d60) = 0 <0.000062>
31038 1787052210.286788 mmap(0x776e855e5000, 4096, PROT_READ|PROT_WRITE, MAP_SHARED|MAP_FIXED, 18, 0) = 0x776e855e5000 <0.000056>
31038 1787052210.286923 close(18)       = 0 <0.000041>
31038 1787052210.287048 ioctl(9, _IOC(_IOC_READ|_IOC_WRITE, 0x46, 0x2b, 0x30), 0x7fff76a497b0) = 0 <0.000898>
31038 1787052210.288041 ioctl(9, _IOC(_IOC_READ|_IOC_WRITE, 0x46, 0x2a, 0x20), 0x7fff76a48840) = 0 <0.000059>
31038 1787052210.288176 ioctl(9, _IOC(_IOC_READ|_IOC_WRITE, 0x46, 0x2b, 0x30), 0x7fff76a498e0) = 0 <0.000580>
31038 1787052210.288833 ioctl(9, _IOC(_IOC_READ|_IOC_WRITE, 0x46, 0x2a, 0x20), 0x7fff76a48800) = 0 <0.000062>
31038 1787052210.288973 ioctl(9, _IOC(_IOC_READ|_IOC_WRITE, 0x46, 0x2b, 0x30), 0x7fff76a498e0) = 0 <0.000464>
31038 1787052210.289511 ioctl(9, _IOC(_IOC_READ|_IOC_WRITE, 0x46, 0x2a, 0x20), 0x7fff76a48800) = 0 <0.000068>
31038 1787052210.289656 ioctl(9, _IOC(_IOC_READ|_IOC_WRITE, 0x46, 0x2a, 0x20), 0x7fff76a48850) = 0 <0.000076>
31038 1787052210.289807 ioctl(9, _IOC(_IOC_READ|_IOC_WRITE, 0x46, 0x2a, 0x20), 0x7fff76a48850) = 0 <0.000063>
31038 1787052210.289969 ioctl(10, _IOC(_IOC_NONE, 0, 0x1b, 0), 0x7fff76a49fc0) = 0 <0.002356>
31038 1787052210.292403 ioctl(10, _IOC(_IOC_NONE, 0, 0x1b, 0), 0x7fff76a49fc0) = 0 <0.001887>
31038 1787052210.294371 ioctl(10, _IOC(_IOC_NONE, 0, 0x1b, 0), 0x7fff76a49fc0) = 0 <0.001890>
31038 1787052210.296340 ioctl(10, _IOC(_IOC_NONE, 0, 0x1b, 0), 0x7fff76a49fc0) = 0 <0.001930>
31038 1787052210.298347 ioctl(10, _IOC(_IOC_NONE, 0, 0x1b, 0), 0x7fff76a49fc0) = 0 <0.001904>
31038 1787052210.300351 ioctl(10, _IOC(_IOC_NONE, 0, 0x1b, 0), 0x7fff76a49fc0) = 0 <0.002037>
31038 1787052210.302482 ioctl(10, _IOC(_IOC_NONE, 0, 0x1b, 0), 0x7fff76a49fc0) = 0 <0.002097>
31038 1787052210.304673 ioctl(10, _IOC(_IOC_NONE, 0, 0x1b, 0), 0x7fff76a49fc0) = 0 <0.002043>
31038 1787052210.306811 ioctl(9, _IOC(_IOC_READ|_IOC_WRITE, 0x46, 0x2a, 0x20), 0x7fff76a48ed0) = 0 <0.000542>
31038 1787052210.307457 openat(AT_FDCWD, "/dev/nvidia0", O_RDWR|O_CLOEXEC) = 18 <0.000077>
31038 1787052210.307617 ioctl(18, _IOC(_IOC_READ|_IOC_WRITE, 0x46, 0xc9, 0x4), 0x7fff76a49ed0) = 0 <0.000056>
31038 1787052210.307751 ioctl(18, _IOC(_IOC_READ|_IOC_WRITE, 0x46, 0xce, 0x10), 0x7fff76a49ec0) = 0 <0.000053>
31038 1787052210.308092 ioctl(18, _IOC(_IOC_READ|_IOC_WRITE, 0x46, 0x2b, 0x30), 0x7fff76a49e70) = 0 <0.000391>
31038 1787052210.309082 ioctl(9, _IOC(_IOC_READ|_IOC_WRITE, 0x46, 0x2b, 0x30), 0x7fff76a49f80) = 0 <0.001084>
31038 1787052210.310275 mmap(NULL, 155648, PROT_READ|PROT_WRITE, MAP_PRIVATE|MAP_ANONYMOUS, -1, 0) = 0x7770a27da000 <0.000089>
31038 1787052210.310556 ioctl(9, _IOC(_IOC_READ|_IOC_WRITE, 0x46, 0x2b, 0x30), 0x7fff76a48c90) = 0 <0.000122>
31038 1787052210.310755 ioctl(9, _IOC(_IOC_READ|_IOC_WRITE, 0x46, 0x2a, 0x20), 0x7fff76a47ba0) = 0 <0.000056>
31038 1787052210.310884 openat(AT_FDCWD, "/dev/nvidiactl", O_RDWR|O_CLOEXEC) = 20 <0.000058>
31038 1787052210.311052 ioctl(9, _IOC(_IOC_READ|_IOC_WRITE, 0x46, 0x4e, 0x38), 0x7fff76a48d60) = 0 <0.000065>
31038 1787052210.311192 mmap(0x776e855e6000, 4096, PROT_READ|PROT_WRITE, MAP_SHARED|MAP_FIXED, 20, 0) = 0x776e855e6000 <0.000070>
31038 1787052210.311350 close(20)       = 0 <0.000048>
31038 1787052210.311585 ioctl(9, _IOC(_IOC_READ|_IOC_WRITE, 0x46, 0x2b, 0x30), 0x7fff76a497b0) = 0 <0.001226>
31038 1787052210.312920 ioctl(9, _IOC(_IOC_READ|_IOC_WRITE, 0x46, 0x2a, 0x20), 0x7fff76a48840) = 0 <0.000061>
31038 1787052210.313061 ioctl(9, _IOC(_IOC_READ|_IOC_WRITE, 0x46, 0x2b, 0x30), 0x7fff76a498e0) = 0 <0.000418>
31038 1787052210.313561 ioctl(9, _IOC(_IOC_READ|_IOC_WRITE, 0x46, 0x2a, 0x20), 0x7fff76a48800) = 0 <0.000059>
31038 1787052210.313696 ioctl(9, _IOC(_IOC_READ|_IOC_WRITE, 0x46, 0x2a, 0x20), 0x7fff76a48850) = 0 <0.000062>
31038 1787052210.313921 ioctl(9, _IOC(_IOC_READ|_IOC_WRITE, 0x46, 0x2b, 0x30), 0x7fff76a48c90) = 0 <0.000091>
31038 1787052210.314091 ioctl(9, _IOC(_IOC_READ|_IOC_WRITE, 0x46, 0x2a, 0x20), 0x7fff76a47ba0) = 0 <0.000053>
31038 1787052210.314217 openat(AT_FDCWD, "/dev/nvidiactl", O_RDWR|O_CLOEXEC) = 20 <0.000055>
31038 1787052210.314351 ioctl(9, _IOC(_IOC_READ|_IOC_WRITE, 0x46, 0x4e, 0x38), 0x7fff76a48d60) = 0 <0.000063>
31038 1787052210.314488 mmap(0x776e855e7000, 4096, PROT_READ|PROT_WRITE, MAP_SHARED|MAP_FIXED, 20, 0) = 0x776e855e7000 <0.000059>
31038 1787052210.314620 close(20)       = 0 <0.000041>
31038 1787052210.314736 ioctl(9, _IOC(_IOC_READ|_IOC_WRITE, 0x46, 0x2b, 0x30), 0x7fff76a497b0) = 0 <0.000924>
31038 1787052210.315758 ioctl(9, _IOC(_IOC_READ|_IOC_WRITE, 0x46, 0x2a, 0x20), 0x7fff76a48840) = 0 <0.000060>
31038 1787052210.315911 ioctl(9, _IOC(_IOC_READ|_IOC_WRITE, 0x46, 0x2b, 0x30), 0x7fff76a498e0) = 0 <0.000411>
31038 1787052210.316400 ioctl(9, _IOC(_IOC_READ|_IOC_WRITE, 0x46, 0x2a, 0x20), 0x7fff76a48800) = 0 <0.000072>
31038 1787052210.316546 ioctl(9, _IOC(_IOC_READ|_IOC_WRITE, 0x46, 0x2a, 0x20), 0x7fff76a48850) = 0 <0.000060>
31038 1787052210.316767 ioctl(9, _IOC(_IOC_READ|_IOC_WRITE, 0x46, 0x2b, 0x30), 0x7fff76a48c90) = 0 <0.000093>
31038 1787052210.316946 ioctl(9, _IOC(_IOC_READ|_IOC_WRITE, 0x46, 0x2a, 0x20), 0x7fff76a47ba0) = 0 <0.000054>
31038 1787052210.317077 openat(AT_FDCWD, "/dev/nvidiactl", O_RDWR|O_CLOEXEC) = 20 <0.000054>
31038 1787052210.317207 ioctl(9, _IOC(_IOC_READ|_IOC_WRITE, 0x46, 0x4e, 0x38), 0x7fff76a48d60) = 0 <0.000062>
31038 1787052210.317342 mmap(0x776e855e8000, 4096, PROT_READ|PROT_WRITE, MAP_SHARED|MAP_FIXED, 20, 0) = 0x776e855e8000 <0.000062>
31038 1787052210.317479 close(20)       = 0 <0.000048>
31038 1787052210.317608 ioctl(9, _IOC(_IOC_READ|_IOC_WRITE, 0x46, 0x2b, 0x30), 0x7fff76a497b0) = 0 <0.000877>
31038 1787052210.318562 ioctl(9, _IOC(_IOC_READ|_IOC_WRITE, 0x46, 0x2a, 0x20), 0x7fff76a48840) = 0 <0.000066>
31038 1787052210.318704 ioctl(9, _IOC(_IOC_READ|_IOC_WRITE, 0x46, 0x2b, 0x30), 0x7fff76a498e0) = 0 <0.000407>
31038 1787052210.319190 ioctl(9, _IOC(_IOC_READ|_IOC_WRITE, 0x46, 0x2a, 0x20), 0x7fff76a48800) = 0 <0.000070>
31038 1787052210.319351 ioctl(9, _IOC(_IOC_READ|_IOC_WRITE, 0x46, 0x2a, 0x20), 0x7fff76a48850) = 0 <0.000060>
31038 1787052210.319635 ioctl(9, _IOC(_IOC_READ|_IOC_WRITE, 0x46, 0x2b, 0x30), 0x7fff76a48c90) = 0 <0.000099>
31038 1787052210.319812 ioctl(9, _IOC(_IOC_READ|_IOC_WRITE, 0x46, 0x2a, 0x20), 0x7fff76a47ba0) = 0 <0.000054>
31038 1787052210.319960 openat(AT_FDCWD, "/dev/nvidiactl", O_RDWR|O_CLOEXEC) = 20 <0.000056>
31038 1787052210.320098 ioctl(9, _IOC(_IOC_READ|_IOC_WRITE, 0x46, 0x4e, 0x38), 0x7fff76a48d60) = 0 <0.000061>
31038 1787052210.320234 mmap(0x776e855e9000, 4096, PROT_READ|PROT_WRITE, MAP_SHARED|MAP_FIXED, 20, 0) = 0x776e855e9000 <0.000057>
31038 1787052210.320365 close(20)       = 0 <0.000049>
31038 1787052210.320489 ioctl(9, _IOC(_IOC_READ|_IOC_WRITE, 0x46, 0x2b, 0x30), 0x7fff76a497b0) = 0 <0.000862>
31038 1787052210.321428 ioctl(9, _IOC(_IOC_READ|_IOC_WRITE, 0x46, 0x2a, 0x20), 0x7fff76a48840) = 0 <0.000069>
31038 1787052210.321573 ioctl(9, _IOC(_IOC_READ|_IOC_WRITE, 0x46, 0x2b, 0x30), 0x7fff76a498e0) = 0 <0.000417>
31038 1787052210.322069 ioctl(9, _IOC(_IOC_READ|_IOC_WRITE, 0x46, 0x2a, 0x20), 0x7fff76a48800) = 0 <0.000059>
31038 1787052210.322202 ioctl(9, _IOC(_IOC_READ|_IOC_WRITE, 0x46, 0x2a, 0x20), 0x7fff76a48850) = 0 <0.000060>
31038 1787052210.322338 ioctl(10, _IOC(_IOC_NONE, 0, 0x1b, 0), 0x7fff76a49fc0) = 0 <0.001113>
31038 1787052210.323528 ioctl(10, _IOC(_IOC_NONE, 0, 0x1b, 0), 0x7fff76a49fc0) = 0 <0.001045>
31038 1787052210.324650 ioctl(10, _IOC(_IOC_NONE, 0, 0x1b, 0), 0x7fff76a49fc0) = 0 <0.001109>
31038 1787052210.325838 ioctl(10, _IOC(_IOC_NONE, 0, 0x1b, 0), 0x7fff76a49fc0) = 0 <0.001125>
31038 1787052210.327039 ioctl(9, _IOC(_IOC_READ|_IOC_WRITE, 0x46, 0x2a, 0x20), 0x7fff76a48ed0) = 0 <0.000501>
31038 1787052210.327630 openat(AT_FDCWD, "/dev/nvidia0", O_RDWR|O_CLOEXEC) = 20 <0.000060>
31038 1787052210.327768 ioctl(20, _IOC(_IOC_READ|_IOC_WRITE, 0x46, 0xc9, 0x4), 0x7fff76a49ed0) = 0 <0.000051>
31038 1787052210.327913 ioctl(20, _IOC(_IOC_READ|_IOC_WRITE, 0x46, 0xce, 0x10), 0x7fff76a49ec0) = 0 <0.000054>
31038 1787052210.328266 ioctl(20, _IOC(_IOC_READ|_IOC_WRITE, 0x46, 0x2b, 0x30), 0x7fff76a49e70) = 0 <0.000405>
31038 1787052210.329265 ioctl(9, _IOC(_IOC_READ|_IOC_WRITE, 0x46, 0x2b, 0x30), 0x7fff76a49f80) = 0 <0.001052>
31038 1787052210.330419 mmap(NULL, 155648, PROT_READ|PROT_WRITE, MAP_PRIVATE|MAP_ANONYMOUS, -1, 0) = 0x777099e23000 <0.000062>
31038 1787052210.330659 ioctl(9, _IOC(_IOC_READ|_IOC_WRITE, 0x46, 0x2b, 0x30), 0x7fff76a48c90) = 0 <0.000108>
31038 1787052210.330847 ioctl(9, _IOC(_IOC_READ|_IOC_WRITE, 0x46, 0x2a, 0x20), 0x7fff76a47ba0) = 0 <0.000075>
31038 1787052210.331003 openat(AT_FDCWD, "/dev/nvidiactl", O_RDWR|O_CLOEXEC) = 22 <0.000057>
31038 1787052210.331143 ioctl(9, _IOC(_IOC_READ|_IOC_WRITE, 0x46, 0x4e, 0x38), 0x7fff76a48d60) = 0 <0.000069>
31038 1787052210.331290 mmap(0x776e855ea000, 4096, PROT_READ|PROT_WRITE, MAP_SHARED|MAP_FIXED, 22, 0) = 0x776e855ea000 <0.000079>
31038 1787052210.331444 close(22)       = 0 <0.000040>
31038 1787052210.331565 ioctl(9, _IOC(_IOC_READ|_IOC_WRITE, 0x46, 0x2b, 0x30), 0x7fff76a497b0) = 0 <0.001199>
31038 1787052210.332858 ioctl(9, _IOC(_IOC_READ|_IOC_WRITE, 0x46, 0x2a, 0x20), 0x7fff76a48840) = 0 <0.000062>
31038 1787052210.332999 ioctl(9, _IOC(_IOC_READ|_IOC_WRITE, 0x46, 0x2b, 0x30), 0x7fff76a498e0) = 0 <0.000416>
31038 1787052210.333492 ioctl(9, _IOC(_IOC_READ|_IOC_WRITE, 0x46, 0x2a, 0x20), 0x7fff76a48800) = 0 <0.000059>
31038 1787052210.333626 ioctl(9, _IOC(_IOC_READ|_IOC_WRITE, 0x46, 0x2a, 0x20), 0x7fff76a48850) = 0 <0.000061>
31038 1787052210.333847 ioctl(9, _IOC(_IOC_READ|_IOC_WRITE, 0x46, 0x2b, 0x30), 0x7fff76a48c90) = 0 <0.000113>
31038 1787052210.334041 ioctl(9, _IOC(_IOC_READ|_IOC_WRITE, 0x46, 0x2a, 0x20), 0x7fff76a47ba0) = 0 <0.000053>
31038 1787052210.334167 openat(AT_FDCWD, "/dev/nvidiactl", O_RDWR|O_CLOEXEC) = 22 <0.000055>
31038 1787052210.334302 ioctl(9, _IOC(_IOC_READ|_IOC_WRITE, 0x46, 0x4e, 0x38), 0x7fff76a48d60) = 0 <0.000064>
31038 1787052210.334440 mmap(0x776e855eb000, 4096, PROT_READ|PROT_WRITE, MAP_SHARED|MAP_FIXED, 22, 0) = 0x776e855eb000 <0.000065>
31038 1787052210.334579 close(22)       = 0 <0.000040>
31038 1787052210.334803 ioctl(9, _IOC(_IOC_READ|_IOC_WRITE, 0x46, 0x2b, 0x30), 0x7fff76a497b0) = 0 <0.000953>
31038 1787052210.335833 ioctl(9, _IOC(_IOC_READ|_IOC_WRITE, 0x46, 0x2a, 0x20), 0x7fff76a48840) = 0 <0.000073>
31038 1787052210.335986 ioctl(9, _IOC(_IOC_READ|_IOC_WRITE, 0x46, 0x2b, 0x30), 0x7fff76a498e0) = 0 <0.000411>
31038 1787052210.336471 ioctl(9, _IOC(_IOC_READ|_IOC_WRITE, 0x46, 0x2a, 0x20), 0x7fff76a48800) = 0 <0.000071>
31038 1787052210.336617 ioctl(9, _IOC(_IOC_READ|_IOC_WRITE, 0x46, 0x2a, 0x20), 0x7fff76a48850) = 0 <0.000062>
31038 1787052210.336841 ioctl(9, _IOC(_IOC_READ|_IOC_WRITE, 0x46, 0x2b, 0x30), 0x7fff76a48c90) = 0 <0.000113>
31038 1787052210.337033 ioctl(9, _IOC(_IOC_READ|_IOC_WRITE, 0x46, 0x2a, 0x20), 0x7fff76a47ba0) = 0 <0.000054>
31038 1787052210.337161 openat(AT_FDCWD, "/dev/nvidiactl", O_RDWR|O_CLOEXEC) = 22 <0.000054>
31038 1787052210.337295 ioctl(9, _IOC(_IOC_READ|_IOC_WRITE, 0x46, 0x4e, 0x38), 0x7fff76a48d60) = 0 <0.000064>
31038 1787052210.337432 mmap(0x776e855ec000, 4096, PROT_READ|PROT_WRITE, MAP_SHARED|MAP_FIXED, 22, 0) = 0x776e855ec000 <0.000056>
31038 1787052210.337562 close(22)       = 0 <0.000050>
31038 1787052210.337690 ioctl(9, _IOC(_IOC_READ|_IOC_WRITE, 0x46, 0x2b, 0x30), 0x7fff76a497b0) = 0 <0.000882>
31038 1787052210.338650 ioctl(9, _IOC(_IOC_READ|_IOC_WRITE, 0x46, 0x2a, 0x20), 0x7fff76a48840) = 0 <0.000069>
31038 1787052210.338795 ioctl(9, _IOC(_IOC_READ|_IOC_WRITE, 0x46, 0x2b, 0x30), 0x7fff76a498e0) = 0 <0.000411>
31038 1787052210.339285 ioctl(9, _IOC(_IOC_READ|_IOC_WRITE, 0x46, 0x2a, 0x20), 0x7fff76a48800) = 0 <0.000082>
31038 1787052210.339440 ioctl(9, _IOC(_IOC_READ|_IOC_WRITE, 0x46, 0x2a, 0x20), 0x7fff76a48850) = 0 <0.000077>
31038 1787052210.339680 ioctl(9, _IOC(_IOC_READ|_IOC_WRITE, 0x46, 0x2b, 0x30), 0x7fff76a48c90) = 0 <0.000086>
31038 1787052210.339841 ioctl(9, _IOC(_IOC_READ|_IOC_WRITE, 0x46, 0x2a, 0x20), 0x7fff76a47ba0) = 0 <0.000055>
31038 1787052210.339975 openat(AT_FDCWD, "/dev/nvidiactl", O_RDWR|O_CLOEXEC) = 22 <0.000052>
31038 1787052210.340107 ioctl(9, _IOC(_IOC_READ|_IOC_WRITE, 0x46, 0x4e, 0x38), 0x7fff76a48d60) = 0 <0.000063>
31038 1787052210.340243 mmap(0x776e855ed000, 4096, PROT_READ|PROT_WRITE, MAP_SHARED|MAP_FIXED, 22, 0) = 0x776e855ed000 <0.000056>
31038 1787052210.340374 close(22)       = 0 <0.000041>
31038 1787052210.340495 ioctl(9, _IOC(_IOC_READ|_IOC_WRITE, 0x46, 0x2b, 0x30), 0x7fff76a497b0) = 0 <0.000903>
31038 1787052210.341478 ioctl(9, _IOC(_IOC_READ|_IOC_WRITE, 0x46, 0x2a, 0x20), 0x7fff76a48840) = 0 <0.000057>
31038 1787052210.341611 ioctl(9, _IOC(_IOC_READ|_IOC_WRITE, 0x46, 0x2b, 0x30), 0x7fff76a498e0) = 0 <0.000436>
31038 1787052210.342125 ioctl(9, _IOC(_IOC_READ|_IOC_WRITE, 0x46, 0x2a, 0x20), 0x7fff76a48800) = 0 <0.000070>
31038 1787052210.342269 ioctl(9, _IOC(_IOC_READ|_IOC_WRITE, 0x46, 0x2a, 0x20), 0x7fff76a48850) = 0 <0.000060>
31038 1787052210.342406 ioctl(10, _IOC(_IOC_NONE, 0, 0x1b, 0), 0x7fff76a49fc0) = 0 <0.001164>
31038 1787052210.343647 ioctl(10, _IOC(_IOC_NONE, 0, 0x1b, 0), 0x7fff76a49fc0) = 0 <0.001008>
31038 1787052210.344733 ioctl(10, _IOC(_IOC_NONE, 0, 0x1b, 0), 0x7fff76a49fc0) = 0 <0.000979>
31038 1787052210.345790 ioctl(10, _IOC(_IOC_NONE, 0, 0x1b, 0), 0x7fff76a49fc0) = 0 <0.001111>
31038 1787052210.346996 ioctl(9, _IOC(_IOC_READ|_IOC_WRITE, 0x46, 0x2a, 0x20), 0x7fff76a48ed0) = 0 <0.000489>
31038 1787052210.347582 openat(AT_FDCWD, "/dev/nvidia0", O_RDWR|O_CLOEXEC) = 22 <0.000061>
31038 1787052210.347725 ioctl(22, _IOC(_IOC_READ|_IOC_WRITE, 0x46, 0xc9, 0x4), 0x7fff76a49ed0) = 0 <0.000054>
31038 1787052210.347857 ioctl(22, _IOC(_IOC_READ|_IOC_WRITE, 0x46, 0xce, 0x10), 0x7fff76a49ec0) = 0 <0.000084>
31038 1787052210.348235 ioctl(22, _IOC(_IOC_READ|_IOC_WRITE, 0x46, 0x2b, 0x30), 0x7fff76a49e70) = 0 <0.000426>
31038 1787052210.349265 ioctl(9, _IOC(_IOC_READ|_IOC_WRITE, 0x46, 0x2b, 0x30), 0x7fff76a49f80) = 0 <0.001044>
31038 1787052210.350424 mmap(NULL, 155648, PROT_READ|PROT_WRITE, MAP_PRIVATE|MAP_ANONYMOUS, -1, 0) = 0x777099dfd000 <0.000081>
31038 1787052210.350756 ioctl(9, _IOC(_IOC_READ|_IOC_WRITE, 0x46, 0x2b, 0x30), 0x7fff76a48c90) = 0 <0.000110>
31038 1787052210.350980 ioctl(9, _IOC(_IOC_READ|_IOC_WRITE, 0x46, 0x2a, 0x20), 0x7fff76a47ba0) = 0 <0.000059>
31038 1787052210.351117 openat(AT_FDCWD, "/dev/nvidiactl", O_RDWR|O_CLOEXEC) = 24 <0.000058>
31038 1787052210.351256 ioctl(9, _IOC(_IOC_READ|_IOC_WRITE, 0x46, 0x4e, 0x38), 0x7fff76a48d60) = 0 <0.000084>
31038 1787052210.351420 mmap(0x776e855ee000, 4096, PROT_READ|PROT_WRITE, MAP_SHARED|MAP_FIXED, 24, 0) = 0x776e855ee000 <0.000066>
31038 1787052210.351562 close(24)       = 0 <0.000048>
31038 1787052210.351691 ioctl(9, _IOC(_IOC_READ|_IOC_WRITE, 0x46, 0x2b, 0x30), 0x7fff76a497b0) = 0 <0.001208>
31038 1787052210.352978 ioctl(9, _IOC(_IOC_READ|_IOC_WRITE, 0x46, 0x2a, 0x20), 0x7fff76a48840) = 0 <0.000059>
31038 1787052210.353113 ioctl(9, _IOC(_IOC_READ|_IOC_WRITE, 0x46, 0x2b, 0x30), 0x7fff76a498e0) = 0 <0.000419>
31038 1787052210.353607 ioctl(9, _IOC(_IOC_READ|_IOC_WRITE, 0x46, 0x2a, 0x20), 0x7fff76a48800) = 0 <0.000070>
31038 1787052210.353744 ioctl(9, _IOC(_IOC_READ|_IOC_WRITE, 0x46, 0x2a, 0x20), 0x7fff76a48850) = 0 <0.000063>
31038 1787052210.353986 ioctl(9, _IOC(_IOC_READ|_IOC_WRITE, 0x46, 0x2b, 0x30), 0x7fff76a48c90) = 0 <0.000089>
31038 1787052210.354153 ioctl(9, _IOC(_IOC_READ|_IOC_WRITE, 0x46, 0x2a, 0x20), 0x7fff76a47ba0) = 0 <0.000053>
31038 1787052210.354280 openat(AT_FDCWD, "/dev/nvidiactl", O_RDWR|O_CLOEXEC) = 24 <0.000063>
31038 1787052210.354422 ioctl(9, _IOC(_IOC_READ|_IOC_WRITE, 0x46, 0x4e, 0x38), 0x7fff76a48d60) = 0 <0.000062>
31038 1787052210.354556 mmap(0x776e855ef000, 4096, PROT_READ|PROT_WRITE, MAP_SHARED|MAP_FIXED, 24, 0) = 0x776e855ef000 <0.000057>
31038 1787052210.354696 close(24)       = 0 <0.000048>
31038 1787052210.354820 ioctl(9, _IOC(_IOC_READ|_IOC_WRITE, 0x46, 0x2b, 0x30), 0x7fff76a497b0) = 0 <0.000914>
31038 1787052210.355815 ioctl(9, _IOC(_IOC_READ|_IOC_WRITE, 0x46, 0x2a, 0x20), 0x7fff76a48840) = 0 <0.000076>
31038 1787052210.355970 ioctl(9, _IOC(_IOC_READ|_IOC_WRITE, 0x46, 0x2b, 0x30), 0x7fff76a498e0) = 0 <0.000402>
31038 1787052210.356446 ioctl(9, _IOC(_IOC_READ|_IOC_WRITE, 0x46, 0x2a, 0x20), 0x7fff76a48800) = 0 <0.000071>
31038 1787052210.356592 ioctl(9, _IOC(_IOC_READ|_IOC_WRITE, 0x46, 0x2a, 0x20), 0x7fff76a48850) = 0 <0.000062>
31038 1787052210.356921 ioctl(9, _IOC(_IOC_READ|_IOC_WRITE, 0x46, 0x2b, 0x30), 0x7fff76a48c90) = 0 <0.000087>
31038 1787052210.357088 ioctl(9, _IOC(_IOC_READ|_IOC_WRITE, 0x46, 0x2a, 0x20), 0x7fff76a47ba0) = 0 <0.000054>
31038 1787052210.357215 openat(AT_FDCWD, "/dev/nvidiactl", O_RDWR|O_CLOEXEC) = 24 <0.000053>
31038 1787052210.357346 ioctl(9, _IOC(_IOC_READ|_IOC_WRITE, 0x46, 0x4e, 0x38), 0x7fff76a48d60) = 0 <0.000061>
31038 1787052210.357480 mmap(0x776e855f0000, 4096, PROT_READ|PROT_WRITE, MAP_SHARED|MAP_FIXED, 24, 0) = 0x776e855f0000 <0.000056>
31038 1787052210.357610 close(24)       = 0 <0.000040>
31038 1787052210.357727 ioctl(9, _IOC(_IOC_READ|_IOC_WRITE, 0x46, 0x2b, 0x30), 0x7fff76a497b0) = 0 <0.000873>
31038 1787052210.358678 ioctl(9, _IOC(_IOC_READ|_IOC_WRITE, 0x46, 0x2a, 0x20), 0x7fff76a48840) = 0 <0.000057>
31038 1787052210.358812 ioctl(9, _IOC(_IOC_READ|_IOC_WRITE, 0x46, 0x2b, 0x30), 0x7fff76a498e0) = 0 <0.000419>
31038 1787052210.359309 ioctl(9, _IOC(_IOC_READ|_IOC_WRITE, 0x46, 0x2a, 0x20), 0x7fff76a48800) = 0 <0.000080>
31038 1787052210.359463 ioctl(9, _IOC(_IOC_READ|_IOC_WRITE, 0x46, 0x2a, 0x20), 0x7fff76a48850) = 0 <0.000061>
31038 1787052210.359689 ioctl(9, _IOC(_IOC_READ|_IOC_WRITE, 0x46, 0x2b, 0x30), 0x7fff76a48c90) = 0 <0.000090>
31038 1787052210.359856 ioctl(9, _IOC(_IOC_READ|_IOC_WRITE, 0x46, 0x2a, 0x20), 0x7fff76a47ba0) = 0 <0.000065>
31038 1787052210.359999 openat(AT_FDCWD, "/dev/nvidiactl", O_RDWR|O_CLOEXEC) = 24 <0.000054>
31038 1787052210.360130 ioctl(9, _IOC(_IOC_READ|_IOC_WRITE, 0x46, 0x4e, 0x38), 0x7fff76a48d60) = 0 <0.000063>
31038 1787052210.360266 mmap(0x776e855f1000, 4096, PROT_READ|PROT_WRITE, MAP_SHARED|MAP_FIXED, 24, 0) = 0x776e855f1000 <0.000057>
31038 1787052210.360397 close(24)       = 0 <0.000050>
31038 1787052210.360525 ioctl(9, _IOC(_IOC_READ|_IOC_WRITE, 0x46, 0x2b, 0x30), 0x7fff76a497b0) = 0 <0.000905>
31038 1787052210.361508 ioctl(9, _IOC(_IOC_READ|_IOC_WRITE, 0x46, 0x2a, 0x20), 0x7fff76a48840) = 0 <0.000069>
31038 1787052210.361653 ioctl(9, _IOC(_IOC_READ|_IOC_WRITE, 0x46, 0x2b, 0x30), 0x7fff76a498e0) = 0 <0.000405>
31038 1787052210.362136 ioctl(9, _IOC(_IOC_READ|_IOC_WRITE, 0x46, 0x2a, 0x20), 0x7fff76a48800) = 0 <0.000071>
31038 1787052210.362282 ioctl(9, _IOC(_IOC_READ|_IOC_WRITE, 0x46, 0x2a, 0x20), 0x7fff76a48850) = 0 <0.000062>
31038 1787052210.362420 ioctl(10, _IOC(_IOC_NONE, 0, 0x1b, 0), 0x7fff76a49fc0) = 0 <0.001199>
31038 1787052210.363698 ioctl(10, _IOC(_IOC_NONE, 0, 0x1b, 0), 0x7fff76a49fc0) = 0 <0.001196>
31038 1787052210.364964 ioctl(10, _IOC(_IOC_NONE, 0, 0x1b, 0), 0x7fff76a49fc0) = 0 <0.001192>
31038 1787052210.366233 ioctl(10, _IOC(_IOC_NONE, 0, 0x1b, 0), 0x7fff76a49fc0) = 0 <0.001106>
31038 1787052210.367419 ioctl(9, _IOC(_IOC_READ|_IOC_WRITE, 0x46, 0x2a, 0x20), 0x7fff76a48ed0) = 0 <0.000396>
31038 1787052210.367930 openat(AT_FDCWD, "/dev/nvidia0", O_RDWR|O_CLOEXEC) = 24 <0.000059>
31038 1787052210.368073 ioctl(24, _IOC(_IOC_READ|_IOC_WRITE, 0x46, 0xc9, 0x4), 0x7fff76a49ed0) = 0 <0.000053>
31038 1787052210.368200 ioctl(24, _IOC(_IOC_READ|_IOC_WRITE, 0x46, 0xce, 0x10), 0x7fff76a49ec0) = 0 <0.000050>
31038 1787052210.368513 ioctl(24, _IOC(_IOC_READ|_IOC_WRITE, 0x46, 0x2b, 0x30), 0x7fff76a49e70) = 0 <0.000395>
31038 1787052210.369458 ioctl(9, _IOC(_IOC_READ|_IOC_WRITE, 0x46, 0x2b, 0x30), 0x7fff76a49000) = 0 <0.000218>
31038 1787052210.369758 ioctl(9, _IOC(_IOC_READ|_IOC_WRITE, 0x46, 0x2a, 0x20), 0x7fff76a47f10) = 0 <0.000058>
31038 1787052210.369922 openat(AT_FDCWD, "/dev/nvidiactl", O_RDWR|O_CLOEXEC) = 26 <0.000060>
31038 1787052210.370069 ioctl(9, _IOC(_IOC_READ|_IOC_WRITE, 0x46, 0x4e, 0x38), 0x7fff76a490d0) = 0 <0.000068>
31038 1787052210.370215 mmap(0x204600000, 2097152, PROT_READ|PROT_WRITE, MAP_SHARED|MAP_FIXED, 26, 0) = 0x204600000 <0.000155>
31038 1787052210.370447 close(26)       = 0 <0.000048>
31038 1787052210.370578 ioctl(10, _IOC(_IOC_NONE, 0, 0x49, 0), 0x7fff76a48ca0) = 0 <0.000078>
31038 1787052210.370733 ioctl(10, _IOC(_IOC_NONE, 0, 0x21, 0), 0x7fff76a46890) = 0 <0.000199>
31038 1787052210.372872 ioctl(9, _IOC(_IOC_READ|_IOC_WRITE, 0x46, 0x2a, 0x20), 0x7fff76a485f0) = 0 <0.000323>
31038 1787052210.373504 ioctl(9, _IOC(_IOC_READ|_IOC_WRITE, 0x46, 0x2b, 0x30), 0x7fff76a49210) = 0 <0.000123>
31038 1787052210.373712 ioctl(10, _IOC(_IOC_NONE, 0, 0x49, 0), 0x7fff76a48eb0) = 0 <0.000080>
31038 1787052210.373867 ioctl(10, _IOC(_IOC_NONE, 0, 0x21, 0), 0x7fff76a46aa0) = 0 <0.000155>
31038 1787052210.374124 ioctl(10, _IOC(_IOC_NONE, 0, 0x44, 0), 0x7fff76a46c80) = 0 <0.000949>
31038 1787052210.375170 mmap(0x204800000, 2097152, PROT_READ|PROT_WRITE, MAP_SHARED|MAP_FIXED, 10, 0x204800000) = 0x204800000 <0.000181>
31038 1787052210.375741 ioctl(10, _IOC(_IOC_NONE, 0, 0x48, 0), 0x7fff76a49070) = 0 <0.000088>
31038 1787052210.376214 ioctl(9, _IOC(_IOC_READ|_IOC_WRITE, 0x46, 0x2b, 0x30), 0x7fff76a49210) = 0 <0.000121>
31038 1787052210.376423 ioctl(10, _IOC(_IOC_NONE, 0, 0x49, 0), 0x7fff76a48eb0) = 0 <0.000076>
31038 1787052210.376574 ioctl(10, _IOC(_IOC_NONE, 0, 0x21, 0), 0x7fff76a46aa0) = 0 <0.000122>
31038 1787052210.376795 ioctl(9, _IOC(_IOC_READ|_IOC_WRITE, 0x46, 0x2b, 0x30), 0x7fff76a48f80) = 0 <0.000891>
31038 1787052210.377781 ioctl(9, _IOC(_IOC_READ|_IOC_WRITE, 0x46, 0x2a, 0x20), 0x7fff76a47e90) = 0 <0.000075>
31038 1787052210.377951 openat(AT_FDCWD, "/dev/nvidiactl", O_RDWR|O_CLOEXEC) = 27 <0.000064>
31038 1787052210.378097 ioctl(9, _IOC(_IOC_READ|_IOC_WRITE, 0x46, 0x4e, 0x38), 0x7fff76a49050) = 0 <0.000071>
31038 1787052210.378245 mmap(0x10004600000, 2097152, PROT_READ|PROT_WRITE, MAP_SHARED|MAP_FIXED, 27, 0) = 0x10004600000 <0.000159>
31038 1787052210.378479 close(27)       = 0 <0.000050>
31038 1787052210.378609 ioctl(10, _IOC(_IOC_NONE, 0, 0x49, 0), 0x7fff76a48c20) = 0 <0.000078>
31038 1787052210.378765 ioctl(10, _IOC(_IOC_NONE, 0, 0x21, 0), 0x7fff76a46810) = 0 <0.000190>
31038 1787052210.379054 mmap(0x10004800000, 2097152, PROT_READ|PROT_WRITE, MAP_SHARED|MAP_FIXED|MAP_ANONYMOUS, -1, 0) = 0x10004800000 <0.000063>
31038 1787052210.379192 ioctl(13, _IOC(_IOC_READ|_IOC_WRITE, 0x46, 0x27, 0x38), 0x7fff76a48f30) = 0 <0.001253>
31038 1787052210.380550 ioctl(10, _IOC(_IOC_NONE, 0, 0x49, 0), 0x7fff76a48c20) = 0 <0.000092>
31038 1787052210.380719 ioctl(10, _IOC(_IOC_NONE, 0, 0x21, 0), 0x7fff76a46810) = 0 <0.000190>
31038 1787052210.381015 mmap(NULL, 856064, PROT_READ|PROT_WRITE, MAP_PRIVATE|MAP_ANONYMOUS, -1, 0) = 0x77709832f000 <0.000065>
31038 1787052210.381171 ioctl(9, _IOC(_IOC_READ|_IOC_WRITE, 0x46, 0x2b, 0x30), 0x7fff76a49330) = 0 <0.000119>
31038 1787052210.381374 ioctl(10, _IOC(_IOC_NONE, 0, 0x49, 0), 0x7fff76a48fd0) = 0 <0.000085>
31038 1787052210.381535 ioctl(10, _IOC(_IOC_NONE, 0, 0x21, 0), 0x7fff76a46bc0) = 0 <0.000105>
31038 1787052210.383424 mmap(NULL, 217088, PROT_READ|PROT_WRITE, MAP_PRIVATE|MAP_ANONYMOUS, -1, 0) = 0x7770982fa000 <0.000055>
31038 1787052210.383583 ioctl(9, _IOC(_IOC_READ|_IOC_WRITE, 0x46, 0x2b, 0x30), 0x7fff76a49330) = 0 <0.000121>
31038 1787052210.383786 ioctl(10, _IOC(_IOC_NONE, 0, 0x49, 0), 0x7fff76a48fd0) = 0 <0.000078>
31038 1787052210.383920 ioctl(10, _IOC(_IOC_NONE, 0, 0x21, 0), 0x7fff76a46bc0) = 0 <0.000129>
31038 1787052210.384660 mmap(0x10004a00000, 2097152, PROT_READ|PROT_WRITE, MAP_SHARED|MAP_FIXED|MAP_ANONYMOUS, -1, 0) = 0x10004a00000 <0.000080>
31038 1787052210.384816 ioctl(13, _IOC(_IOC_READ|_IOC_WRITE, 0x46, 0x27, 0x38), 0x7fff76a49040) = 0 <0.001284>
31038 1787052210.386211 ioctl(10, _IOC(_IOC_NONE, 0, 0x49, 0), 0x7fff76a48d30) = 0 <0.000096>
31038 1787052210.386384 ioctl(10, _IOC(_IOC_NONE, 0, 0x21, 0), 0x7fff76a46920) = 0 <0.000181>
31038 1787052210.386673 ioctl(9, _IOC(_IOC_READ|_IOC_WRITE, 0x46, 0x2b, 0x30), 0x7fff76a49090) = 0 <0.000114>
31038 1787052210.386869 ioctl(10, _IOC(_IOC_NONE, 0, 0x49, 0), 0x7fff76a48d30) = 0 <0.000083>
31038 1787052210.387028 ioctl(10, _IOC(_IOC_NONE, 0, 0x21, 0), 0x7fff76a46920) = 0 <0.000105>
31038 1787052210.387223 ioctl(10, _IOC(_IOC_NONE, 0, 0x41, 0), 0x7fff76a491e0) = 0 <0.000095>
31038 1787052210.387416 mmap(NULL, 2097152, PROT_READ|PROT_WRITE, MAP_SHARED|MAP_ANONYMOUS, -1, 0) = 0x7770980fa000 <0.000066>
31038 1787052210.387561 ioctl(13, _IOC(_IOC_READ|_IOC_WRITE, 0x46, 0x27, 0x38), 0x7fff76a49500) = 0 <0.001248>
31038 1787052210.388914 ioctl(10, _IOC(_IOC_NONE, 0, 0x49, 0), 0x7fff76a491f0) = 0 <0.000099>
31038 1787052210.389092 ioctl(10, _IOC(_IOC_NONE, 0, 0x21, 0), 0x7fff76a46de0) = 0 <0.000190>
31038 1787052210.389879 ioctl(9, _IOC(_IOC_READ|_IOC_WRITE, 0x46, 0x2b, 0x30), 0x7fff76a48950) = 0 <0.000121>
31038 1787052210.390104 ioctl(10, _IOC(_IOC_NONE, 0, 0x49, 0), 0x7fff76a485f0) = 0 <0.000074>
31038 1787052210.390252 ioctl(10, _IOC(_IOC_NONE, 0, 0x21, 0), 0x7fff76a461e0) = 0 <0.000124>
31038 1787052210.390571 ioctl(9, _IOC(_IOC_READ|_IOC_WRITE, 0x46, 0x2b, 0x30), 0x7fff76a492d0) = 0 <0.000089>
31038 1787052210.390737 ioctl(10, _IOC(_IOC_NONE, 0, 0x49, 0), 0x7fff76a48f70) = 0 <0.000086>
31038 1787052210.390924 ioctl(10, _IOC(_IOC_NONE, 0, 0x21, 0), 0x7fff76a46b60) = 0 <0.000101>
31038 1787052210.391400 ioctl(9, _IOC(_IOC_READ|_IOC_WRITE, 0x46, 0x2b, 0x30), 0x7fff76a49550) = 0 <0.000108>
31038 1787052210.391589 ioctl(10, _IOC(_IOC_NONE, 0, 0x49, 0), 0x7fff76a491f0) = 0 <0.000086>
31038 1787052210.391748 ioctl(10, _IOC(_IOC_NONE, 0, 0x21, 0), 0x7fff76a46de0) = 0 <0.000114>
31038 1787052210.393430 ioctl(9, _IOC(_IOC_READ|_IOC_WRITE, 0x46, 0x2b, 0x30), 0x7fff76a492d0) = 0 <0.000205>
31038 1787052210.393716 ioctl(9, _IOC(_IOC_READ|_IOC_WRITE, 0x46, 0x2a, 0x20), 0x7fff76a481e0) = 0 <0.000075>
31038 1787052210.393867 openat(AT_FDCWD, "/dev/nvidiactl", O_RDWR|O_CLOEXEC) = 27 <0.000083>
31038 1787052210.394031 ioctl(9, _IOC(_IOC_READ|_IOC_WRITE, 0x46, 0x4e, 0x38), 0x7fff76a493a0) = 0 <0.000067>
31038 1787052210.394174 mmap(0x10005400000, 2097152, PROT_READ|PROT_WRITE, MAP_SHARED|MAP_FIXED, 27, 0) = 0x10005400000 <0.000161>
31038 1787052210.394416 close(27)       = 0 <0.000049>
31038 1787052210.394540 ioctl(10, _IOC(_IOC_NONE, 0, 0x49, 0), 0x7fff76a48f70) = 0 <0.000084>
31038 1787052210.394699 ioctl(10, _IOC(_IOC_NONE, 0, 0x21, 0), 0x7fff76a46b60) = 0 <0.000166>
31038 1787052210.395192 mmap(NULL, 663552, PROT_READ|PROT_WRITE, MAP_PRIVATE|MAP_ANONYMOUS, -1, 0) = 0x777098058000 <0.000069>
31038 1787052210.396004 mmap(NULL, 708608, PROT_READ|PROT_WRITE, MAP_PRIVATE|MAP_ANONYMOUS, -1, 0) = 0x776e8ff53000 <0.000066>
31038 1787052210.400630 munmap(0x777098058000, 663552) = 0 <0.000124>
31038 1787052210.400875 mmap(NULL, 2101248, PROT_READ|PROT_WRITE, MAP_PRIVATE|MAP_ANONYMOUS, -1, 0) = 0x776e853dd000 <0.000056>
31038 1787052210.402005 munmap(0x776e853dd000, 2101248) = 0 <0.000156>
31038 1787052210.412152 ioctl(9, _IOC(_IOC_READ|_IOC_WRITE, 0x46, 0x2b, 0x30), 0x7fff76a48900) = 0 <0.000166>
31038 1787052210.412425 ioctl(10, _IOC(_IOC_NONE, 0, 0x49, 0), 0x7fff76a485a0) = 0 <0.000097>
31038 1787052210.412599 ioctl(10, _IOC(_IOC_NONE, 0, 0x21, 0), 0x7fff76a46190) = 0 <0.000159>
31038 1787052210.419972 mmap(0x10005800000, 2097152, PROT_READ|PROT_WRITE, MAP_SHARED|MAP_FIXED|MAP_ANONYMOUS, -1, 0) = 0x10005800000 <0.000105>
31038 1787052210.420160 ioctl(13, _IOC(_IOC_READ|_IOC_WRITE, 0x46, 0x27, 0x38), 0x7fff76a49270) = 0 <0.001324>
31038 1787052210.421595 ioctl(10, _IOC(_IOC_NONE, 0, 0x49, 0), 0x7fff76a48f60) = 0 <0.000103>
31038 1787052210.421778 ioctl(10, _IOC(_IOC_NONE, 0, 0x21, 0), 0x7fff76a46b50) = 0 <0.000210>
31038 1787052210.422464 ioctl(9, _IOC(_IOC_READ|_IOC_WRITE, 0x46, 0x2b, 0x30), 0x7fff76a4a1a0) = 0 <0.001643>
31038 1787052210.424219 ioctl(9, _IOC(_IOC_READ|_IOC_WRITE, 0x46, 0x2b, 0x30), 0x7fff76a49170) = 0 <0.000466>
31038 1787052210.424778 ioctl(9, _IOC(_IOC_READ|_IOC_WRITE, 0x46, 0x2a, 0x20), 0x7fff76a48080) = 0 <0.000063>
31038 1787052210.424925 openat(AT_FDCWD, "/dev/nvidiactl", O_RDWR|O_CLOEXEC) = 27 <0.000065>
31038 1787052210.425072 ioctl(9, _IOC(_IOC_READ|_IOC_WRITE, 0x46, 0x4e, 0x38), 0x7fff76a49240) = 0 <0.000071>
31038 1787052210.425218 mmap(0x10005a00000, 6205440, PROT_READ|PROT_WRITE, MAP_SHARED|MAP_FIXED, 27, 0) = 0x10005a00000 <0.000296>
31038 1787052210.425603 close(27)       = 0 <0.000051>
31038 1787052210.425733 ioctl(10, _IOC(_IOC_NONE, 0, 0x49, 0), 0x7fff76a48e10) = 0 <0.000097>
31038 1787052210.425933 ioctl(10, _IOC(_IOC_NONE, 0, 0x21, 0), 0x7fff76a46a00) = 0 <0.000254>
31038 1787052210.426626 ioctl(9, _IOC(_IOC_READ|_IOC_WRITE, 0x46, 0x2b, 0x30), 0x7fff76a492b0) = 0 <0.000121>
31038 1787052210.426827 ioctl(10, _IOC(_IOC_NONE, 0, 0x49, 0), 0x7fff76a48f50) = 0 <0.000132>
31038 1787052210.427036 ioctl(10, _IOC(_IOC_NONE, 0, 0x21, 0), 0x7fff76a46b40) = 0 <0.000122>
31038 1787052210.427259 ioctl(9, _IOC(_IOC_READ|_IOC_WRITE, 0x46, 0x2b, 0x30), 0x7fff76a492b0) = 0 <0.000116>
31038 1787052210.427453 ioctl(10, _IOC(_IOC_NONE, 0, 0x49, 0), 0x7fff76a48f50) = 0 <0.000074>
31038 1787052210.427600 ioctl(10, _IOC(_IOC_NONE, 0, 0x21, 0), 0x7fff76a46b40) = 0 <0.000103>
31038 1787052210.428197 openat(AT_FDCWD, "/dev/nvidia0", O_RDWR|O_CLOEXEC) = 27 <0.000078>
31038 1787052210.428358 ioctl(27, _IOC(_IOC_READ|_IOC_WRITE, 0x46, 0xc9, 0x4), 0x7fff76a4a060) = 0 <0.000054>
31038 1787052210.428487 ioctl(27, _IOC(_IOC_READ|_IOC_WRITE, 0x46, 0xce, 0x10), 0x7fff76a4a050) = 0 <0.000051>
31038 1787052210.428804 ioctl(27, _IOC(_IOC_READ|_IOC_WRITE, 0x46, 0x2b, 0x30), 0x7fff76a4a000) = 0 <0.000490>
31038 1787052210.429877 openat(AT_FDCWD, "/dev/nvidia0", O_RDWR|O_CLOEXEC) = 29 <0.000064>
31038 1787052210.430061 ioctl(29, _IOC(_IOC_READ|_IOC_WRITE, 0x46, 0xc9, 0x4), 0x7fff76a4a060) = 0 <0.000056>
31038 1787052210.430193 ioctl(29, _IOC(_IOC_READ|_IOC_WRITE, 0x46, 0xce, 0x10), 0x7fff76a4a050) = 0 <0.000050>
31038 1787052210.430516 ioctl(29, _IOC(_IOC_READ|_IOC_WRITE, 0x46, 0x2b, 0x30), 0x7fff76a4a000) = 0 <0.000349>
31038 1787052210.431474 openat(AT_FDCWD, "/dev/nvidia0", O_RDWR|O_CLOEXEC) = 31 <0.000057>
31038 1787052210.431619 ioctl(31, _IOC(_IOC_READ|_IOC_WRITE, 0x46, 0xc9, 0x4), 0x7fff76a4a060) = 0 <0.000053>
31038 1787052210.431745 ioctl(31, _IOC(_IOC_READ|_IOC_WRITE, 0x46, 0xce, 0x10), 0x7fff76a4a050) = 0 <0.000050>
31038 1787052210.432074 ioctl(31, _IOC(_IOC_READ|_IOC_WRITE, 0x46, 0x2b, 0x30), 0x7fff76a4a000) = 0 <0.000388>
31038 1787052210.433023 openat(AT_FDCWD, "/dev/nvidia0", O_RDWR|O_CLOEXEC) = 33 <0.000056>
31038 1787052210.433163 ioctl(33, _IOC(_IOC_READ|_IOC_WRITE, 0x46, 0xc9, 0x4), 0x7fff76a4a060) = 0 <0.000055>
31038 1787052210.433297 ioctl(33, _IOC(_IOC_READ|_IOC_WRITE, 0x46, 0xce, 0x10), 0x7fff76a4a050) = 0 <0.000053>
31038 1787052210.433640 ioctl(33, _IOC(_IOC_READ|_IOC_WRITE, 0x46, 0x2b, 0x30), 0x7fff76a4a000) = 0 <0.000363>
31038 1787052210.434570 ioctl(9, _IOC(_IOC_READ|_IOC_WRITE, 0x46, 0x2a, 0x20), 0x7fff76a48fa0) = 0 <0.000370>
31038 1787052210.435034 ioctl(9, _IOC(_IOC_READ|_IOC_WRITE, 0x46, 0x2a, 0x20), 0x7fff76a49050) = 0 <0.000698>
31038 1787052210.435830 ioctl(9, _IOC(_IOC_READ|_IOC_WRITE, 0x46, 0x2a, 0x20), 0x7fff76a490e0) = 0 <0.000365>
31038 1787052210.436301 mmap(NULL, 1073737728, PROT_NONE, MAP_PRIVATE|MAP_ANONYMOUS, -1, 0) = 0x776e40001000 <0.000075>
31038 1787052210.436771 munmap(0x776e40001000, 536866816) = 0 <0.000071>
31038 1787052210.436951 ioctl(9, _IOC(_IOC_READ|_IOC_WRITE, 0x46, 0x2b, 0x30), 0x7fff76a492e0) = 0 <0.000119>
31038 1787052210.437158 ioctl(10, _IOC(_IOC_NONE, 0, 0x49, 0), 0x7fff76a48f80) = 0 <0.000089>
31038 1787052210.437321 ioctl(10, _IOC(_IOC_NONE, 0, 0x21, 0), 0x7fff76a46b70) = 0 <0.000206>
31038 1787052210.440156 openat(AT_FDCWD, "/etc/localtime", O_RDONLY|O_CLOEXEC) = 35 <0.000075>
31038 1787052210.440811 close(35)       = 0 <0.000050>
31038 1787052210.441024 ioctl(9, _IOC(_IOC_READ|_IOC_WRITE, 0x46, 0x2a, 0x20), 0x7fff76a490e0) = 0 <0.000328>
31038 1787052210.441432 ioctl(9, _IOC(_IOC_READ|_IOC_WRITE, 0x46, 0x2a, 0x20), 0x7fff76a490d0) = 0 <0.000328>
31038 1787052210.441867 openat(AT_FDCWD, "/sys/devices/system/cpu/online", O_RDONLY|O_CLOEXEC) = 35 <0.000083>
31038 1787052210.442137 close(35)       = 0 <0.000052>
31038 1787052210.442261 mmap(NULL, 3416064, PROT_READ|PROT_WRITE, MAP_PRIVATE|MAP_ANONYMOUS, -1, 0) = 0x776e8529c000 <0.000059>
31038 1787052210.442419 openat(AT_FDCWD, "/proc/self/task/31043/comm", O_WRONLY|O_CREAT|O_TRUNC, 0666) = 35 <0.000090>
31038 1787052210.442801 close(35)       = 0 <0.000051>
31038 1787052210.443450 mmap(NULL, 8392704, PROT_NONE, MAP_PRIVATE|MAP_ANONYMOUS|MAP_STACK, -1, 0) = 0x776e84a9b000 <0.000051>
31044 1787052210.444633 mmap(NULL, 134217728, PROT_NONE, MAP_PRIVATE|MAP_ANONYMOUS, -1, 0) = 0x776e58000000 <0.000073>
31044 1787052210.444797 munmap(0x776e5c000000, 67108864) = 0 <0.000112>
31038 1787052210.446459 ioctl(9, _IOC(_IOC_READ|_IOC_WRITE, 0x46, 0x2b, 0x30), 0x7fff76a49bc0) = 0 <0.000150>
31038 1787052210.446689 ioctl(9, _IOC(_IOC_READ|_IOC_WRITE, 0x46, 0x2a, 0x20), 0x7fff76a48b60) = 0 <0.000067>
31038 1787052210.446838 ioctl(10, _IOC(_IOC_NONE, 0, 0x49, 0), 0x7fff76a49860) = 0 <0.000095>
31038 1787052210.447011 ioctl(10, _IOC(_IOC_NONE, 0, 0x21, 0), 0x7fff76a47450) = 0 <0.000162>
31038 1787052210.447572 mmap(NULL, 1073737728, PROT_NONE, MAP_PRIVATE|MAP_ANONYMOUS, -1, 0) = 0x776e18001000 <0.000054>
31038 1787052210.447988 munmap(0x776e18001000, 134213632) = 0 <0.000063>
31038 1787052210.448407 munmap(0x776e40000000, 402653184) = 0 <0.000053>
31038 1787052210.448537 mmap(0x776e20000000, 268435456, PROT_READ|PROT_WRITE, MAP_SHARED|MAP_FIXED|MAP_ANONYMOUS, -1, 0) = 0x776e20000000 <0.000061>
31038 1787052210.448672 ioctl(13, _IOC(_IOC_READ|_IOC_WRITE, 0x46, 0x27, 0x38), 0x7fff76a49b30) = 0 <0.142115>
31038 1787052210.590916 ioctl(10, _IOC(_IOC_NONE, 0, 0x49, 0), 0x7fff76a49820) = 0 <0.000115>
31038 1787052210.591121 ioctl(10, _IOC(_IOC_NONE, 0, 0x21, 0), 0x7fff76a47410) = 0 <0.004244>
31038 1787052210.661998 openat(AT_FDCWD, "/tmp/rep1/pbcap/snap-00000-meta.txt", O_WRONLY|O_CREAT|O_TRUNC, 0666) = 40 <0.000110>
31038 1787052210.662389 close(40)       = 0 <0.000048>
31038 1787052210.729568 openat(AT_FDCWD, "/tmp/rep1/pbcap/snap-00001-meta.txt", O_WRONLY|O_CREAT|O_TRUNC, 0666) = 40 <0.000094>
31038 1787052210.729962 close(40)       = 0 <0.000045>
31038 1787052210.864719 openat(AT_FDCWD, "/tmp/rep1/pbcap/snap-00002-meta.txt", O_WRONLY|O_CREAT|O_TRUNC, 0666) = 40 <0.000100>
31038 1787052210.865154 close(40)       = 0 <0.000055>
31038 1787052210.999186 openat(AT_FDCWD, "/tmp/rep1/pbcap/snap-00003-meta.txt", O_WRONLY|O_CREAT|O_TRUNC, 0666) = 40 <0.000100>
31038 1787052210.999621 close(40)       = 0 <0.000054>
31038 1787052211.133241 openat(AT_FDCWD, "/tmp/rep1/pbcap/snap-00004-meta.txt", O_WRONLY|O_CREAT|O_TRUNC, 0666) = 40 <0.000093>
31038 1787052211.133658 close(40)       = 0 <0.000056>
31038 1787052211.267210 openat(AT_FDCWD, "/tmp/rep1/pbcap/snap-00005-meta.txt", O_WRONLY|O_CREAT|O_TRUNC, 0666) = 40 <0.000121>
31038 1787052211.267658 close(40)       = 0 <0.000055>
31038 1787052211.400748 openat(AT_FDCWD, "/tmp/rep1/pbcap/snap-00006-meta.txt", O_WRONLY|O_CREAT|O_TRUNC, 0666) = 40 <0.000098>
31038 1787052211.401208 close(40)       = 0 <0.000055>
31038 1787052211.534093 openat(AT_FDCWD, "/tmp/rep1/pbcap/snap-00007-meta.txt", O_WRONLY|O_CREAT|O_TRUNC, 0666) = 40 <0.000081>
31038 1787052211.534458 close(40)       = 0 <0.000047>
31038 1787052211.647996 openat(AT_FDCWD, "/tmp/rep1/pbcap/snap-00008-meta.txt", O_WRONLY|O_CREAT|O_TRUNC, 0666) = 40 <0.000089>
31038 1787052211.648367 close(40)       = 0 <0.000047>
31038 1787052211.762060 openat(AT_FDCWD, "/tmp/rep1/pbcap/snap-00009-meta.txt", O_WRONLY|O_CREAT|O_TRUNC, 0666) = 40 <0.000080>
31038 1787052211.762428 close(40)       = 0 <0.000048>
31038 1787052211.876540 openat(AT_FDCWD, "/tmp/rep1/pbcap/snap-00010-meta.txt", O_WRONLY|O_CREAT|O_TRUNC, 0666) = 40 <0.000096>
31038 1787052211.876957 close(40)       = 0 <0.000049>
31038 1787052211.990558 openat(AT_FDCWD, "/tmp/rep1/pbcap/snap-00011-meta.txt", O_WRONLY|O_CREAT|O_TRUNC, 0666) = 40 <0.000096>
31038 1787052211.990997 close(40)       = 0 <0.000049>
31038 1787052212.059928 ioctl(10, _IOC(_IOC_NONE, 0, 0x22, 0), 0x7fff76a4a580) = 0 <0.000784>
31038 1787052212.060826 ioctl(9, _IOC(_IOC_READ|_IOC_WRITE, 0x46, 0x29, 0x10), 0x7fff76a4a690) = 0 <0.004812>
31038 1787052212.065738 mmap(0x776e20000000, 268435456, PROT_NONE, MAP_PRIVATE|MAP_FIXED|MAP_ANONYMOUS, -1, 0) = 0x776e20000000 <0.029513>
31038 1787052212.095645 munmap(0x776e20000000, 536870912) = 0 <0.000056>
31038 1787052212.095818 ioctl(9, _IOC(_IOC_READ|_IOC_WRITE, 0x46, 0x2a, 0x20), 0x7fff76a49550) = 0 <0.000095>
31038 1787052212.095992 ioctl(10, _IOC(_IOC_NONE, 0, 0x22, 0), 0x7fff76a4a480) = 0 <0.000142>
31038 1787052212.096213 ioctl(9, _IOC(_IOC_READ|_IOC_WRITE, 0x46, 0x29, 0x10), 0x7fff76a4a590) = 0 <0.000204>
31043 1787052212.099777 +++ exited with 0 +++
31039 1787052212.099794 +++ exited with 0 +++
31044 1787052212.221173 +++ exited with 0 +++
31038 1787052212.221225 +++ exited with 0 +++
