32269 1787052437.521110 mmap(NULL, 8192, PROT_READ|PROT_WRITE, MAP_PRIVATE|MAP_ANONYMOUS, -1, 0) = 0x73c46aa16000 <0.000077>
32269 1787052437.521387 openat(AT_FDCWD, "/path/to/ogkm/reverse/lib/libpbcap.so", O_RDONLY|O_CLOEXEC) = 3 <0.000072>
32269 1787052437.521800 mmap(NULL, 400560, PROT_READ, MAP_PRIVATE|MAP_DENYWRITE, 3, 0) = 0x73c46a9b4000 <0.000052>
32269 1787052437.522016 mmap(0x73c46a9b6000, 16384, PROT_READ|PROT_EXEC, MAP_PRIVATE|MAP_FIXED|MAP_DENYWRITE, 3, 0x2000) = 0x73c46a9b6000 <0.000069>
32269 1787052437.522158 mmap(0x73c46a9ba000, 8192, PROT_READ, MAP_PRIVATE|MAP_FIXED|MAP_DENYWRITE, 3, 0x6000) = 0x73c46a9ba000 <0.000053>
32269 1787052437.522280 mmap(0x73c46a9bc000, 8192, PROT_READ|PROT_WRITE, MAP_PRIVATE|MAP_FIXED|MAP_DENYWRITE, 3, 0x7000) = 0x73c46a9bc000 <0.000057>
32269 1787052437.522421 mmap(0x73c46a9be000, 359600, PROT_READ|PROT_WRITE, MAP_PRIVATE|MAP_FIXED|MAP_ANONYMOUS, -1, 0) = 0x73c46a9be000 <0.000056>
32269 1787052437.522561 close(3)        = 0 <0.000045>
32269 1787052437.522773 openat(AT_FDCWD, "/etc/ld.so.cache", O_RDONLY|O_CLOEXEC) = 3 <0.000051>
32269 1787052437.523009 mmap(NULL, 28071, PROT_READ, MAP_PRIVATE, 3, 0) = 0x73c46a9ad000 <0.000052>
32269 1787052437.523134 close(3)        = 0 <0.000043>
32269 1787052437.523256 openat(AT_FDCWD, "/usr/local/cuda/targets/x86_64-linux/lib/libcudart.so.13", O_RDONLY|O_CLOEXEC) = 3 <0.000054>
32269 1787052437.523571 mmap(NULL, 4973856, PROT_NONE, MAP_PRIVATE|MAP_ANONYMOUS|MAP_DENYWRITE, -1, 0) = 0x73c46a4ee000 <0.000050>
32269 1787052437.523690 mmap(0x73c46a600000, 2876704, PROT_READ|PROT_EXEC, MAP_PRIVATE|MAP_FIXED|MAP_DENYWRITE, 3, 0) = 0x73c46a600000 <0.000068>
32269 1787052437.523827 munmap(0x73c46a4ee000, 1122304) = 0 <0.000094>
32269 1787052437.523993 munmap(0x73c46a8bf000, 972064) = 0 <0.000048>
32269 1787052437.524220 mmap(0x73c46a8b7000, 24576, PROT_READ|PROT_WRITE, MAP_PRIVATE|MAP_FIXED|MAP_DENYWRITE, 3, 0xb7000) = 0x73c46a8b7000 <0.000054>
32269 1787052437.524353 mmap(0x73c46a8bd000, 5408, PROT_READ|PROT_WRITE, MAP_PRIVATE|MAP_FIXED|MAP_ANONYMOUS, -1, 0) = 0x73c46a8bd000 <0.000052>
32269 1787052437.524505 close(3)        = 0 <0.000044>
32269 1787052437.524622 openat(AT_FDCWD, "/lib/x86_64-linux-gnu/libc.so.6", O_RDONLY|O_CLOEXEC) = 3 <0.000050>
32269 1787052437.525136 mmap(NULL, 2170256, PROT_READ, MAP_PRIVATE|MAP_DENYWRITE, 3, 0) = 0x73c46a200000 <0.000054>
32269 1787052437.525261 mmap(0x73c46a228000, 1605632, PROT_READ|PROT_EXEC, MAP_PRIVATE|MAP_FIXED|MAP_DENYWRITE, 3, 0x28000) = 0x73c46a228000 <0.000060>
32269 1787052437.525390 mmap(0x73c46a3b0000, 323584, PROT_READ, MAP_PRIVATE|MAP_FIXED|MAP_DENYWRITE, 3, 0x1b0000) = 0x73c46a3b0000 <0.000072>
32269 1787052437.525531 mmap(0x73c46a3ff000, 24576, PROT_READ|PROT_WRITE, MAP_PRIVATE|MAP_FIXED|MAP_DENYWRITE, 3, 0x1fe000) = 0x73c46a3ff000 <0.000058>
32269 1787052437.525668 mmap(0x73c46a405000, 52624, PROT_READ|PROT_WRITE, MAP_PRIVATE|MAP_FIXED|MAP_ANONYMOUS, -1, 0) = 0x73c46a405000 <0.000060>
32269 1787052437.525821 close(3)        = 0 <0.000045>
32269 1787052437.525990 openat(AT_FDCWD, "/lib/x86_64-linux-gnu/libdl.so.2", O_RDONLY|O_CLOEXEC) = 3 <0.000052>
32269 1787052437.526311 mmap(NULL, 16400, PROT_READ, MAP_PRIVATE|MAP_DENYWRITE, 3, 0) = 0x73c46a9a8000 <0.000051>
32269 1787052437.526430 mmap(0x73c46a9a9000, 4096, PROT_READ|PROT_EXEC, MAP_PRIVATE|MAP_FIXED|MAP_DENYWRITE, 3, 0x1000) = 0x73c46a9a9000 <0.000059>
32269 1787052437.526557 mmap(0x73c46a9aa000, 4096, PROT_READ, MAP_PRIVATE|MAP_FIXED|MAP_DENYWRITE, 3, 0x2000) = 0x73c46a9aa000 <0.000053>
32269 1787052437.526678 mmap(0x73c46a9ab000, 8192, PROT_READ|PROT_WRITE, MAP_PRIVATE|MAP_FIXED|MAP_DENYWRITE, 3, 0x2000) = 0x73c46a9ab000 <0.000052>
32269 1787052437.526825 close(3)        = 0 <0.000045>
32269 1787052437.526977 openat(AT_FDCWD, "/lib/x86_64-linux-gnu/libpthread.so.0", O_RDONLY|O_CLOEXEC) = 3 <0.000048>
32269 1787052437.527284 mmap(NULL, 16400, PROT_READ, MAP_PRIVATE|MAP_DENYWRITE, 3, 0) = 0x73c46a9a3000 <0.000048>
32269 1787052437.527398 mmap(0x73c46a9a4000, 4096, PROT_READ|PROT_EXEC, MAP_PRIVATE|MAP_FIXED|MAP_DENYWRITE, 3, 0x1000) = 0x73c46a9a4000 <0.000056>
32269 1787052437.527536 mmap(0x73c46a9a5000, 4096, PROT_READ, MAP_PRIVATE|MAP_FIXED|MAP_DENYWRITE, 3, 0x2000) = 0x73c46a9a5000 <0.000058>
32269 1787052437.527663 mmap(0x73c46a9a6000, 8192, PROT_READ|PROT_WRITE, MAP_PRIVATE|MAP_FIXED|MAP_DENYWRITE, 3, 0x2000) = 0x73c46a9a6000 <0.000054>
32269 1787052437.527809 close(3)        = 0 <0.000044>
32269 1787052437.527965 openat(AT_FDCWD, "/lib/x86_64-linux-gnu/librt.so.1", O_RDONLY|O_CLOEXEC) = 3 <0.000050>
32269 1787052437.528276 mmap(NULL, 8192, PROT_READ|PROT_WRITE, MAP_PRIVATE|MAP_ANONYMOUS, -1, 0) = 0x73c46a9a1000 <0.000052>
32269 1787052437.528407 mmap(NULL, 16400, PROT_READ, MAP_PRIVATE|MAP_DENYWRITE, 3, 0) = 0x73c46a99c000 <0.000049>
32269 1787052437.528525 mmap(0x73c46a99d000, 4096, PROT_READ|PROT_EXEC, MAP_PRIVATE|MAP_FIXED|MAP_DENYWRITE, 3, 0x1000) = 0x73c46a99d000 <0.000056>
32269 1787052437.528649 mmap(0x73c46a99e000, 4096, PROT_READ, MAP_PRIVATE|MAP_FIXED|MAP_DENYWRITE, 3, 0x2000) = 0x73c46a99e000 <0.000051>
32269 1787052437.528768 mmap(0x73c46a99f000, 8192, PROT_READ|PROT_WRITE, MAP_PRIVATE|MAP_FIXED|MAP_DENYWRITE, 3, 0x2000) = 0x73c46a99f000 <0.000051>
32269 1787052437.528924 close(3)        = 0 <0.000044>
32269 1787052437.529040 openat(AT_FDCWD, "/lib/x86_64-linux-gnu/libstdc++.so.6", O_RDONLY|O_CLOEXEC) = 3 <0.000050>
32269 1787052437.529353 mmap(NULL, 2609472, PROT_READ, MAP_PRIVATE|MAP_DENYWRITE, 3, 0) = 0x73c469e00000 <0.000059>
32269 1787052437.529482 mmap(0x73c469e9d000, 1343488, PROT_READ|PROT_EXEC, MAP_PRIVATE|MAP_FIXED|MAP_DENYWRITE, 3, 0x9d000) = 0x73c469e9d000 <0.000055>
32269 1787052437.529606 mmap(0x73c469fe5000, 552960, PROT_READ, MAP_PRIVATE|MAP_FIXED|MAP_DENYWRITE, 3, 0x1e5000) = 0x73c469fe5000 <0.000052>
32269 1787052437.529726 mmap(0x73c46a06c000, 57344, PROT_READ|PROT_WRITE, MAP_PRIVATE|MAP_FIXED|MAP_DENYWRITE, 3, 0x26b000) = 0x73c46a06c000 <0.000053>
32269 1787052437.529857 mmap(0x73c46a07a000, 12608, PROT_READ|PROT_WRITE, MAP_PRIVATE|MAP_FIXED|MAP_ANONYMOUS, -1, 0) = 0x73c46a07a000 <0.000092>
32269 1787052437.530050 close(3)        = 0 <0.000043>
32269 1787052437.530175 openat(AT_FDCWD, "/lib/x86_64-linux-gnu/libm.so.6", O_RDONLY|O_CLOEXEC) = 3 <0.000050>
32269 1787052437.530488 mmap(NULL, 950296, PROT_READ, MAP_PRIVATE|MAP_DENYWRITE, 3, 0) = 0x73c46a517000 <0.000053>
32269 1787052437.530610 mmap(0x73c46a527000, 520192, PROT_READ|PROT_EXEC, MAP_PRIVATE|MAP_FIXED|MAP_DENYWRITE, 3, 0x10000) = 0x73c46a527000 <0.000060>
32269 1787052437.530737 mmap(0x73c46a5a6000, 360448, PROT_READ, MAP_PRIVATE|MAP_FIXED|MAP_DENYWRITE, 3, 0x8f000) = 0x73c46a5a6000 <0.000055>
32269 1787052437.530860 mmap(0x73c46a5fe000, 8192, PROT_READ|PROT_WRITE, MAP_PRIVATE|MAP_FIXED|MAP_DENYWRITE, 3, 0xe7000) = 0x73c46a5fe000 <0.000099>
32269 1787052437.531058 close(3)        = 0 <0.000044>
32269 1787052437.531174 openat(AT_FDCWD, "/lib/x86_64-linux-gnu/libgcc_s.so.1", O_RDONLY|O_CLOEXEC) = 3 <0.000049>
32269 1787052437.531490 mmap(NULL, 185256, PROT_READ, MAP_PRIVATE|MAP_DENYWRITE, 3, 0) = 0x73c46a96e000 <0.000057>
32269 1787052437.531615 mmap(0x73c46a972000, 147456, PROT_READ|PROT_EXEC, MAP_PRIVATE|MAP_FIXED|MAP_DENYWRITE, 3, 0x4000) = 0x73c46a972000 <0.000062>
32269 1787052437.531745 mmap(0x73c46a996000, 16384, PROT_READ, MAP_PRIVATE|MAP_FIXED|MAP_DENYWRITE, 3, 0x28000) = 0x73c46a996000 <0.000053>
32269 1787052437.531867 mmap(0x73c46a99a000, 8192, PROT_READ|PROT_WRITE, MAP_PRIVATE|MAP_FIXED|MAP_DENYWRITE, 3, 0x2b000) = 0x73c46a99a000 <0.000093>
32269 1787052437.532057 close(3)        = 0 <0.000044>
32269 1787052437.532208 mmap(NULL, 8192, PROT_READ|PROT_WRITE, MAP_PRIVATE|MAP_ANONYMOUS, -1, 0) = 0x73c46a96c000 <0.000049>
32269 1787052437.532370 mmap(NULL, 24576, PROT_READ|PROT_WRITE, MAP_PRIVATE|MAP_ANONYMOUS, -1, 0) = 0x73c46a966000 <0.000048>
32269 1787052437.534430 mmap(NULL, 8192, PROT_READ|PROT_WRITE, MAP_PRIVATE|MAP_ANONYMOUS, -1, 0) = 0x73c46a964000 <0.000067>
32269 1787052437.535795 munmap(0x73c46a9ad000, 28071) = 0 <0.000060>
32269 1787052437.537015 mmap(NULL, 4198400, PROT_READ|PROT_WRITE, MAP_PRIVATE|MAP_ANONYMOUS, -1, 0) = 0x73c4699ff000 <0.000051>
32269 1787052437.537383 openat(AT_FDCWD, "/tmp/cap_hostreg/pbcap/timeline.ndjson", O_WRONLY|O_CREAT|O_APPEND|O_CLOEXEC, 0644) = 3 <0.000056>
32269 1787052437.538359 openat(AT_FDCWD, "/etc/ld.so.cache", O_RDONLY|O_CLOEXEC) = 4 <0.000054>
32269 1787052437.538599 mmap(NULL, 28071, PROT_READ, MAP_PRIVATE, 4, 0) = 0x73c46a9ad000 <0.000056>
32269 1787052437.538728 close(4)        = 0 <0.000051>
32269 1787052437.538863 openat(AT_FDCWD, "/lib/x86_64-linux-gnu/libcuda.so.1", O_RDONLY|O_CLOEXEC) = 4 <0.000068>
32269 1787052437.539227 mmap(NULL, 113059432, PROT_READ, MAP_PRIVATE|MAP_DENYWRITE, 4, 0) = 0x73c462e00000 <0.000060>
32269 1787052437.539472 mmap(0x73c462fa8000, 19374080, PROT_READ|PROT_EXEC, MAP_PRIVATE|MAP_FIXED|MAP_DENYWRITE, 4, 0x1a8000) = 0x73c462fa8000 <0.000063>
32269 1787052437.539610 mmap(0x73c464222000, 89944064, PROT_READ, MAP_PRIVATE|MAP_FIXED|MAP_DENYWRITE, 4, 0x1422000) = 0x73c464222000 <0.000057>
32269 1787052437.539740 mmap(0x73c4697ea000, 1576960, PROT_READ|PROT_WRITE, MAP_PRIVATE|MAP_FIXED|MAP_DENYWRITE, 4, 0x69e9000) = 0x73c4697ea000 <0.000060>
32269 1787052437.539909 mmap(0x73c46996b000, 423528, PROT_READ|PROT_WRITE, MAP_PRIVATE|MAP_FIXED|MAP_ANONYMOUS, -1, 0) = 0x73c46996b000 <0.000070>
32269 1787052437.540104 close(4)        = 0 <0.000051>
32269 1787052437.543709 munmap(0x73c46a9ad000, 28071) = 0 <0.000070>
32269 1787052437.544482 openat(AT_FDCWD, "/sys/devices/system/cpu/online", O_RDONLY|O_CLOEXEC) = 4 <0.000090>
32269 1787052437.544779 close(4)        = 0 <0.000057>
32269 1787052437.544911 openat(AT_FDCWD, "/sys/devices/system/cpu/online", O_RDONLY|O_CLOEXEC) = 4 <0.000058>
32269 1787052437.545162 close(4)        = 0 <0.000052>
32269 1787052437.545288 mmap(NULL, 135168, PROT_READ|PROT_WRITE, MAP_PRIVATE|MAP_ANONYMOUS, -1, 0) = 0x73c46a943000 <0.000059>
32269 1787052437.545533 munmap(0x73c46a943000, 135168) = 0 <0.000076>
32269 1787052437.545686 openat(AT_FDCWD, "/proc/sys/vm/mmap_min_addr", O_RDONLY) = 4 <0.000059>
32269 1787052437.546077 close(4)        = 0 <0.000052>
32269 1787052437.546206 openat(AT_FDCWD, "/proc/cpuinfo", O_RDONLY) = 4 <0.000056>
32269 1787052437.546784 close(4)        = 0 <0.000050>
32269 1787052437.546911 openat(AT_FDCWD, "/proc/self/maps", O_RDONLY) = 4 <0.000080>
32269 1787052437.548353 close(4)        = 0 <0.000054>
32269 1787052437.548484 openat(AT_FDCWD, "/sys/devices/system/cpu/online", O_RDONLY|O_CLOEXEC) = 4 <0.000057>
32269 1787052437.548724 close(4)        = 0 <0.000052>
32269 1787052437.549537 mmap(NULL, 8392704, PROT_NONE, MAP_PRIVATE|MAP_ANONYMOUS|MAP_STACK, -1, 0) = 0x73c4625ff000 <0.000054>
32270 1787052437.550846 mmap(NULL, 134217728, PROT_NONE, MAP_PRIVATE|MAP_ANONYMOUS, -1, 0) = 0x73c45a400000 <0.000114>
32269 1787052437.551013 openat(AT_FDCWD, "/proc/self/task/32270/comm", O_WRONLY|O_CREAT|O_TRUNC, 0666 <unfinished ...>
32270 1787052437.551053 munmap(0x73c45a400000, 29360128 <unfinished ...>
32269 1787052437.551139 <... openat resumed>) = 9 <0.000101>
32270 1787052437.551167 <... munmap resumed>) = 0 <0.000097>
32270 1787052437.551257 munmap(0x73c460000000, 37748736) = 0 <0.000073>
32269 1787052437.551402 close(9)        = 0 <0.000051>
32269 1787052437.551652 openat(AT_FDCWD, "/dev/shm/cuda_injection_path_shm", O_RDWR|O_NOFOLLOW|O_CLOEXEC) = -1 ENOENT (No such file or directory) <0.000065>
32269 1787052437.551910 openat(AT_FDCWD, "/root/.nv/nvidia-application-profile-globals-rc", O_RDONLY) = -1 ENOENT (No such file or directory) <0.000072>
32269 1787052437.552088 openat(AT_FDCWD, "/root/.nv/nvidia-application-profiles-rc", O_RDONLY) = -1 ENOENT (No such file or directory) <0.000052>
32269 1787052437.552221 openat(AT_FDCWD, "/root/.nv/nvidia-application-profiles-rc.d", O_RDONLY) = -1 ENOENT (No such file or directory) <0.000052>
32269 1787052437.552352 openat(AT_FDCWD, "/etc/nvidia/nvidia-application-profiles-rc", O_RDONLY) = -1 ENOENT (No such file or directory) <0.000054>
32269 1787052437.552487 openat(AT_FDCWD, "/etc/nvidia/nvidia-application-profiles-rc.d/", O_RDONLY) = -1 ENOENT (No such file or directory) <0.000052>
32269 1787052437.552617 openat(AT_FDCWD, "/usr/share/nvidia/nvidia-application-profiles-610.43.02-rc", O_RDONLY) = 9 <0.000057>
32269 1787052437.562054 close(9)        = 0 <0.000075>
32269 1787052437.562228 openat(AT_FDCWD, "/usr/share/nvidia/nvidia-application-profiles-rc", O_RDONLY) = -1 ENOENT (No such file or directory) <0.000061>
32269 1787052437.562784 openat(AT_FDCWD, "/proc/self/cmdline", O_RDONLY) = 9 <0.000066>
32269 1787052437.563261 close(9)        = 0 <0.000056>
32269 1787052437.564223 close(9)        = 0 <0.000067>
32269 1787052437.565963 openat(AT_FDCWD, "/proc/driver/nvidia/params", O_RDONLY) = 9 <0.000078>
32269 1787052437.566389 close(9)        = 0 <0.000054>
32269 1787052437.567018 openat(AT_FDCWD, "/dev/nvidiactl", O_RDWR) = 9 <0.000062>
32269 1787052437.567266 openat(AT_FDCWD, "/sys/devices/system/memory/block_size_bytes", O_RDONLY) = 10 <0.000059>
32269 1787052437.567511 close(10)       = 0 <0.000053>
32269 1787052437.567637 ioctl(9, _IOC(_IOC_READ|_IOC_WRITE, 0x46, 0xd6, 0x8), 0x7fffa108c850) = 0 <0.000055>
32269 1787052437.567772 ioctl(9, _IOC(_IOC_READ|_IOC_WRITE, 0x46, 0xc8, 0x900), 0x73c4699be520) = 0 <0.000053>
32269 1787052437.568027 ioctl(9, _IOC(_IOC_READ|_IOC_WRITE, 0x46, 0x2b, 0x30), 0x7fffa108c9a0) = 0 <0.000180>
32269 1787052437.568302 ioctl(9, _IOC(_IOC_READ|_IOC_WRITE, 0x46, 0x2a, 0x20), 0x7fffa108b8b0) = 0 <0.000075>
32269 1787052437.568456 ioctl(9, _IOC(_IOC_READ|_IOC_WRITE, 0x46, 0x29, 0x10), 0x7fffa108c990) = 0 <0.000106>
32269 1787052437.568638 close(9)        = 0 <0.000059>
32269 1787052437.568881 openat(AT_FDCWD, "/proc/driver/nvidia/params", O_RDONLY) = 9 <0.000057>
32269 1787052437.569267 close(9)        = 0 <0.000051>
32269 1787052437.569828 openat(AT_FDCWD, "/dev/nvidiactl", O_RDWR) = 9 <0.000091>
32269 1787052437.570104 openat(AT_FDCWD, "/sys/devices/system/memory/block_size_bytes", O_RDONLY) = 10 <0.000057>
32269 1787052437.570344 close(10)       = 0 <0.000051>
32269 1787052437.570468 ioctl(9, _IOC(_IOC_READ|_IOC_WRITE, 0x46, 0xd6, 0x8), 0x7fffa108ce10) = 0 <0.000048>
32269 1787052437.570590 ioctl(9, _IOC(_IOC_READ|_IOC_WRITE, 0x46, 0xc8, 0x900), 0x73c4699be520) = 0 <0.000051>
32269 1787052437.570821 ioctl(9, _IOC(_IOC_READ|_IOC_WRITE, 0x46, 0x2b, 0x30), 0x7fffa108cf60) = 0 <0.000087>
32269 1787052437.570996 ioctl(9, _IOC(_IOC_READ|_IOC_WRITE, 0x46, 0x2a, 0x20), 0x7fffa108be30) = 0 <0.000072>
32269 1787052437.571142 ioctl(9, _IOC(_IOC_READ|_IOC_WRITE, 0x46, 0x2a, 0x20), 0x7fffa108be30) = 0 <0.000062>
32269 1787052437.571282 ioctl(9, _IOC(_IOC_READ|_IOC_WRITE, 0x46, 0x2b, 0x30), 0x7fffa108cf60) = 0 <0.000136>
32269 1787052437.571493 ioctl(9, _IOC(_IOC_READ|_IOC_WRITE, 0x46, 0x2a, 0x20), 0x7fffa108be40) = 0 <0.000070>
32269 1787052437.571644 openat(AT_FDCWD, "/sys/devices/system/cpu/online", O_RDONLY|O_CLOEXEC) = 10 <0.000057>
32269 1787052437.571929 close(10)       = 0 <0.000053>
32269 1787052437.572061 openat(AT_FDCWD, "/proc/self/status", O_RDONLY) = 10 <0.000063>
32269 1787052437.572551 close(10)       = 0 <0.000052>
32269 1787052437.572680 openat(AT_FDCWD, "/sys/devices/system/node", O_RDONLY|O_NONBLOCK|O_CLOEXEC|O_DIRECTORY) = 10 <0.000055>
32269 1787052437.573041 openat(AT_FDCWD, "/sys/devices/system/node/node0/cpumap", O_RDONLY) = 11 <0.000058>
32269 1787052437.573392 close(11)       = 0 <0.000052>
32269 1787052437.573618 close(10)       = 0 <0.000050>
32269 1787052437.574070 openat(AT_FDCWD, "/proc/devices", O_RDONLY) = 10 <0.000054>
32269 1787052437.574531 close(10)       = 0 <0.000051>
32269 1787052437.575562 openat(AT_FDCWD, "/dev/nvidia-uvm", O_RDWR|O_CLOEXEC) = 10 <0.000061>
32269 1787052437.576066 openat(AT_FDCWD, "/dev/nvidia-uvm", O_RDWR|O_CLOEXEC) = 11 <0.000053>
32269 1787052437.576508 ioctl(10, _IOC(_IOC_NONE, 0, 0x1, 0x3000), 0x7fffa108cfa0) = 0 <0.000309>
32269 1787052437.576915 ioctl(11, _IOC(_IOC_NONE, 0, 0x4b, 0), 0x7fffa108cfa0) = 0 <0.000111>
32269 1787052437.577106 ioctl(10, _IOC(_IOC_NONE, 0, 0x27, 0), 0x7fffa108cfa0) = 0 <0.000108>
32269 1787052437.577294 ioctl(9, _IOC(_IOC_READ|_IOC_WRITE, 0x46, 0x2a, 0x20), 0x7fffa1089fd0) = 0 <0.000071>
32269 1787052437.577444 ioctl(9, _IOC(_IOC_READ|_IOC_WRITE, 0x46, 0x2a, 0x20), 0x7fffa1089880) = 0 <0.000065>
32269 1787052437.577592 ioctl(9, _IOC(_IOC_READ|_IOC_WRITE, 0x46, 0x2a, 0x20), 0x7fffa1089f90) = 0 <0.000062>
32269 1787052437.577732 openat(AT_FDCWD, "/proc/driver/nvidia/params", O_RDONLY) = 12 <0.000055>
32269 1787052437.578100 close(12)       = 0 <0.000053>
32269 1787052437.578653 openat(AT_FDCWD, "/dev/nvidia0", O_RDWR|O_CLOEXEC) = 12 <0.000074>
32269 1787052437.578811 ioctl(9, _IOC(_IOC_READ|_IOC_WRITE, 0x46, 0x2a, 0x20), 0x7fffa108a150) = 0 <0.000078>
32269 1787052437.578967 ioctl(9, _IOC(_IOC_READ|_IOC_WRITE, 0x46, 0x2a, 0x20), 0x7fffa1089550) = 0 <0.000065>
32269 1787052437.579107 ioctl(9, _IOC(_IOC_READ|_IOC_WRITE, 0x46, 0x2a, 0x20), 0x7fffa108a140) = 0 <0.000067>
32269 1787052437.579252 ioctl(9, _IOC(_IOC_READ|_IOC_WRITE, 0x46, 0x29, 0x10), 0x7fffa108b1e0) = 0 <0.000061>
32269 1787052437.579390 ioctl(9, _IOC(_IOC_READ|_IOC_WRITE, 0x46, 0x2a, 0x20), 0x7fffa1089fd0) = 0 <0.000061>
32269 1787052437.579525 ioctl(9, _IOC(_IOC_READ|_IOC_WRITE, 0x46, 0x2a, 0x20), 0x7fffa1089fd0) = 0 <0.000060>
32269 1787052437.579660 openat(AT_FDCWD, "/proc/driver/nvidia/params", O_RDONLY) = 13 <0.000056>
32269 1787052437.580060 close(13)       = 0 <0.000052>
32269 1787052437.580603 openat(AT_FDCWD, "/dev/nvidia0", O_RDWR|O_CLOEXEC) = 13 <0.000055>
32269 1787052437.580736 ioctl(13, _IOC(_IOC_READ|_IOC_WRITE, 0x46, 0xc9, 0x4), 0x7fffa108b150) = 0 <0.000057>
32269 1787052437.580868 ioctl(13, _IOC(_IOC_READ|_IOC_WRITE, 0x46, 0xd7, 0x230), 0x7fffa108aed0) = 0 <0.000095>
32269 1787052437.581039 ioctl(9, _IOC(_IOC_READ|_IOC_WRITE, 0x46, 0x2a, 0x20), 0x7fffa1089ff0) = 0 <0.000061>
32269 1787052437.581173 ioctl(9, _IOC(_IOC_READ|_IOC_WRITE, 0x46, 0x2b, 0x30), 0x7fffa108b220) = 0 <0.000801>
32269 1787052437.582068 ioctl(9, _IOC(_IOC_READ|_IOC_WRITE, 0x46, 0x2a, 0x20), 0x7fffa108a150) = 0 <0.000073>
32269 1787052437.582218 ioctl(9, _IOC(_IOC_READ|_IOC_WRITE, 0x46, 0x2a, 0x20), 0x7fffa1089e20) = 0 <0.000063>
32269 1787052437.582355 ioctl(9, _IOC(_IOC_READ|_IOC_WRITE, 0x46, 0x2a, 0x20), 0x7fffa108a150) = 0 <0.000054>
32269 1787052437.582482 ioctl(9, _IOC(_IOC_READ|_IOC_WRITE, 0x46, 0x2a, 0x20), 0x7fffa108a0d0) = 0 <0.000060>
32269 1787052437.582615 ioctl(9, _IOC(_IOC_READ|_IOC_WRITE, 0x46, 0x2a, 0x20), 0x7fffa1089fd0) = 0 <0.000056>
32269 1787052437.582742 ioctl(9, _IOC(_IOC_READ|_IOC_WRITE, 0x46, 0x2a, 0x20), 0x7fffa1089fd0) = 0 <0.000057>
32269 1787052437.582875 openat(AT_FDCWD, "/proc/driver/nvidia/params", O_RDONLY) = 14 <0.000054>
32269 1787052437.583241 close(14)       = 0 <0.000050>
32269 1787052437.583762 openat(AT_FDCWD, "/dev/nvidia0", O_RDWR|O_CLOEXEC) = 14 <0.000054>
32269 1787052437.583934 ioctl(14, _IOC(_IOC_READ|_IOC_WRITE, 0x46, 0xc9, 0x4), 0x7fffa108b150) = 0 <0.000053>
32269 1787052437.584062 ioctl(9, _IOC(_IOC_READ|_IOC_WRITE, 0x46, 0x2b, 0x30), 0x7fffa108b260) = 0 <0.000418>
32269 1787052437.584571 ioctl(9, _IOC(_IOC_READ|_IOC_WRITE, 0x46, 0x2b, 0x30), 0x7fffa108b270) = 0 <0.000395>
32269 1787052437.585055 ioctl(9, _IOC(_IOC_READ|_IOC_WRITE, 0x46, 0x2a, 0x20), 0x7fffa1089d50) = 0 <0.000087>
32269 1787052437.585217 ioctl(9, _IOC(_IOC_READ|_IOC_WRITE, 0x46, 0x2a, 0x20), 0x7fffa1089d00) = 0 <0.000064>
32269 1787052437.585354 ioctl(9, _IOC(_IOC_READ|_IOC_WRITE, 0x46, 0x2a, 0x20), 0x7fffa108a050) = 0 <0.000081>
32269 1787052437.585537 ioctl(9, _IOC(_IOC_READ|_IOC_WRITE, 0x46, 0x2a, 0x20), 0x7fffa1089280) = 0 <0.000057>
32269 1787052437.585675 ioctl(9, _IOC(_IOC_READ|_IOC_WRITE, 0x46, 0x2a, 0x20), 0x7fffa1088a70) = 0 <0.000307>
32269 1787052437.586073 ioctl(9, _IOC(_IOC_READ|_IOC_WRITE, 0x46, 0x2a, 0x20), 0x7fffa1088e70) = 0 <0.000082>
32269 1787052437.586231 ioctl(9, _IOC(_IOC_READ|_IOC_WRITE, 0x46, 0x2a, 0x20), 0x7fffa1089f40) = 0 <0.000054>
32269 1787052437.586358 ioctl(9, _IOC(_IOC_READ|_IOC_WRITE, 0x46, 0x2a, 0x20), 0x7fffa1089c20) = 0 <0.000083>
32269 1787052437.586516 ioctl(9, _IOC(_IOC_READ|_IOC_WRITE, 0x46, 0x2a, 0x20), 0x7fffa1089c20) = 0 <0.000054>
32269 1787052437.586642 ioctl(9, _IOC(_IOC_READ|_IOC_WRITE, 0x46, 0x2a, 0x20), 0x7fffa1089c20) = 0 <0.000394>
32269 1787052437.587138 ioctl(9, _IOC(_IOC_READ|_IOC_WRITE, 0x46, 0x2a, 0x20), 0x7fffa1089c20) = 0 <0.000094>
32269 1787052437.587308 ioctl(9, _IOC(_IOC_READ|_IOC_WRITE, 0x46, 0x2a, 0x20), 0x7fffa1089c20) = 0 <0.000272>
32269 1787052437.587667 ioctl(9, _IOC(_IOC_READ|_IOC_WRITE, 0x46, 0x2a, 0x20), 0x7fffa10898c0) = 0 <0.000333>
32269 1787052437.588091 ioctl(9, _IOC(_IOC_READ|_IOC_WRITE, 0x46, 0x2a, 0x20), 0x7fffa1089b40) = 0 <0.000337>
32269 1787052437.588514 ioctl(9, _IOC(_IOC_READ|_IOC_WRITE, 0x46, 0x2a, 0x20), 0x7fffa1089de0) = 0 <0.001137>
32269 1787052437.589747 ioctl(9, _IOC(_IOC_READ|_IOC_WRITE, 0x46, 0x2a, 0x20), 0x7fffa1089f40) = 0 <0.000055>
32269 1787052437.589876 ioctl(9, _IOC(_IOC_READ|_IOC_WRITE, 0x46, 0x2a, 0x20), 0x7fffa1089f40) = 0 <0.000056>
32269 1787052437.590035 ioctl(9, _IOC(_IOC_READ|_IOC_WRITE, 0x46, 0x2a, 0x20), 0x7fffa1089d10) = 0 <0.000494>
32269 1787052437.590620 ioctl(9, _IOC(_IOC_READ|_IOC_WRITE, 0x46, 0x2a, 0x20), 0x7fffa1089f10) = 0 <0.000080>
32269 1787052437.590789 openat(AT_FDCWD, "/dev/nvidia0", O_RDWR|O_CLOEXEC) = 15 <0.000062>
32269 1787052437.590959 ioctl(15, _IOC(_IOC_READ|_IOC_WRITE, 0x46, 0xc9, 0x4), 0x7fffa108b010) = 0 <0.000054>
32269 1787052437.591090 ioctl(15, _IOC(_IOC_READ|_IOC_WRITE, 0x46, 0xce, 0x10), 0x7fffa108b000) = 0 <0.000050>
32269 1787052437.591216 ioctl(9, _IOC(_IOC_READ|_IOC_WRITE, 0x46, 0x2a, 0x20), 0x7fffa1089c20) = 0 <0.000082>
32269 1787052437.591372 ioctl(9, _IOC(_IOC_READ|_IOC_WRITE, 0x46, 0x2a, 0x20), 0x7fffa1089e40) = 0 <0.000065>
32269 1787052437.591509 ioctl(9, _IOC(_IOC_READ|_IOC_WRITE, 0x46, 0x2a, 0x20), 0x7fffa1089e40) = 0 <0.000063>
32269 1787052437.591644 ioctl(9, _IOC(_IOC_READ|_IOC_WRITE, 0x46, 0x2a, 0x20), 0x7fffa1089e40) = 0 <0.000062>
32269 1787052437.591778 ioctl(9, _IOC(_IOC_READ|_IOC_WRITE, 0x46, 0x2a, 0x20), 0x7fffa1089e40) = 0 <0.000063>
32269 1787052437.591940 ioctl(9, _IOC(_IOC_READ|_IOC_WRITE, 0x46, 0x2a, 0x20), 0x7fffa1089e40) = 0 <0.000062>
32269 1787052437.592080 ioctl(9, _IOC(_IOC_READ|_IOC_WRITE, 0x46, 0x2a, 0x20), 0x7fffa1089e40) = 0 <0.000063>
32269 1787052437.592215 ioctl(9, _IOC(_IOC_READ|_IOC_WRITE, 0x46, 0x2a, 0x20), 0x7fffa1089e40) = 0 <0.000063>
32269 1787052437.592352 ioctl(9, _IOC(_IOC_READ|_IOC_WRITE, 0x46, 0x2a, 0x20), 0x7fffa1089e40) = 0 <0.000062>
32269 1787052437.592488 ioctl(9, _IOC(_IOC_READ|_IOC_WRITE, 0x46, 0x2a, 0x20), 0x7fffa1089e30) = 0 <0.000063>
32269 1787052437.592624 ioctl(9, _IOC(_IOC_READ|_IOC_WRITE, 0x46, 0x2a, 0x20), 0x7fffa1089db0) = 0 <0.000918>
32269 1787052437.593630 ioctl(9, _IOC(_IOC_READ|_IOC_WRITE, 0x46, 0x2a, 0x20), 0x7fffa1089e40) = 0 <0.000077>
32269 1787052437.593781 ioctl(9, _IOC(_IOC_READ|_IOC_WRITE, 0x46, 0x2a, 0x20), 0x7fffa1089d40) = 0 <0.000060>
32269 1787052437.593916 ioctl(9, _IOC(_IOC_READ|_IOC_WRITE, 0x46, 0x2a, 0x20), 0x7fffa1089bb0) = 0 <0.000066>
32269 1787052437.594090 ioctl(9, _IOC(_IOC_READ|_IOC_WRITE, 0x46, 0x2a, 0x20), 0x7fffa1086650) = 0 <0.000074>
32269 1787052437.594240 ioctl(9, _IOC(_IOC_READ|_IOC_WRITE, 0x46, 0x2a, 0x20), 0x7fffa1088310) = 0 <0.000307>
32269 1787052437.594656 ioctl(9, _IOC(_IOC_READ|_IOC_WRITE, 0x46, 0x2a, 0x20), 0x7fffa1089f70) = 0 <0.000054>
32269 1787052437.594782 ioctl(9, _IOC(_IOC_READ|_IOC_WRITE, 0x46, 0x2a, 0x20), 0x7fffa1089b70) = 0 <0.000318>
32269 1787052437.595195 ioctl(9, _IOC(_IOC_READ|_IOC_WRITE, 0x46, 0x2b, 0x30), 0x7fffa108afe0) = 0 <0.000087>
32269 1787052437.595357 ioctl(9, _IOC(_IOC_READ|_IOC_WRITE, 0x46, 0x2a, 0x20), 0x7fffa1089db0) = 0 <0.000061>
32269 1787052437.595491 openat(AT_FDCWD, "/dev/nvidia0", O_RDWR|O_CLOEXEC) = 16 <0.000053>
32269 1787052437.595621 ioctl(9, _IOC(_IOC_READ|_IOC_WRITE, 0x46, 0x4e, 0x38), 0x7fffa108af70) = 0 <0.000097>
32269 1787052437.595793 mmap(NULL, 65536, PROT_WRITE, MAP_SHARED, 16, 0) = 0x73c46a954000 <0.007220>
32269 1787052437.603131 close(16)       = 0 <0.000082>
32269 1787052437.603307 ioctl(9, _IOC(_IOC_READ|_IOC_WRITE, 0x46, 0x2b, 0x30), 0x7fffa108afe0) = 0 <0.000148>
32269 1787052437.603537 ioctl(9, _IOC(_IOC_READ|_IOC_WRITE, 0x46, 0x2a, 0x20), 0x7fffa1089db0) = 0 <0.000066>
32269 1787052437.603690 openat(AT_FDCWD, "/dev/nvidia0", O_RDWR|O_CLOEXEC) = 16 <0.000062>
32269 1787052437.603837 ioctl(9, _IOC(_IOC_READ|_IOC_WRITE, 0x46, 0x4e, 0x38), 0x7fffa108af70) = 0 <0.000286>
32269 1787052437.604221 mmap(NULL, 65536, PROT_WRITE, MAP_SHARED, 16, 0) = 0x73c46a944000 <0.000146>
32269 1787052437.604452 ioctl(9, _IOC(_IOC_READ|_IOC_WRITE, 0x46, 0x5e, 0x28), 0x7fffa108af40) = 0 <0.000086>
32269 1787052437.604619 close(16)       = 0 <0.000054>
32269 1787052437.604752 ioctl(9, _IOC(_IOC_READ|_IOC_WRITE, 0x46, 0x2b, 0x30), 0x7fffa108aff0) = 0 <0.000394>
32269 1787052437.605245 ioctl(9, _IOC(_IOC_READ|_IOC_WRITE, 0x46, 0x2a, 0x20), 0x7fffa1089f70) = 0 <0.000294>
32269 1787052437.605636 ioctl(9, _IOC(_IOC_READ|_IOC_WRITE, 0x46, 0x2b, 0x30), 0x7fffa108b070) = 0 <0.000136>
32269 1787052437.605852 ioctl(9, _IOC(_IOC_READ|_IOC_WRITE, 0x46, 0x2a, 0x20), 0x7fffa1089e00) = 0 <0.000097>
32269 1787052437.606032 openat(AT_FDCWD, "/dev/nvidiactl", O_RDWR|O_CLOEXEC) = 16 <0.000060>
32269 1787052437.606178 ioctl(9, _IOC(_IOC_READ|_IOC_WRITE, 0x46, 0x4e, 0x38), 0x7fffa108afc0) = 0 <0.000083>
32269 1787052437.606340 mmap(NULL, 4096, PROT_READ, MAP_SHARED, 16, 0) = 0x73c46a9b3000 <0.000067>
32269 1787052437.606487 close(16)       = 0 <0.000054>
32269 1787052437.606620 ioctl(9, _IOC(_IOC_READ|_IOC_WRITE, 0x46, 0x2a, 0x20), 0x7fffa1089f20) = 0 <0.000064>
32269 1787052437.606763 ioctl(9, _IOC(_IOC_READ|_IOC_WRITE, 0x46, 0x2b, 0x30), 0x7fffa108b030) = 0 <0.000471>
32269 1787052437.607333 ioctl(9, _IOC(_IOC_READ|_IOC_WRITE, 0x46, 0x2b, 0x30), 0x7fffa108b030) = 0 <0.001470>
32269 1787052437.608920 ioctl(9, _IOC(_IOC_READ|_IOC_WRITE, 0x46, 0x2a, 0x20), 0x7fffa1089f40) = 0 <0.000073>
32269 1787052437.609081 ioctl(9, _IOC(_IOC_READ|_IOC_WRITE, 0x46, 0x2a, 0x20), 0x7fffa1089ee0) = 0 <0.000062>
32269 1787052437.609224 ioctl(9, _IOC(_IOC_READ|_IOC_WRITE, 0x46, 0x2a, 0x20), 0x7fffa1089ea0) = 0 <0.000088>
32269 1787052437.609402 ioctl(9, _IOC(_IOC_READ|_IOC_WRITE, 0x46, 0x2a, 0x20), 0x7fffa1089fa0) = 0 <0.000066>
32269 1787052437.609549 ioctl(9, _IOC(_IOC_READ|_IOC_WRITE, 0x46, 0x2a, 0x20), 0x7fffa1089e60) = 0 <0.000317>
32269 1787052437.609999 openat(AT_FDCWD, "/sys/bus/pci/devices/0000:06:00.0/numa_node", O_RDONLY) = 16 <0.000095>
32269 1787052437.610419 close(16)       = 0 <0.000060>
32269 1787052437.610563 mmap(NULL, 8657043456, PROT_NONE, MAP_PRIVATE|MAP_ANONYMOUS, -1, 0) = 0x73c258000000 <0.000083>
32269 1787052437.610731 ioctl(9, _IOC(_IOC_READ|_IOC_WRITE, 0x46, 0x2a, 0x20), 0x7fffa108b3a0) = 0 <0.000075>
32269 1787052437.610885 ioctl(9, _IOC(_IOC_READ|_IOC_WRITE, 0x46, 0x2a, 0x20), 0x7fffa108b3a0) = 0 <0.000070>
32269 1787052437.611070 mmap(NULL, 2699264, PROT_READ|PROT_WRITE, MAP_PRIVATE|MAP_ANONYMOUS, -1, 0) = 0x73c46236c000 <0.000061>
32269 1787052437.611228 ioctl(9, _IOC(_IOC_READ|_IOC_WRITE, 0x46, 0x2a, 0x20), 0x7fffa108a370) = 0 <0.000081>
32269 1787052437.611389 ioctl(9, _IOC(_IOC_READ|_IOC_WRITE, 0x46, 0x2a, 0x20), 0x7fffa108a370) = 0 <0.000067>
32269 1787052437.611549 ioctl(9, _IOC(_IOC_READ|_IOC_WRITE, 0x46, 0x2a, 0x20), 0x7fffa108ac80) = 0 <0.000279>
32269 1787052437.611948 ioctl(9, _IOC(_IOC_READ|_IOC_WRITE, 0x46, 0x2a, 0x20), 0x7fffa1087640) = 0 <0.000098>
32269 1787052437.612222 mmap(NULL, 1052672, PROT_READ|PROT_WRITE, MAP_PRIVATE|MAP_ANONYMOUS, -1, 0) = 0x73c46a416000 <0.000060>
32269 1787052437.612981 ioctl(10, _IOC(_IOC_NONE, 0, 0x25, 0), 0x7fffa108cb50) = 0 <0.106488>
32269 1787052437.719595 ioctl(10, _IOC(_IOC_NONE, 0, 0x46, 0), 0x7fffa108cbc0) = 0 <0.000089>
32269 1787052437.719773 ioctl(9, _IOC(_IOC_READ|_IOC_WRITE, 0x46, 0x2b, 0x30), 0x7fffa108cd60) = 0 <0.000120>
32269 1787052437.720106 mmap(0x200000000, 4297064448, PROT_NONE, MAP_PRIVATE|MAP_ANONYMOUS, -1, 0) = 0x200000000 <0.000064>
32269 1787052437.720266 ioctl(9, _IOC(_IOC_READ|_IOC_WRITE, 0x46, 0x2b, 0x30), 0x7fffa108cfb0) = 0 <0.000103>
32269 1787052437.720441 ioctl(9, _IOC(_IOC_READ|_IOC_WRITE, 0x46, 0x2a, 0x20), 0x7fffa108be90) = 0 <0.000059>
32269 1787052437.720585 mmap(NULL, 19009536, PROT_NONE, MAP_PRIVATE|MAP_ANONYMOUS, -1, 0) = 0x73c46114b000 <0.000050>
32269 1787052437.721631 openat(AT_FDCWD, "/sys/devices/system/cpu/online", O_RDONLY|O_CLOEXEC) = 17 <0.000060>
32269 1787052437.721871 close(17)       = 0 <0.000054>
32269 1787052437.721996 openat(AT_FDCWD, "/sys/devices/system/cpu/online", O_RDONLY|O_CLOEXEC) = 17 <0.000049>
32269 1787052437.722214 close(17)       = 0 <0.000048>
32269 1787052437.722442 openat(AT_FDCWD, "/proc/sys/vm/mmap_min_addr", O_RDONLY) = 17 <0.000050>
32269 1787052437.722758 close(17)       = 0 <0.000046>
32269 1787052437.722872 openat(AT_FDCWD, "/proc/cpuinfo", O_RDONLY) = 17 <0.000048>
32269 1787052437.723354 close(17)       = 0 <0.000047>
32269 1787052437.723470 openat(AT_FDCWD, "/proc/self/maps", O_RDONLY) = 17 <0.000052>
32269 1787052437.724654 close(17)       = 0 <0.000046>
32269 1787052437.724914 openat(AT_FDCWD, "/etc/ld.so.cache", O_RDONLY|O_CLOEXEC) = 17 <0.000049>
32269 1787052437.725132 mmap(NULL, 28071, PROT_READ, MAP_PRIVATE, 17, 0) = 0x73c46a93d000 <0.000050>
32269 1787052437.725249 close(17)       = 0 <0.000043>
32269 1787052437.725367 openat(AT_FDCWD, "/lib/x86_64-linux-gnu/libnvidia-ptxjitcompiler.so.1", O_RDONLY|O_CLOEXEC) = 17 <0.000052>
32269 1787052437.725682 mmap(NULL, 36835160, PROT_READ, MAP_PRIVATE|MAP_DENYWRITE, 17, 0) = 0x73c255c00000 <0.000050>
32269 1787052437.725803 mmap(0x73c255e1f000, 24461312, PROT_READ|PROT_EXEC, MAP_PRIVATE|MAP_FIXED|MAP_DENYWRITE, 17, 0x21f000) = 0x73c255e1f000 <0.000060>
32269 1787052437.725920 mmap(0x73c257573000, 8335360, PROT_READ, MAP_PRIVATE|MAP_FIXED|MAP_DENYWRITE, 17, 0x1973000) = 0x73c257573000 <0.000050>
32269 1787052437.726041 mmap(0x73c257d66000, 1814528, PROT_READ|PROT_WRITE, MAP_PRIVATE|MAP_FIXED|MAP_DENYWRITE, 17, 0x2165000) = 0x73c257d66000 <0.000050>
32269 1787052437.726194 close(17)       = 0 <0.000044>
32269 1787052437.728813 munmap(0x73c46a93d000, 28071) = 0 <0.000079>
32269 1787052437.729021 openat(AT_FDCWD, "/etc/ld.so.cache", O_RDONLY|O_CLOEXEC) = 17 <0.000053>
32269 1787052437.729242 mmap(NULL, 28071, PROT_READ, MAP_PRIVATE, 17, 0) = 0x73c46a93d000 <0.000052>
32269 1787052437.729364 close(17)       = 0 <0.000043>
32269 1787052437.729480 openat(AT_FDCWD, "/lib/x86_64-linux-gnu/libnvidia-nvvm70.so.4", O_RDONLY|O_CLOEXEC) = 17 <0.000050>
32269 1787052437.729797 mmap(NULL, 29318880, PROT_NONE, MAP_PRIVATE|MAP_ANONYMOUS|MAP_DENYWRITE, -1, 0) = 0x73c25400a000 <0.000048>
32269 1787052437.729927 mmap(0x73c254200000, 27221728, PROT_READ|PROT_EXEC, MAP_PRIVATE|MAP_FIXED|MAP_DENYWRITE, 17, 0) = 0x73c254200000 <0.000061>
32269 1787052437.730060 munmap(0x73c25400a000, 2056192) = 0 <0.000047>
32269 1787052437.730176 munmap(0x73c255bf6000, 40672) = 0 <0.000045>
32269 1787052437.730387 mmap(0x73c255832000, 3653632, PROT_READ|PROT_WRITE, MAP_PRIVATE|MAP_FIXED|MAP_DENYWRITE, 17, 0x1432000) = 0x73c255832000 <0.000057>
32269 1787052437.730522 mmap(0x73c255bae000, 294624, PROT_READ|PROT_WRITE, MAP_PRIVATE|MAP_FIXED|MAP_ANONYMOUS, -1, 0) = 0x73c255bae000 <0.000054>
32269 1787052437.730660 close(17)       = 0 <0.000047>
32269 1787052437.733528 munmap(0x73c46a93d000, 28071) = 0 <0.000075>
32269 1787052437.733683 openat(AT_FDCWD, "/etc/ld.so.cache", O_RDONLY|O_CLOEXEC) = 17 <0.000054>
32269 1787052437.733909 mmap(NULL, 28071, PROT_READ, MAP_PRIVATE, 17, 0) = 0x73c46a93d000 <0.000053>
32269 1787052437.734032 close(17)       = 0 <0.000046>
32269 1787052437.734152 openat(AT_FDCWD, "/lib/x86_64-linux-gnu/libnvidia-gpucomp.so.610.43.02", O_RDONLY|O_CLOEXEC) = 17 <0.000054>
32269 1787052437.734469 mmap(NULL, 111671840, PROT_READ, MAP_PRIVATE|MAP_DENYWRITE, 17, 0) = 0x73c24d600000 <0.000055>
32269 1787052437.734594 mmap(0x73c24d95b000, 72994816, PROT_READ|PROT_EXEC, MAP_PRIVATE|MAP_FIXED|MAP_DENYWRITE, 17, 0x35b000) = 0x73c24d95b000 <0.000055>
32269 1787052437.734717 mmap(0x73c251ef8000, 30343168, PROT_READ, MAP_PRIVATE|MAP_FIXED|MAP_DENYWRITE, 17, 0x48f8000) = 0x73c251ef8000 <0.000049>
32269 1787052437.734835 mmap(0x73c253be8000, 4050944, PROT_READ|PROT_WRITE, MAP_PRIVATE|MAP_FIXED|MAP_DENYWRITE, 17, 0x65e7000) = 0x73c253be8000 <0.000056>
32269 1787052437.734970 mmap(0x73c253fc5000, 764448, PROT_READ|PROT_WRITE, MAP_PRIVATE|MAP_FIXED|MAP_ANONYMOUS, -1, 0) = 0x73c253fc5000 <0.000050>
32269 1787052437.735124 close(17)       = 0 <0.000047>
32269 1787052437.742859 munmap(0x73c46a93d000, 28071) = 0 <0.000094>
32269 1787052437.743105 ioctl(9, _IOC(_IOC_READ|_IOC_WRITE, 0x46, 0x2a, 0x20), 0x7fffa108c230) = 0 <0.000088>
32269 1787052437.743785 ioctl(9, _IOC(_IOC_READ|_IOC_WRITE, 0x46, 0x2a, 0x20), 0x7fffa108bcb0) = 0 <0.000052>
32269 1787052437.743945 ioctl(9, _IOC(_IOC_READ|_IOC_WRITE, 0x46, 0x2a, 0x20), 0x7fffa108bca0) = 0 <0.006233>
32269 1787052437.750468 mmap(NULL, 8392704, PROT_NONE, MAP_PRIVATE|MAP_ANONYMOUS|MAP_STACK, -1, 0) = 0x73c46094a000 <0.000053>
32269 1787052437.751109 ioctl(9, _IOC(_IOC_READ|_IOC_WRITE, 0x46, 0x2a, 0x20), 0x7fffa108bcf0) = 0 <0.000067>
32269 1787052437.751268 ioctl(10, _IOC(_IOC_NONE, 0, 0x19, 0) <unfinished ...>
32274 1787052437.751649 mmap(NULL, 134217728, PROT_NONE, MAP_PRIVATE|MAP_ANONYMOUS, -1, 0) = 0x73c245600000 <0.000083>
32274 1787052437.751808 munmap(0x73c245600000, 44040192) = 0 <0.000090>
32269 1787052437.751983 <... ioctl resumed>, 0x7fffa108cdd0) = 0 <0.000696>
32274 1787052437.752011 munmap(0x73c24c000000, 23068672 <unfinished ...>
32269 1787052437.752044 mmap(NULL, 19009536, PROT_NONE, MAP_PRIVATE|MAP_ANONYMOUS, -1, 0 <unfinished ...>
32274 1787052437.752079 <... munmap resumed>) = 0 <0.000049>
32269 1787052437.752108 <... mmap resumed>) = 0x73c24c3df000 <0.000047>
32269 1787052437.752321 ioctl(9, _IOC(_IOC_READ|_IOC_WRITE, 0x46, 0x2b, 0x30), 0x7fffa108bf00) = 0 <0.000132>
32269 1787052437.752535 ioctl(10, _IOC(_IOC_NONE, 0, 0x49, 0), 0x7fffa108bba0) = 0 <0.000079>
32269 1787052437.752687 ioctl(10, _IOC(_IOC_NONE, 0, 0x21, 0), 0x7fffa1089790) = 0 <0.000263>
32269 1787052437.753065 mmap(0x10000000000, 536870912, PROT_NONE, MAP_PRIVATE|MAP_ANONYMOUS, -1, 0) = 0x10000000000 <0.000055>
32269 1787052437.753225 ioctl(9, _IOC(_IOC_READ|_IOC_WRITE, 0x46, 0x2b, 0x30), 0x7fffa108bf60) = 0 <0.000106>
32269 1787052437.753407 ioctl(10, _IOC(_IOC_NONE, 0, 0x49, 0), 0x7fffa108bc00) = 0 <0.000071>
32269 1787052437.753550 ioctl(10, _IOC(_IOC_NONE, 0, 0x21, 0), 0x7fffa10897f0) = 0 <0.000165>
32269 1787052437.753793 ioctl(9, _IOC(_IOC_READ|_IOC_WRITE, 0x46, 0x2b, 0x30), 0x7fffa108bf60) = 0 <0.000103>
32269 1787052437.753977 ioctl(10, _IOC(_IOC_NONE, 0, 0x49, 0), 0x7fffa108bc00) = 0 <0.000072>
32269 1787052437.754120 ioctl(10, _IOC(_IOC_NONE, 0, 0x21, 0), 0x7fffa10897f0) = 0 <0.000103>
32269 1787052437.754302 mmap(NULL, 266240, PROT_READ|PROT_WRITE, MAP_PRIVATE|MAP_ANONYMOUS, -1, 0) = 0x73c46a903000 <0.000047>
32269 1787052437.754429 mmap(NULL, 528384, PROT_READ|PROT_WRITE, MAP_PRIVATE|MAP_ANONYMOUS, -1, 0) = 0x73c46a17f000 <0.000050>
32269 1787052437.754554 mmap(NULL, 528384, PROT_READ|PROT_WRITE, MAP_PRIVATE|MAP_ANONYMOUS, -1, 0) = 0x73c46a0fe000 <0.000048>
32269 1787052437.754674 mmap(NULL, 528384, PROT_READ|PROT_WRITE, MAP_PRIVATE|MAP_ANONYMOUS, -1, 0) = 0x73c4608c9000 <0.000046>
32269 1787052437.754806 ioctl(9, _IOC(_IOC_READ|_IOC_WRITE, 0x46, 0x2b, 0x30), 0x7fffa108bfb0) = 0 <0.000091>
32269 1787052437.754976 ioctl(10, _IOC(_IOC_NONE, 0, 0x49, 0), 0x7fffa108bc50) = 0 <0.000071>
32269 1787052437.755118 ioctl(10, _IOC(_IOC_NONE, 0, 0x21, 0), 0x7fffa1089840) = 0 <0.000099>
32269 1787052437.755294 mmap(NULL, 139264, PROT_READ|PROT_WRITE, MAP_PRIVATE|MAP_ANONYMOUS, -1, 0) = 0x73c46a8e1000 <0.000047>
32269 1787052437.755430 ioctl(9, _IOC(_IOC_READ|_IOC_WRITE, 0x46, 0x2b, 0x30), 0x7fffa108cba0) = 0 <0.001208>
32269 1787052437.756715 ioctl(9, _IOC(_IOC_READ|_IOC_WRITE, 0x46, 0x2b, 0x30), 0x7fffa108cb90) = 0 <0.000468>
32269 1787052437.757273 mmap(NULL, 311296, PROT_READ|PROT_WRITE, MAP_PRIVATE|MAP_ANONYMOUS, -1, 0) = 0x73c46a0b2000 <0.000048>
32269 1787052437.757475 ioctl(9, _IOC(_IOC_READ|_IOC_WRITE, 0x46, 0x2b, 0x30), 0x7fffa108b700) = 0 <0.000100>
32269 1787052437.757650 ioctl(9, _IOC(_IOC_READ|_IOC_WRITE, 0x46, 0x2a, 0x20), 0x7fffa108a610) = 0 <0.000055>
32269 1787052437.757780 openat(AT_FDCWD, "/dev/nvidia0", O_RDWR|O_CLOEXEC) = 18 <0.000066>
32269 1787052437.757937 ioctl(9, _IOC(_IOC_READ|_IOC_WRITE, 0x46, 0x4e, 0x38), 0x7fffa108b7d0) = 0 <0.000070>
32269 1787052437.758085 mmap(0x200400000, 2097152, PROT_READ|PROT_WRITE, MAP_SHARED|MAP_FIXED, 18, 0) = 0x200400000 <0.000283>
32269 1787052437.758442 ioctl(9, _IOC(_IOC_READ|_IOC_WRITE, 0x46, 0x5e, 0x28), 0x7fffa108b7a0) = 0 <0.000057>
32269 1787052437.758572 close(18)       = 0 <0.000046>
32269 1787052437.758700 ioctl(10, _IOC(_IOC_NONE, 0, 0x49, 0), 0x7fffa108b3a0) = 0 <0.000080>
32269 1787052437.758852 ioctl(10, _IOC(_IOC_NONE, 0, 0x21, 0), 0x7fffa1088f90) = 0 <0.000135>
32269 1787052437.759074 ioctl(9, _IOC(_IOC_READ|_IOC_WRITE, 0x46, 0x2b, 0x30), 0x7fffa108b4f0) = 0 <0.016930>
32269 1787052437.776113 ioctl(9, _IOC(_IOC_READ|_IOC_WRITE, 0x46, 0x2a, 0x20), 0x7fffa108a400) = 0 <0.000085>
32269 1787052437.776275 openat(AT_FDCWD, "/dev/nvidiactl", O_RDWR|O_CLOEXEC) = 18 <0.000065>
32269 1787052437.776418 ioctl(9, _IOC(_IOC_READ|_IOC_WRITE, 0x46, 0x4e, 0x38), 0x7fffa108b5c0) = 0 <0.000088>
32269 1787052437.776580 mmap(0x200600000, 58720256, PROT_READ|PROT_WRITE, MAP_SHARED|MAP_FIXED, 18, 0) = 0x200600000 <0.001979>
32269 1787052437.778657 close(18)       = 0 <0.000045>
32269 1787052437.778810 ioctl(10, _IOC(_IOC_NONE, 0, 0x49, 0), 0x7fffa108b190) = 0 <0.000094>
32269 1787052437.778982 ioctl(10, _IOC(_IOC_NONE, 0, 0x21, 0), 0x7fffa1088d80) = 0 <0.001187>
32269 1787052437.780289 ioctl(9, _IOC(_IOC_READ|_IOC_WRITE, 0x46, 0x2b, 0x30), 0x7fffa108b8b0) = 0 <0.000120>
32269 1787052437.780482 ioctl(9, _IOC(_IOC_READ|_IOC_WRITE, 0x46, 0x2a, 0x20), 0x7fffa108a7c0) = 0 <0.000057>
32269 1787052437.780612 openat(AT_FDCWD, "/dev/nvidiactl", O_RDWR|O_CLOEXEC) = 18 <0.000056>
32269 1787052437.780742 ioctl(9, _IOC(_IOC_READ|_IOC_WRITE, 0x46, 0x4e, 0x38), 0x7fffa108b980) = 0 <0.000065>
32269 1787052437.780877 mmap(0x73c24c3df000, 4096, PROT_READ|PROT_WRITE, MAP_SHARED|MAP_FIXED, 18, 0) = 0x73c24c3df000 <0.000066>
32269 1787052437.781039 close(18)       = 0 <0.000046>
32269 1787052437.781164 ioctl(9, _IOC(_IOC_READ|_IOC_WRITE, 0x46, 0x2b, 0x30), 0x7fffa108c3d0) = 0 <0.001013>
32269 1787052437.782265 ioctl(9, _IOC(_IOC_READ|_IOC_WRITE, 0x46, 0x2a, 0x20), 0x7fffa108b460) = 0 <0.000073>
32269 1787052437.782414 ioctl(9, _IOC(_IOC_READ|_IOC_WRITE, 0x46, 0x2b, 0x30), 0x7fffa108c500) = 0 <0.000915>
32269 1787052437.783420 ioctl(9, _IOC(_IOC_READ|_IOC_WRITE, 0x46, 0x2a, 0x20), 0x7fffa108b420) = 0 <0.000070>
32269 1787052437.783562 ioctl(9, _IOC(_IOC_READ|_IOC_WRITE, 0x46, 0x2b, 0x30), 0x7fffa108c500) = 0 <0.000453>
32269 1787052437.784090 ioctl(9, _IOC(_IOC_READ|_IOC_WRITE, 0x46, 0x2a, 0x20), 0x7fffa108b420) = 0 <0.000057>
32269 1787052437.784220 ioctl(9, _IOC(_IOC_READ|_IOC_WRITE, 0x46, 0x2a, 0x20), 0x7fffa108b470) = 0 <0.000073>
32269 1787052437.784365 ioctl(9, _IOC(_IOC_READ|_IOC_WRITE, 0x46, 0x2a, 0x20), 0x7fffa108b470) = 0 <0.000087>
32269 1787052437.784533 ioctl(9, _IOC(_IOC_READ|_IOC_WRITE, 0x46, 0x2b, 0x30), 0x7fffa108bb30) = 0 <0.000223>
32269 1787052437.784830 ioctl(9, _IOC(_IOC_READ|_IOC_WRITE, 0x46, 0x2a, 0x20), 0x7fffa108aa40) = 0 <0.000076>
32269 1787052437.784982 openat(AT_FDCWD, "/dev/nvidiactl", O_RDWR|O_CLOEXEC) = 18 <0.000056>
32269 1787052437.785114 ioctl(9, _IOC(_IOC_READ|_IOC_WRITE, 0x46, 0x4e, 0x38), 0x7fffa108bc00) = 0 <0.000063>
32269 1787052437.785250 mmap(0x204400000, 2097152, PROT_READ|PROT_WRITE, MAP_SHARED|MAP_FIXED, 18, 0) = 0x204400000 <0.000147>
32269 1787052437.785468 close(18)       = 0 <0.000046>
32269 1787052437.785599 ioctl(10, _IOC(_IOC_NONE, 0, 0x49, 0), 0x7fffa108b7d0) = 0 <0.000074>
32269 1787052437.785744 ioctl(10, _IOC(_IOC_NONE, 0, 0x21, 0), 0x7fffa10893c0) = 0 <0.000190>
32269 1787052437.786337 ioctl(9, _IOC(_IOC_READ|_IOC_WRITE, 0x46, 0x2b, 0x30), 0x7fffa108b8b0) = 0 <0.000089>
32269 1787052437.786496 ioctl(9, _IOC(_IOC_READ|_IOC_WRITE, 0x46, 0x2a, 0x20), 0x7fffa108a7c0) = 0 <0.000051>
32269 1787052437.786618 openat(AT_FDCWD, "/dev/nvidiactl", O_RDWR|O_CLOEXEC) = 18 <0.000054>
32269 1787052437.786747 ioctl(9, _IOC(_IOC_READ|_IOC_WRITE, 0x46, 0x4e, 0x38), 0x7fffa108b980) = 0 <0.000062>
32269 1787052437.786881 mmap(0x73c24c3e0000, 4096, PROT_READ|PROT_WRITE, MAP_SHARED|MAP_FIXED, 18, 0) = 0x73c24c3e0000 <0.000058>
32269 1787052437.787042 close(18)       = 0 <0.000047>
32269 1787052437.787164 ioctl(9, _IOC(_IOC_READ|_IOC_WRITE, 0x46, 0x2b, 0x30), 0x7fffa108c3d0) = 0 <0.001065>
32269 1787052437.788305 ioctl(9, _IOC(_IOC_READ|_IOC_WRITE, 0x46, 0x2a, 0x20), 0x7fffa108b460) = 0 <0.000057>
32269 1787052437.788433 ioctl(9, _IOC(_IOC_READ|_IOC_WRITE, 0x46, 0x2b, 0x30), 0x7fffa108c500) = 0 <0.000556>
32269 1787052437.789062 ioctl(9, _IOC(_IOC_READ|_IOC_WRITE, 0x46, 0x2a, 0x20), 0x7fffa108b420) = 0 <0.000070>
32269 1787052437.789204 ioctl(9, _IOC(_IOC_READ|_IOC_WRITE, 0x46, 0x2b, 0x30), 0x7fffa108c500) = 0 <0.000460>
32269 1787052437.789738 ioctl(9, _IOC(_IOC_READ|_IOC_WRITE, 0x46, 0x2a, 0x20), 0x7fffa108b420) = 0 <0.000055>
32269 1787052437.789864 ioctl(9, _IOC(_IOC_READ|_IOC_WRITE, 0x46, 0x2a, 0x20), 0x7fffa108b470) = 0 <0.000070>
32269 1787052437.790007 ioctl(9, _IOC(_IOC_READ|_IOC_WRITE, 0x46, 0x2a, 0x20), 0x7fffa108b470) = 0 <0.000080>
32269 1787052437.790244 ioctl(9, _IOC(_IOC_READ|_IOC_WRITE, 0x46, 0x2b, 0x30), 0x7fffa108b8b0) = 0 <0.000102>
32269 1787052437.790419 ioctl(9, _IOC(_IOC_READ|_IOC_WRITE, 0x46, 0x2a, 0x20), 0x7fffa108a7c0) = 0 <0.000053>
32269 1787052437.790542 openat(AT_FDCWD, "/dev/nvidiactl", O_RDWR|O_CLOEXEC) = 18 <0.000052>
32269 1787052437.790671 ioctl(9, _IOC(_IOC_READ|_IOC_WRITE, 0x46, 0x4e, 0x38), 0x7fffa108b980) = 0 <0.000062>
32269 1787052437.790801 mmap(0x73c24c3e1000, 4096, PROT_READ|PROT_WRITE, MAP_SHARED|MAP_FIXED, 18, 0) = 0x73c24c3e1000 <0.000055>
32269 1787052437.790949 close(18)       = 0 <0.000044>
32269 1787052437.791076 ioctl(9, _IOC(_IOC_READ|_IOC_WRITE, 0x46, 0x2b, 0x30), 0x7fffa108c3d0) = 0 <0.000905>
32269 1787052437.792070 ioctl(9, _IOC(_IOC_READ|_IOC_WRITE, 0x46, 0x2a, 0x20), 0x7fffa108b460) = 0 <0.000054>
32269 1787052437.792196 ioctl(9, _IOC(_IOC_READ|_IOC_WRITE, 0x46, 0x2b, 0x30), 0x7fffa108c500) = 0 <0.000559>
32269 1787052437.792828 ioctl(9, _IOC(_IOC_READ|_IOC_WRITE, 0x46, 0x2a, 0x20), 0x7fffa108b420) = 0 <0.000068>
32269 1787052437.792969 ioctl(9, _IOC(_IOC_READ|_IOC_WRITE, 0x46, 0x2b, 0x30), 0x7fffa108c500) = 0 <0.000479>
32269 1787052437.793518 ioctl(9, _IOC(_IOC_READ|_IOC_WRITE, 0x46, 0x2a, 0x20), 0x7fffa108b420) = 0 <0.000068>
32269 1787052437.793661 ioctl(9, _IOC(_IOC_READ|_IOC_WRITE, 0x46, 0x2a, 0x20), 0x7fffa108b470) = 0 <0.000071>
32269 1787052437.793804 ioctl(9, _IOC(_IOC_READ|_IOC_WRITE, 0x46, 0x2a, 0x20), 0x7fffa108b470) = 0 <0.000061>
32269 1787052437.794116 ioctl(9, _IOC(_IOC_READ|_IOC_WRITE, 0x46, 0x2b, 0x30), 0x7fffa108b8b0) = 0 <0.000102>
32269 1787052437.794292 ioctl(9, _IOC(_IOC_READ|_IOC_WRITE, 0x46, 0x2a, 0x20), 0x7fffa108a7c0) = 0 <0.000050>
32269 1787052437.794412 openat(AT_FDCWD, "/dev/nvidiactl", O_RDWR|O_CLOEXEC) = 18 <0.000051>
32269 1787052437.794538 ioctl(9, _IOC(_IOC_READ|_IOC_WRITE, 0x46, 0x4e, 0x38), 0x7fffa108b980) = 0 <0.000062>
32269 1787052437.794672 mmap(0x73c24c3e2000, 4096, PROT_READ|PROT_WRITE, MAP_SHARED|MAP_FIXED, 18, 0) = 0x73c24c3e2000 <0.000055>
32269 1787052437.794798 close(18)       = 0 <0.000045>
32269 1787052437.794920 ioctl(9, _IOC(_IOC_READ|_IOC_WRITE, 0x46, 0x2b, 0x30), 0x7fffa108c3d0) = 0 <0.000880>
32269 1787052437.795875 ioctl(9, _IOC(_IOC_READ|_IOC_WRITE, 0x46, 0x2a, 0x20), 0x7fffa108b460) = 0 <0.000055>
32269 1787052437.796042 ioctl(9, _IOC(_IOC_READ|_IOC_WRITE, 0x46, 0x2b, 0x30), 0x7fffa108c500) = 0 <0.000574>
32269 1787052437.796687 ioctl(9, _IOC(_IOC_READ|_IOC_WRITE, 0x46, 0x2a, 0x20), 0x7fffa108b420) = 0 <0.000069>
32269 1787052437.796828 ioctl(9, _IOC(_IOC_READ|_IOC_WRITE, 0x46, 0x2b, 0x30), 0x7fffa108c500) = 0 <0.000477>
32269 1787052437.797378 ioctl(9, _IOC(_IOC_READ|_IOC_WRITE, 0x46, 0x2a, 0x20), 0x7fffa108b420) = 0 <0.000068>
32269 1787052437.797519 ioctl(9, _IOC(_IOC_READ|_IOC_WRITE, 0x46, 0x2a, 0x20), 0x7fffa108b470) = 0 <0.000071>
32269 1787052437.797662 ioctl(9, _IOC(_IOC_READ|_IOC_WRITE, 0x46, 0x2a, 0x20), 0x7fffa108b470) = 0 <0.000062>
32269 1787052437.797879 ioctl(9, _IOC(_IOC_READ|_IOC_WRITE, 0x46, 0x2b, 0x30), 0x7fffa108b8b0) = 0 <0.000088>
32269 1787052437.798070 ioctl(9, _IOC(_IOC_READ|_IOC_WRITE, 0x46, 0x2a, 0x20), 0x7fffa108a7c0) = 0 <0.000051>
32269 1787052437.798192 openat(AT_FDCWD, "/dev/nvidiactl", O_RDWR|O_CLOEXEC) = 18 <0.000052>
32269 1787052437.798318 ioctl(9, _IOC(_IOC_READ|_IOC_WRITE, 0x46, 0x4e, 0x38), 0x7fffa108b980) = 0 <0.000061>
32269 1787052437.798450 mmap(0x73c24c3e3000, 4096, PROT_READ|PROT_WRITE, MAP_SHARED|MAP_FIXED, 18, 0) = 0x73c24c3e3000 <0.000054>
32269 1787052437.798574 close(18)       = 0 <0.000044>
32269 1787052437.798691 ioctl(9, _IOC(_IOC_READ|_IOC_WRITE, 0x46, 0x2b, 0x30), 0x7fffa108c3d0) = 0 <0.000894>
32269 1787052437.799660 ioctl(9, _IOC(_IOC_READ|_IOC_WRITE, 0x46, 0x2a, 0x20), 0x7fffa108b460) = 0 <0.000055>
32269 1787052437.799787 ioctl(9, _IOC(_IOC_READ|_IOC_WRITE, 0x46, 0x2b, 0x30), 0x7fffa108c500) = 0 <0.000595>
32269 1787052437.800457 ioctl(9, _IOC(_IOC_READ|_IOC_WRITE, 0x46, 0x2a, 0x20), 0x7fffa108b420) = 0 <0.000068>
32269 1787052437.800597 ioctl(9, _IOC(_IOC_READ|_IOC_WRITE, 0x46, 0x2b, 0x30), 0x7fffa108c500) = 0 <0.000460>
32269 1787052437.801132 ioctl(9, _IOC(_IOC_READ|_IOC_WRITE, 0x46, 0x2a, 0x20), 0x7fffa108b420) = 0 <0.000055>
32269 1787052437.801255 ioctl(9, _IOC(_IOC_READ|_IOC_WRITE, 0x46, 0x2a, 0x20), 0x7fffa108b470) = 0 <0.000076>
32269 1787052437.801403 ioctl(9, _IOC(_IOC_READ|_IOC_WRITE, 0x46, 0x2a, 0x20), 0x7fffa108b470) = 0 <0.000060>
32269 1787052437.801625 ioctl(9, _IOC(_IOC_READ|_IOC_WRITE, 0x46, 0x2b, 0x30), 0x7fffa108b8b0) = 0 <0.000087>
32269 1787052437.801784 ioctl(9, _IOC(_IOC_READ|_IOC_WRITE, 0x46, 0x2a, 0x20), 0x7fffa108a7c0) = 0 <0.000051>
32269 1787052437.801909 openat(AT_FDCWD, "/dev/nvidiactl", O_RDWR|O_CLOEXEC) = 18 <0.000054>
32269 1787052437.802043 ioctl(9, _IOC(_IOC_READ|_IOC_WRITE, 0x46, 0x4e, 0x38), 0x7fffa108b980) = 0 <0.000062>
32269 1787052437.802175 mmap(0x73c24c3e4000, 4096, PROT_READ|PROT_WRITE, MAP_SHARED|MAP_FIXED, 18, 0) = 0x73c24c3e4000 <0.000054>
32269 1787052437.802299 close(18)       = 0 <0.000044>
32269 1787052437.802415 ioctl(9, _IOC(_IOC_READ|_IOC_WRITE, 0x46, 0x2b, 0x30), 0x7fffa108c3d0) = 0 <0.000872>
32269 1787052437.803363 ioctl(9, _IOC(_IOC_READ|_IOC_WRITE, 0x46, 0x2a, 0x20), 0x7fffa108b460) = 0 <0.000054>
32269 1787052437.803488 ioctl(9, _IOC(_IOC_READ|_IOC_WRITE, 0x46, 0x2b, 0x30), 0x7fffa108c500) = 0 <0.000564>
32269 1787052437.804127 ioctl(9, _IOC(_IOC_READ|_IOC_WRITE, 0x46, 0x2a, 0x20), 0x7fffa108b420) = 0 <0.000072>
32269 1787052437.804270 ioctl(9, _IOC(_IOC_READ|_IOC_WRITE, 0x46, 0x2b, 0x30), 0x7fffa108c500) = 0 <0.000464>
32269 1787052437.804807 ioctl(9, _IOC(_IOC_READ|_IOC_WRITE, 0x46, 0x2a, 0x20), 0x7fffa108b420) = 0 <0.000056>
32269 1787052437.804955 ioctl(9, _IOC(_IOC_READ|_IOC_WRITE, 0x46, 0x2a, 0x20), 0x7fffa108b470) = 0 <0.000057>
32269 1787052437.805084 ioctl(9, _IOC(_IOC_READ|_IOC_WRITE, 0x46, 0x2a, 0x20), 0x7fffa108b470) = 0 <0.000062>
32269 1787052437.805359 ioctl(9, _IOC(_IOC_READ|_IOC_WRITE, 0x46, 0x2b, 0x30), 0x7fffa108b8b0) = 0 <0.000100>
32269 1787052437.805532 ioctl(9, _IOC(_IOC_READ|_IOC_WRITE, 0x46, 0x2a, 0x20), 0x7fffa108a7c0) = 0 <0.000050>
32269 1787052437.805650 openat(AT_FDCWD, "/dev/nvidiactl", O_RDWR|O_CLOEXEC) = 18 <0.000048>
32269 1787052437.805773 ioctl(9, _IOC(_IOC_READ|_IOC_WRITE, 0x46, 0x4e, 0x38), 0x7fffa108b980) = 0 <0.000062>
32269 1787052437.805910 mmap(0x73c24c3e5000, 4096, PROT_READ|PROT_WRITE, MAP_SHARED|MAP_FIXED, 18, 0) = 0x73c24c3e5000 <0.000054>
32269 1787052437.806036 close(18)       = 0 <0.000044>
32269 1787052437.806151 ioctl(9, _IOC(_IOC_READ|_IOC_WRITE, 0x46, 0x2b, 0x30), 0x7fffa108c3d0) = 0 <0.000938>
32269 1787052437.807163 ioctl(9, _IOC(_IOC_READ|_IOC_WRITE, 0x46, 0x2a, 0x20), 0x7fffa108b460) = 0 <0.000055>
32269 1787052437.807291 ioctl(9, _IOC(_IOC_READ|_IOC_WRITE, 0x46, 0x2b, 0x30), 0x7fffa108c500) = 0 <0.000573>
32269 1787052437.807956 ioctl(9, _IOC(_IOC_READ|_IOC_WRITE, 0x46, 0x2a, 0x20), 0x7fffa108b420) = 0 <0.000068>
32269 1787052437.808099 ioctl(9, _IOC(_IOC_READ|_IOC_WRITE, 0x46, 0x2b, 0x30), 0x7fffa108c500) = 0 <0.000465>
32269 1787052437.808651 ioctl(9, _IOC(_IOC_READ|_IOC_WRITE, 0x46, 0x2a, 0x20), 0x7fffa108b420) = 0 <0.000072>
32269 1787052437.808818 ioctl(9, _IOC(_IOC_READ|_IOC_WRITE, 0x46, 0x2a, 0x20), 0x7fffa108b470) = 0 <0.000088>
32269 1787052437.808979 ioctl(9, _IOC(_IOC_READ|_IOC_WRITE, 0x46, 0x2a, 0x20), 0x7fffa108b470) = 0 <0.000059>
32269 1787052437.809198 ioctl(9, _IOC(_IOC_READ|_IOC_WRITE, 0x46, 0x2b, 0x30), 0x7fffa108b8b0) = 0 <0.000088>
32269 1787052437.809359 ioctl(9, _IOC(_IOC_READ|_IOC_WRITE, 0x46, 0x2a, 0x20), 0x7fffa108a7c0) = 0 <0.000051>
32269 1787052437.809480 openat(AT_FDCWD, "/dev/nvidiactl", O_RDWR|O_CLOEXEC) = 18 <0.000049>
32269 1787052437.809605 ioctl(9, _IOC(_IOC_READ|_IOC_WRITE, 0x46, 0x4e, 0x38), 0x7fffa108b980) = 0 <0.000060>
32269 1787052437.809737 mmap(0x73c24c3e6000, 4096, PROT_READ|PROT_WRITE, MAP_SHARED|MAP_FIXED, 18, 0) = 0x73c24c3e6000 <0.000061>
32269 1787052437.809869 close(18)       = 0 <0.000067>
32269 1787052437.810016 ioctl(9, _IOC(_IOC_READ|_IOC_WRITE, 0x46, 0x2b, 0x30), 0x7fffa108c3d0) = 0 <0.000881>
32269 1787052437.810970 ioctl(9, _IOC(_IOC_READ|_IOC_WRITE, 0x46, 0x2a, 0x20), 0x7fffa108b460) = 0 <0.000066>
32269 1787052437.811111 ioctl(9, _IOC(_IOC_READ|_IOC_WRITE, 0x46, 0x2b, 0x30), 0x7fffa108c500) = 0 <0.000572>
32269 1787052437.811770 ioctl(9, _IOC(_IOC_READ|_IOC_WRITE, 0x46, 0x2a, 0x20), 0x7fffa108b420) = 0 <0.000055>
32269 1787052437.811940 ioctl(9, _IOC(_IOC_READ|_IOC_WRITE, 0x46, 0x2b, 0x30), 0x7fffa108c500) = 0 <0.000462>
32269 1787052437.812479 ioctl(9, _IOC(_IOC_READ|_IOC_WRITE, 0x46, 0x2a, 0x20), 0x7fffa108b420) = 0 <0.000056>
32269 1787052437.812606 ioctl(9, _IOC(_IOC_READ|_IOC_WRITE, 0x46, 0x2a, 0x20), 0x7fffa108b470) = 0 <0.000075>
32269 1787052437.812753 ioctl(9, _IOC(_IOC_READ|_IOC_WRITE, 0x46, 0x2a, 0x20), 0x7fffa108b470) = 0 <0.000061>
32269 1787052437.812916 ioctl(10, _IOC(_IOC_NONE, 0, 0x1b, 0), 0x7fffa108cbe0) = 0 <0.002352>
32269 1787052437.815358 ioctl(10, _IOC(_IOC_NONE, 0, 0x1b, 0), 0x7fffa108cbe0) = 0 <0.001862>
32269 1787052437.817295 ioctl(10, _IOC(_IOC_NONE, 0, 0x1b, 0), 0x7fffa108cbe0) = 0 <0.001883>
32269 1787052437.819253 ioctl(10, _IOC(_IOC_NONE, 0, 0x1b, 0), 0x7fffa108cbe0) = 0 <0.001923>
32269 1787052437.821253 ioctl(10, _IOC(_IOC_NONE, 0, 0x1b, 0), 0x7fffa108cbe0) = 0 <0.001913>
32269 1787052437.823256 ioctl(10, _IOC(_IOC_NONE, 0, 0x1b, 0), 0x7fffa108cbe0) = 0 <0.002201>
32269 1787052437.825547 ioctl(10, _IOC(_IOC_NONE, 0, 0x1b, 0), 0x7fffa108cbe0) = 0 <0.002042>
32269 1787052437.827678 ioctl(10, _IOC(_IOC_NONE, 0, 0x1b, 0), 0x7fffa108cbe0) = 0 <0.001744>
32269 1787052437.829515 ioctl(9, _IOC(_IOC_READ|_IOC_WRITE, 0x46, 0x2a, 0x20), 0x7fffa108baf0) = 0 <0.000530>
32269 1787052437.830143 openat(AT_FDCWD, "/dev/nvidia0", O_RDWR|O_CLOEXEC) = 18 <0.000071>
32269 1787052437.830294 ioctl(18, _IOC(_IOC_READ|_IOC_WRITE, 0x46, 0xc9, 0x4), 0x7fffa108caf0) = 0 <0.000052>
32269 1787052437.830419 ioctl(18, _IOC(_IOC_READ|_IOC_WRITE, 0x46, 0xce, 0x10), 0x7fffa108cae0) = 0 <0.000050>
32269 1787052437.830734 ioctl(18, _IOC(_IOC_READ|_IOC_WRITE, 0x46, 0x2b, 0x30), 0x7fffa108ca90) = 0 <0.000391>
32269 1787052437.831653 ioctl(9, _IOC(_IOC_READ|_IOC_WRITE, 0x46, 0x2b, 0x30), 0x7fffa108cba0) = 0 <0.001062>
32269 1787052437.832810 mmap(NULL, 155648, PROT_READ|PROT_WRITE, MAP_PRIVATE|MAP_ANONYMOUS, -1, 0) = 0x73c46a08c000 <0.000099>
32269 1787052437.833094 ioctl(9, _IOC(_IOC_READ|_IOC_WRITE, 0x46, 0x2b, 0x30), 0x7fffa108b8b0) = 0 <0.000109>
32269 1787052437.833278 ioctl(9, _IOC(_IOC_READ|_IOC_WRITE, 0x46, 0x2a, 0x20), 0x7fffa108a7c0) = 0 <0.000056>
32269 1787052437.833407 openat(AT_FDCWD, "/dev/nvidiactl", O_RDWR|O_CLOEXEC) = 20 <0.000054>
32269 1787052437.833539 ioctl(9, _IOC(_IOC_READ|_IOC_WRITE, 0x46, 0x4e, 0x38), 0x7fffa108b980) = 0 <0.000067>
32269 1787052437.833677 mmap(0x73c24c3e7000, 4096, PROT_READ|PROT_WRITE, MAP_SHARED|MAP_FIXED, 20, 0) = 0x73c24c3e7000 <0.000063>
32269 1787052437.833811 close(20)       = 0 <0.000046>
32269 1787052437.834062 ioctl(9, _IOC(_IOC_READ|_IOC_WRITE, 0x46, 0x2b, 0x30), 0x7fffa108c3d0) = 0 <0.001220>
32269 1787052437.835360 ioctl(9, _IOC(_IOC_READ|_IOC_WRITE, 0x46, 0x2a, 0x20), 0x7fffa108b460) = 0 <0.000056>
32269 1787052437.835496 ioctl(9, _IOC(_IOC_READ|_IOC_WRITE, 0x46, 0x2b, 0x30), 0x7fffa108c500) = 0 <0.000436>
32269 1787052437.836007 ioctl(9, _IOC(_IOC_READ|_IOC_WRITE, 0x46, 0x2a, 0x20), 0x7fffa108b420) = 0 <0.000056>
32269 1787052437.836134 ioctl(9, _IOC(_IOC_READ|_IOC_WRITE, 0x46, 0x2a, 0x20), 0x7fffa108b470) = 0 <0.000071>
32269 1787052437.836367 ioctl(9, _IOC(_IOC_READ|_IOC_WRITE, 0x46, 0x2b, 0x30), 0x7fffa108b8b0) = 0 <0.000106>
32269 1787052437.836547 ioctl(9, _IOC(_IOC_READ|_IOC_WRITE, 0x46, 0x2a, 0x20), 0x7fffa108a7c0) = 0 <0.000051>
32269 1787052437.836670 openat(AT_FDCWD, "/dev/nvidiactl", O_RDWR|O_CLOEXEC) = 20 <0.000049>
32269 1787052437.836793 ioctl(9, _IOC(_IOC_READ|_IOC_WRITE, 0x46, 0x4e, 0x38), 0x7fffa108b980) = 0 <0.000063>
32269 1787052437.836942 mmap(0x73c24c3e8000, 4096, PROT_READ|PROT_WRITE, MAP_SHARED|MAP_FIXED, 20, 0) = 0x73c24c3e8000 <0.000057>
32269 1787052437.837074 close(20)       = 0 <0.000047>
32269 1787052437.837195 ioctl(9, _IOC(_IOC_READ|_IOC_WRITE, 0x46, 0x2b, 0x30), 0x7fffa108c3d0) = 0 <0.000870>
32269 1787052437.838142 ioctl(9, _IOC(_IOC_READ|_IOC_WRITE, 0x46, 0x2a, 0x20), 0x7fffa108b460) = 0 <0.000053>
32269 1787052437.838266 ioctl(9, _IOC(_IOC_READ|_IOC_WRITE, 0x46, 0x2b, 0x30), 0x7fffa108c500) = 0 <0.000405>
32269 1787052437.838748 ioctl(9, _IOC(_IOC_READ|_IOC_WRITE, 0x46, 0x2a, 0x20), 0x7fffa108b420) = 0 <0.000054>
32269 1787052437.838872 ioctl(9, _IOC(_IOC_READ|_IOC_WRITE, 0x46, 0x2a, 0x20), 0x7fffa108b470) = 0 <0.000071>
32269 1787052437.839102 ioctl(9, _IOC(_IOC_READ|_IOC_WRITE, 0x46, 0x2b, 0x30), 0x7fffa108b8b0) = 0 <0.000104>
32269 1787052437.839318 ioctl(9, _IOC(_IOC_READ|_IOC_WRITE, 0x46, 0x2a, 0x20), 0x7fffa108a7c0) = 0 <0.000050>
32269 1787052437.839438 openat(AT_FDCWD, "/dev/nvidiactl", O_RDWR|O_CLOEXEC) = 20 <0.000050>
32269 1787052437.839566 ioctl(9, _IOC(_IOC_READ|_IOC_WRITE, 0x46, 0x4e, 0x38), 0x7fffa108b980) = 0 <0.000061>
32269 1787052437.839698 mmap(0x73c24c3e9000, 4096, PROT_READ|PROT_WRITE, MAP_SHARED|MAP_FIXED, 20, 0) = 0x73c24c3e9000 <0.000054>
32269 1787052437.839824 close(20)       = 0 <0.000045>
32269 1787052437.839990 ioctl(9, _IOC(_IOC_READ|_IOC_WRITE, 0x46, 0x2b, 0x30), 0x7fffa108c3d0) = 0 <0.000878>
32269 1787052437.840973 ioctl(9, _IOC(_IOC_READ|_IOC_WRITE, 0x46, 0x2a, 0x20), 0x7fffa108b460) = 0 <0.000054>
32269 1787052437.841098 ioctl(9, _IOC(_IOC_READ|_IOC_WRITE, 0x46, 0x2b, 0x30), 0x7fffa108c500) = 0 <0.000410>
32269 1787052437.841578 ioctl(9, _IOC(_IOC_READ|_IOC_WRITE, 0x46, 0x2a, 0x20), 0x7fffa108b420) = 0 <0.000069>
32269 1787052437.841720 ioctl(9, _IOC(_IOC_READ|_IOC_WRITE, 0x46, 0x2a, 0x20), 0x7fffa108b470) = 0 <0.000070>
32269 1787052437.842024 ioctl(9, _IOC(_IOC_READ|_IOC_WRITE, 0x46, 0x2b, 0x30), 0x7fffa108b8b0) = 0 <0.000085>
32269 1787052437.842183 ioctl(9, _IOC(_IOC_READ|_IOC_WRITE, 0x46, 0x2a, 0x20), 0x7fffa108a7c0) = 0 <0.000049>
32269 1787052437.842301 openat(AT_FDCWD, "/dev/nvidiactl", O_RDWR|O_CLOEXEC) = 20 <0.000049>
32269 1787052437.842424 ioctl(9, _IOC(_IOC_READ|_IOC_WRITE, 0x46, 0x4e, 0x38), 0x7fffa108b980) = 0 <0.000061>
32269 1787052437.842556 mmap(0x73c24c3ea000, 4096, PROT_READ|PROT_WRITE, MAP_SHARED|MAP_FIXED, 20, 0) = 0x73c24c3ea000 <0.000052>
32269 1787052437.842678 close(20)       = 0 <0.000044>
32269 1787052437.842794 ioctl(9, _IOC(_IOC_READ|_IOC_WRITE, 0x46, 0x2b, 0x30), 0x7fffa108c3d0) = 0 <0.000916>
32269 1787052437.843786 ioctl(9, _IOC(_IOC_READ|_IOC_WRITE, 0x46, 0x2a, 0x20), 0x7fffa108b460) = 0 <0.000054>
32269 1787052437.843929 ioctl(9, _IOC(_IOC_READ|_IOC_WRITE, 0x46, 0x2b, 0x30), 0x7fffa108c500) = 0 <0.000402>
32269 1787052437.844407 ioctl(9, _IOC(_IOC_READ|_IOC_WRITE, 0x46, 0x2a, 0x20), 0x7fffa108b420) = 0 <0.000057>
32269 1787052437.844534 ioctl(9, _IOC(_IOC_READ|_IOC_WRITE, 0x46, 0x2a, 0x20), 0x7fffa108b470) = 0 <0.000071>
32269 1787052437.844679 ioctl(10, _IOC(_IOC_NONE, 0, 0x1b, 0), 0x7fffa108cbe0) = 0 <0.001051>
32269 1787052437.845805 ioctl(10, _IOC(_IOC_NONE, 0, 0x1b, 0), 0x7fffa108cbe0) = 0 <0.001091>
32269 1787052437.846972 ioctl(10, _IOC(_IOC_NONE, 0, 0x1b, 0), 0x7fffa108cbe0) = 0 <0.001029>
32269 1787052437.848083 ioctl(10, _IOC(_IOC_NONE, 0, 0x1b, 0), 0x7fffa108cbe0) = 0 <0.001063>
32269 1787052437.849239 ioctl(9, _IOC(_IOC_READ|_IOC_WRITE, 0x46, 0x2a, 0x20), 0x7fffa108baf0) = 0 <0.000518>
32269 1787052437.849844 openat(AT_FDCWD, "/dev/nvidia0", O_RDWR|O_CLOEXEC) = 20 <0.000080>
32269 1787052437.850004 ioctl(20, _IOC(_IOC_READ|_IOC_WRITE, 0x46, 0xc9, 0x4), 0x7fffa108caf0) = 0 <0.000047>
32269 1787052437.850122 ioctl(20, _IOC(_IOC_READ|_IOC_WRITE, 0x46, 0xce, 0x10), 0x7fffa108cae0) = 0 <0.000047>
32269 1787052437.850422 ioctl(20, _IOC(_IOC_READ|_IOC_WRITE, 0x46, 0x2b, 0x30), 0x7fffa108ca90) = 0 <0.000398>
32269 1787052437.851416 ioctl(9, _IOC(_IOC_READ|_IOC_WRITE, 0x46, 0x2b, 0x30), 0x7fffa108cba0) = 0 <0.001031>
32269 1787052437.852556 mmap(NULL, 155648, PROT_READ|PROT_WRITE, MAP_PRIVATE|MAP_ANONYMOUS, -1, 0) = 0x73c4699d9000 <0.000057>
32269 1787052437.852776 ioctl(9, _IOC(_IOC_READ|_IOC_WRITE, 0x46, 0x2b, 0x30), 0x7fffa108b8b0) = 0 <0.000134>
32269 1787052437.852989 ioctl(9, _IOC(_IOC_READ|_IOC_WRITE, 0x46, 0x2a, 0x20), 0x7fffa108a7c0) = 0 <0.000056>
32269 1787052437.853119 openat(AT_FDCWD, "/dev/nvidiactl", O_RDWR|O_CLOEXEC) = 22 <0.000053>
32269 1787052437.853248 ioctl(9, _IOC(_IOC_READ|_IOC_WRITE, 0x46, 0x4e, 0x38), 0x7fffa108b980) = 0 <0.000066>
32269 1787052437.853389 mmap(0x73c24c3eb000, 4096, PROT_READ|PROT_WRITE, MAP_SHARED|MAP_FIXED, 22, 0) = 0x73c24c3eb000 <0.000060>
32269 1787052437.853522 close(22)       = 0 <0.000044>
32269 1787052437.853644 ioctl(9, _IOC(_IOC_READ|_IOC_WRITE, 0x46, 0x2b, 0x30), 0x7fffa108c3d0) = 0 <0.001253>
32269 1787052437.854987 ioctl(9, _IOC(_IOC_READ|_IOC_WRITE, 0x46, 0x2a, 0x20), 0x7fffa108b460) = 0 <0.000055>
32269 1787052437.855114 ioctl(9, _IOC(_IOC_READ|_IOC_WRITE, 0x46, 0x2b, 0x30), 0x7fffa108c500) = 0 <0.000419>
32269 1787052437.855621 ioctl(9, _IOC(_IOC_READ|_IOC_WRITE, 0x46, 0x2a, 0x20), 0x7fffa108b420) = 0 <0.000056>
32269 1787052437.855747 ioctl(9, _IOC(_IOC_READ|_IOC_WRITE, 0x46, 0x2a, 0x20), 0x7fffa108b470) = 0 <0.000072>
32269 1787052437.856012 ioctl(9, _IOC(_IOC_READ|_IOC_WRITE, 0x46, 0x2b, 0x30), 0x7fffa108b8b0) = 0 <0.000106>
32269 1787052437.856195 ioctl(9, _IOC(_IOC_READ|_IOC_WRITE, 0x46, 0x2a, 0x20), 0x7fffa108a7c0) = 0 <0.000050>
32269 1787052437.856314 openat(AT_FDCWD, "/dev/nvidiactl", O_RDWR|O_CLOEXEC) = 22 <0.000049>
32269 1787052437.856438 ioctl(9, _IOC(_IOC_READ|_IOC_WRITE, 0x46, 0x4e, 0x38), 0x7fffa108b980) = 0 <0.000063>
32269 1787052437.856572 mmap(0x73c24c3ec000, 4096, PROT_READ|PROT_WRITE, MAP_SHARED|MAP_FIXED, 22, 0) = 0x73c24c3ec000 <0.000054>
32269 1787052437.856697 close(22)       = 0 <0.000046>
32269 1787052437.856936 ioctl(9, _IOC(_IOC_READ|_IOC_WRITE, 0x46, 0x2b, 0x30), 0x7fffa108c3d0) = 0 <0.000892>
32269 1787052437.857908 ioctl(9, _IOC(_IOC_READ|_IOC_WRITE, 0x46, 0x2a, 0x20), 0x7fffa108b460) = 0 <0.000055>
32269 1787052437.858037 ioctl(9, _IOC(_IOC_READ|_IOC_WRITE, 0x46, 0x2b, 0x30), 0x7fffa108c500) = 0 <0.000412>
32269 1787052437.858521 ioctl(9, _IOC(_IOC_READ|_IOC_WRITE, 0x46, 0x2a, 0x20), 0x7fffa108b420) = 0 <0.000056>
32269 1787052437.858650 ioctl(9, _IOC(_IOC_READ|_IOC_WRITE, 0x46, 0x2a, 0x20), 0x7fffa108b470) = 0 <0.000071>
32269 1787052437.858879 ioctl(9, _IOC(_IOC_READ|_IOC_WRITE, 0x46, 0x2b, 0x30), 0x7fffa108b8b0) = 0 <0.000086>
32269 1787052437.859061 ioctl(9, _IOC(_IOC_READ|_IOC_WRITE, 0x46, 0x2a, 0x20), 0x7fffa108a7c0) = 0 <0.000050>
32269 1787052437.859181 openat(AT_FDCWD, "/dev/nvidiactl", O_RDWR|O_CLOEXEC) = 22 <0.000048>
32269 1787052437.859304 ioctl(9, _IOC(_IOC_READ|_IOC_WRITE, 0x46, 0x4e, 0x38), 0x7fffa108b980) = 0 <0.000061>
32269 1787052437.859435 mmap(0x73c24c3ed000, 4096, PROT_READ|PROT_WRITE, MAP_SHARED|MAP_FIXED, 22, 0) = 0x73c24c3ed000 <0.000052>
32269 1787052437.859557 close(22)       = 0 <0.000044>
32269 1787052437.859675 ioctl(9, _IOC(_IOC_READ|_IOC_WRITE, 0x46, 0x2b, 0x30), 0x7fffa108c3d0) = 0 <0.000912>
32269 1787052437.860678 ioctl(9, _IOC(_IOC_READ|_IOC_WRITE, 0x46, 0x2a, 0x20), 0x7fffa108b460) = 0 <0.000057>
32269 1787052437.860806 ioctl(9, _IOC(_IOC_READ|_IOC_WRITE, 0x46, 0x2b, 0x30), 0x7fffa108c500) = 0 <0.000408>
32269 1787052437.861293 ioctl(9, _IOC(_IOC_READ|_IOC_WRITE, 0x46, 0x2a, 0x20), 0x7fffa108b420) = 0 <0.000069>
32269 1787052437.861435 ioctl(9, _IOC(_IOC_READ|_IOC_WRITE, 0x46, 0x2a, 0x20), 0x7fffa108b470) = 0 <0.000070>
32269 1787052437.861662 ioctl(9, _IOC(_IOC_READ|_IOC_WRITE, 0x46, 0x2b, 0x30), 0x7fffa108b8b0) = 0 <0.000103>
32269 1787052437.861838 ioctl(9, _IOC(_IOC_READ|_IOC_WRITE, 0x46, 0x2a, 0x20), 0x7fffa108a7c0) = 0 <0.000053>
32269 1787052437.861962 openat(AT_FDCWD, "/dev/nvidiactl", O_RDWR|O_CLOEXEC) = 22 <0.000050>
32269 1787052437.862087 ioctl(9, _IOC(_IOC_READ|_IOC_WRITE, 0x46, 0x4e, 0x38), 0x7fffa108b980) = 0 <0.000060>
32269 1787052437.862216 mmap(0x73c24c3ee000, 4096, PROT_READ|PROT_WRITE, MAP_SHARED|MAP_FIXED, 22, 0) = 0x73c24c3ee000 <0.000052>
32269 1787052437.862339 close(22)       = 0 <0.000045>
32269 1787052437.862460 ioctl(9, _IOC(_IOC_READ|_IOC_WRITE, 0x46, 0x2b, 0x30), 0x7fffa108c3d0) = 0 <0.000889>
32269 1787052437.863424 ioctl(9, _IOC(_IOC_READ|_IOC_WRITE, 0x46, 0x2a, 0x20), 0x7fffa108b460) = 0 <0.000054>
32269 1787052437.863549 ioctl(9, _IOC(_IOC_READ|_IOC_WRITE, 0x46, 0x2b, 0x30), 0x7fffa108c500) = 0 <0.000419>
32269 1787052437.864043 ioctl(9, _IOC(_IOC_READ|_IOC_WRITE, 0x46, 0x2a, 0x20), 0x7fffa108b420) = 0 <0.000056>
32269 1787052437.864170 ioctl(9, _IOC(_IOC_READ|_IOC_WRITE, 0x46, 0x2a, 0x20), 0x7fffa108b470) = 0 <0.000059>
32269 1787052437.864301 ioctl(10, _IOC(_IOC_NONE, 0, 0x1b, 0), 0x7fffa108cbe0) = 0 <0.001130>
32269 1787052437.865506 ioctl(10, _IOC(_IOC_NONE, 0, 0x1b, 0), 0x7fffa108cbe0) = 0 <0.001136>
32269 1787052437.866721 ioctl(10, _IOC(_IOC_NONE, 0, 0x1b, 0), 0x7fffa108cbe0) = 0 <0.001093>
32269 1787052437.867907 ioctl(10, _IOC(_IOC_NONE, 0, 0x1b, 0), 0x7fffa108cbe0) = 0 <0.001176>
32269 1787052437.869193 ioctl(9, _IOC(_IOC_READ|_IOC_WRITE, 0x46, 0x2a, 0x20), 0x7fffa108baf0) = 0 <0.000494>
32269 1787052437.869777 openat(AT_FDCWD, "/dev/nvidia0", O_RDWR|O_CLOEXEC) = 22 <0.000057>
32269 1787052437.869913 ioctl(22, _IOC(_IOC_READ|_IOC_WRITE, 0x46, 0xc9, 0x4), 0x7fffa108caf0) = 0 <0.000048>
32269 1787052437.870033 ioctl(22, _IOC(_IOC_READ|_IOC_WRITE, 0x46, 0xce, 0x10), 0x7fffa108cae0) = 0 <0.000047>
32269 1787052437.870339 ioctl(22, _IOC(_IOC_READ|_IOC_WRITE, 0x46, 0x2b, 0x30), 0x7fffa108ca90) = 0 <0.000396>
32269 1787052437.871322 ioctl(9, _IOC(_IOC_READ|_IOC_WRITE, 0x46, 0x2b, 0x30), 0x7fffa108cba0) = 0 <0.001163>
32269 1787052437.872591 mmap(NULL, 155648, PROT_READ|PROT_WRITE, MAP_PRIVATE|MAP_ANONYMOUS, -1, 0) = 0x73c4608a3000 <0.000080>
32269 1787052437.872911 ioctl(9, _IOC(_IOC_READ|_IOC_WRITE, 0x46, 0x2b, 0x30), 0x7fffa108b8b0) = 0 <0.000109>
32269 1787052437.873097 ioctl(9, _IOC(_IOC_READ|_IOC_WRITE, 0x46, 0x2a, 0x20), 0x7fffa108a7c0) = 0 <0.000054>
32269 1787052437.873225 openat(AT_FDCWD, "/dev/nvidiactl", O_RDWR|O_CLOEXEC) = 24 <0.000054>
32269 1787052437.873355 ioctl(9, _IOC(_IOC_READ|_IOC_WRITE, 0x46, 0x4e, 0x38), 0x7fffa108b980) = 0 <0.000065>
32269 1787052437.873491 mmap(0x73c24c3ef000, 4096, PROT_READ|PROT_WRITE, MAP_SHARED|MAP_FIXED, 24, 0) = 0x73c24c3ef000 <0.000066>
32269 1787052437.873628 close(24)       = 0 <0.000043>
32269 1787052437.873747 ioctl(9, _IOC(_IOC_READ|_IOC_WRITE, 0x46, 0x2b, 0x30), 0x7fffa108c3d0) = 0 <0.001260>
32269 1787052437.875082 ioctl(9, _IOC(_IOC_READ|_IOC_WRITE, 0x46, 0x2a, 0x20), 0x7fffa108b460) = 0 <0.000054>
32269 1787052437.875208 ioctl(9, _IOC(_IOC_READ|_IOC_WRITE, 0x46, 0x2b, 0x30), 0x7fffa108c500) = 0 <0.000411>
32269 1787052437.875693 ioctl(9, _IOC(_IOC_READ|_IOC_WRITE, 0x46, 0x2a, 0x20), 0x7fffa108b420) = 0 <0.000056>
32269 1787052437.875821 ioctl(9, _IOC(_IOC_READ|_IOC_WRITE, 0x46, 0x2a, 0x20), 0x7fffa108b470) = 0 <0.000072>
32269 1787052437.876066 ioctl(9, _IOC(_IOC_READ|_IOC_WRITE, 0x46, 0x2b, 0x30), 0x7fffa108b8b0) = 0 <0.000102>
32269 1787052437.876240 ioctl(9, _IOC(_IOC_READ|_IOC_WRITE, 0x46, 0x2a, 0x20), 0x7fffa108a7c0) = 0 <0.000049>
32269 1787052437.876360 openat(AT_FDCWD, "/dev/nvidiactl", O_RDWR|O_CLOEXEC) = 24 <0.000052>
32269 1787052437.876489 ioctl(9, _IOC(_IOC_READ|_IOC_WRITE, 0x46, 0x4e, 0x38), 0x7fffa108b980) = 0 <0.000063>
32269 1787052437.876629 mmap(0x73c24c3f0000, 4096, PROT_READ|PROT_WRITE, MAP_SHARED|MAP_FIXED, 24, 0) = 0x73c24c3f0000 <0.000055>
32269 1787052437.876756 close(24)       = 0 <0.000045>
32269 1787052437.876872 ioctl(9, _IOC(_IOC_READ|_IOC_WRITE, 0x46, 0x2b, 0x30), 0x7fffa108c3d0) = 0 <0.000860>
32269 1787052437.877826 ioctl(9, _IOC(_IOC_READ|_IOC_WRITE, 0x46, 0x2a, 0x20), 0x7fffa108b460) = 0 <0.000078>
32269 1787052437.877980 ioctl(9, _IOC(_IOC_READ|_IOC_WRITE, 0x46, 0x2b, 0x30), 0x7fffa108c500) = 0 <0.000445>
32269 1787052437.878497 ioctl(9, _IOC(_IOC_READ|_IOC_WRITE, 0x46, 0x2a, 0x20), 0x7fffa108b420) = 0 <0.000056>
32269 1787052437.878622 ioctl(9, _IOC(_IOC_READ|_IOC_WRITE, 0x46, 0x2a, 0x20), 0x7fffa108b470) = 0 <0.000071>
32269 1787052437.878973 ioctl(9, _IOC(_IOC_READ|_IOC_WRITE, 0x46, 0x2b, 0x30), 0x7fffa108b8b0) = 0 <0.000101>
32269 1787052437.879148 ioctl(9, _IOC(_IOC_READ|_IOC_WRITE, 0x46, 0x2a, 0x20), 0x7fffa108a7c0) = 0 <0.000049>
32269 1787052437.879266 openat(AT_FDCWD, "/dev/nvidiactl", O_RDWR|O_CLOEXEC) = 24 <0.000052>
32269 1787052437.879395 ioctl(9, _IOC(_IOC_READ|_IOC_WRITE, 0x46, 0x4e, 0x38), 0x7fffa108b980) = 0 <0.000063>
32269 1787052437.879529 mmap(0x73c24c3f1000, 4096, PROT_READ|PROT_WRITE, MAP_SHARED|MAP_FIXED, 24, 0) = 0x73c24c3f1000 <0.000054>
32269 1787052437.879653 close(24)       = 0 <0.000045>
32269 1787052437.879771 ioctl(9, _IOC(_IOC_READ|_IOC_WRITE, 0x46, 0x2b, 0x30), 0x7fffa108c3d0) = 0 <0.000923>
32269 1787052437.880767 ioctl(9, _IOC(_IOC_READ|_IOC_WRITE, 0x46, 0x2a, 0x20), 0x7fffa108b460) = 0 <0.000068>
32269 1787052437.880911 ioctl(9, _IOC(_IOC_READ|_IOC_WRITE, 0x46, 0x2b, 0x30), 0x7fffa108c500) = 0 <0.000416>
32269 1787052437.881405 ioctl(9, _IOC(_IOC_READ|_IOC_WRITE, 0x46, 0x2a, 0x20), 0x7fffa108b420) = 0 <0.000055>
32269 1787052437.881529 ioctl(9, _IOC(_IOC_READ|_IOC_WRITE, 0x46, 0x2a, 0x20), 0x7fffa108b470) = 0 <0.000072>
32269 1787052437.881759 ioctl(9, _IOC(_IOC_READ|_IOC_WRITE, 0x46, 0x2b, 0x30), 0x7fffa108b8b0) = 0 <0.000107>
32269 1787052437.881962 ioctl(9, _IOC(_IOC_READ|_IOC_WRITE, 0x46, 0x2a, 0x20), 0x7fffa108a7c0) = 0 <0.000049>
32269 1787052437.882082 openat(AT_FDCWD, "/dev/nvidiactl", O_RDWR|O_CLOEXEC) = 24 <0.000050>
32269 1787052437.882207 ioctl(9, _IOC(_IOC_READ|_IOC_WRITE, 0x46, 0x4e, 0x38), 0x7fffa108b980) = 0 <0.000061>
32269 1787052437.882339 mmap(0x73c24c3f2000, 4096, PROT_READ|PROT_WRITE, MAP_SHARED|MAP_FIXED, 24, 0) = 0x73c24c3f2000 <0.000051>
32269 1787052437.882459 close(24)       = 0 <0.000046>
32269 1787052437.882576 ioctl(9, _IOC(_IOC_READ|_IOC_WRITE, 0x46, 0x2b, 0x30), 0x7fffa108c3d0) = 0 <0.000848>
32269 1787052437.883500 ioctl(9, _IOC(_IOC_READ|_IOC_WRITE, 0x46, 0x2a, 0x20), 0x7fffa108b460) = 0 <0.000053>
32269 1787052437.883626 ioctl(9, _IOC(_IOC_READ|_IOC_WRITE, 0x46, 0x2b, 0x30), 0x7fffa108c500) = 0 <0.000408>
32269 1787052437.884110 ioctl(9, _IOC(_IOC_READ|_IOC_WRITE, 0x46, 0x2a, 0x20), 0x7fffa108b420) = 0 <0.000056>
32269 1787052437.884235 ioctl(9, _IOC(_IOC_READ|_IOC_WRITE, 0x46, 0x2a, 0x20), 0x7fffa108b470) = 0 <0.000075>
32269 1787052437.884383 ioctl(10, _IOC(_IOC_NONE, 0, 0x1b, 0), 0x7fffa108cbe0) = 0 <0.001182>
32269 1787052437.885637 ioctl(10, _IOC(_IOC_NONE, 0, 0x1b, 0), 0x7fffa108cbe0) = 0 <0.001209>
32269 1787052437.886936 ioctl(10, _IOC(_IOC_NONE, 0, 0x1b, 0), 0x7fffa108cbe0) = 0 <0.001232>
32269 1787052437.888245 ioctl(10, _IOC(_IOC_NONE, 0, 0x1b, 0), 0x7fffa108cbe0) = 0 <0.001204>
32269 1787052437.889523 ioctl(9, _IOC(_IOC_READ|_IOC_WRITE, 0x46, 0x2a, 0x20), 0x7fffa108baf0) = 0 <0.000497>
32269 1787052437.890112 openat(AT_FDCWD, "/dev/nvidia0", O_RDWR|O_CLOEXEC) = 24 <0.000053>
32269 1787052437.890240 ioctl(24, _IOC(_IOC_READ|_IOC_WRITE, 0x46, 0xc9, 0x4), 0x7fffa108caf0) = 0 <0.000048>
32269 1787052437.890359 ioctl(24, _IOC(_IOC_READ|_IOC_WRITE, 0x46, 0xce, 0x10), 0x7fffa108cae0) = 0 <0.000047>
32269 1787052437.890660 ioctl(24, _IOC(_IOC_READ|_IOC_WRITE, 0x46, 0x2b, 0x30), 0x7fffa108ca90) = 0 <0.000389>
32269 1787052437.891619 ioctl(9, _IOC(_IOC_READ|_IOC_WRITE, 0x46, 0x2b, 0x30), 0x7fffa108bc20) = 0 <0.000208>
32269 1787052437.891937 ioctl(9, _IOC(_IOC_READ|_IOC_WRITE, 0x46, 0x2a, 0x20), 0x7fffa108ab30) = 0 <0.000059>
32269 1787052437.892070 openat(AT_FDCWD, "/dev/nvidiactl", O_RDWR|O_CLOEXEC) = 26 <0.000052>
32269 1787052437.892199 ioctl(9, _IOC(_IOC_READ|_IOC_WRITE, 0x46, 0x4e, 0x38), 0x7fffa108bcf0) = 0 <0.000062>
32269 1787052437.892331 mmap(0x204600000, 2097152, PROT_READ|PROT_WRITE, MAP_SHARED|MAP_FIXED, 26, 0) = 0x204600000 <0.000143>
32269 1787052437.892544 close(26)       = 0 <0.000046>
32269 1787052437.892670 ioctl(10, _IOC(_IOC_NONE, 0, 0x49, 0), 0x7fffa108b8c0) = 0 <0.000077>
32269 1787052437.892818 ioctl(10, _IOC(_IOC_NONE, 0, 0x21, 0), 0x7fffa10894b0) = 0 <0.000192>
32269 1787052437.894843 ioctl(9, _IOC(_IOC_READ|_IOC_WRITE, 0x46, 0x2a, 0x20), 0x7fffa108b210) = 0 <0.000335>
32269 1787052437.895449 ioctl(9, _IOC(_IOC_READ|_IOC_WRITE, 0x46, 0x2b, 0x30), 0x7fffa108be30) = 0 <0.000119>
32269 1787052437.895648 ioctl(10, _IOC(_IOC_NONE, 0, 0x49, 0), 0x7fffa108bad0) = 0 <0.000101>
32269 1787052437.895821 ioctl(10, _IOC(_IOC_NONE, 0, 0x21, 0), 0x7fffa10896c0) = 0 <0.000161>
32269 1787052437.896082 ioctl(10, _IOC(_IOC_NONE, 0, 0x44, 0), 0x7fffa10898a0) = 0 <0.000891>
32269 1787052437.897066 mmap(0x204800000, 2097152, PROT_READ|PROT_WRITE, MAP_SHARED|MAP_FIXED, 10, 0x204800000) = 0x204800000 <0.000166>
32269 1787052437.897605 ioctl(10, _IOC(_IOC_NONE, 0, 0x48, 0), 0x7fffa108bc90) = 0 <0.000083>
32269 1787052437.898058 ioctl(9, _IOC(_IOC_READ|_IOC_WRITE, 0x46, 0x2b, 0x30), 0x7fffa108be30) = 0 <0.000120>
32269 1787052437.898265 ioctl(10, _IOC(_IOC_NONE, 0, 0x49, 0), 0x7fffa108bad0) = 0 <0.000073>
32269 1787052437.898408 ioctl(10, _IOC(_IOC_NONE, 0, 0x21, 0), 0x7fffa10896c0) = 0 <0.000124>
32269 1787052437.898627 ioctl(9, _IOC(_IOC_READ|_IOC_WRITE, 0x46, 0x2b, 0x30), 0x7fffa108bba0) = 0 <0.001123>
32269 1787052437.899841 ioctl(9, _IOC(_IOC_READ|_IOC_WRITE, 0x46, 0x2a, 0x20), 0x7fffa108aab0) = 0 <0.000094>
32269 1787052437.900013 openat(AT_FDCWD, "/dev/nvidiactl", O_RDWR|O_CLOEXEC) = 27 <0.000061>
32269 1787052437.900151 ioctl(9, _IOC(_IOC_READ|_IOC_WRITE, 0x46, 0x4e, 0x38), 0x7fffa108bc70) = 0 <0.000087>
32269 1787052437.900309 mmap(0x10004600000, 2097152, PROT_READ|PROT_WRITE, MAP_SHARED|MAP_FIXED, 27, 0) = 0x10004600000 <0.000163>
32269 1787052437.900548 close(27)       = 0 <0.000046>
32269 1787052437.900670 ioctl(10, _IOC(_IOC_NONE, 0, 0x49, 0), 0x7fffa108b840) = 0 <0.000086>
32269 1787052437.900827 ioctl(10, _IOC(_IOC_NONE, 0, 0x21, 0), 0x7fffa1089430) = 0 <0.000183>
32269 1787052437.901105 mmap(0x10004800000, 2097152, PROT_READ|PROT_WRITE, MAP_SHARED|MAP_FIXED|MAP_ANONYMOUS, -1, 0) = 0x10004800000 <0.000063>
32269 1787052437.901239 ioctl(13, _IOC(_IOC_READ|_IOC_WRITE, 0x46, 0x27, 0x38), 0x7fffa108bb50) = 0 <0.001211>
32269 1787052437.902551 ioctl(10, _IOC(_IOC_NONE, 0, 0x49, 0), 0x7fffa108b840) = 0 <0.000087>
32269 1787052437.902712 ioctl(10, _IOC(_IOC_NONE, 0, 0x21, 0), 0x7fffa1089430) = 0 <0.000193>
32269 1787052437.903009 mmap(NULL, 856064, PROT_READ|PROT_WRITE, MAP_PRIVATE|MAP_ANONYMOUS, -1, 0) = 0x73c4607d2000 <0.000053>
32269 1787052437.903146 ioctl(9, _IOC(_IOC_READ|_IOC_WRITE, 0x46, 0x2b, 0x30), 0x7fffa108bf50) = 0 <0.000119>
32269 1787052437.903346 ioctl(10, _IOC(_IOC_NONE, 0, 0x49, 0), 0x7fffa108bbf0) = 0 <0.000081>
32269 1787052437.903498 ioctl(10, _IOC(_IOC_NONE, 0, 0x21, 0), 0x7fffa10897e0) = 0 <0.000106>
32269 1787052437.905390 mmap(NULL, 217088, PROT_READ|PROT_WRITE, MAP_PRIVATE|MAP_ANONYMOUS, -1, 0) = 0x73c46079d000 <0.000051>
32269 1787052437.905543 ioctl(9, _IOC(_IOC_READ|_IOC_WRITE, 0x46, 0x2b, 0x30), 0x7fffa108bf50) = 0 <0.000119>
32269 1787052437.905738 ioctl(10, _IOC(_IOC_NONE, 0, 0x49, 0), 0x7fffa108bbf0) = 0 <0.000074>
32269 1787052437.905881 ioctl(10, _IOC(_IOC_NONE, 0, 0x21, 0), 0x7fffa10897e0) = 0 <0.000133>
32269 1787052437.906601 mmap(0x10004a00000, 2097152, PROT_READ|PROT_WRITE, MAP_SHARED|MAP_FIXED|MAP_ANONYMOUS, -1, 0) = 0x10004a00000 <0.000078>
32269 1787052437.906752 ioctl(13, _IOC(_IOC_READ|_IOC_WRITE, 0x46, 0x27, 0x38), 0x7fffa108bc60) = 0 <0.001262>
32269 1787052437.908126 ioctl(10, _IOC(_IOC_NONE, 0, 0x49, 0), 0x7fffa108b950) = 0 <0.000099>
32269 1787052437.908305 ioctl(10, _IOC(_IOC_NONE, 0, 0x21, 0), 0x7fffa1089540) = 0 <0.000186>
32269 1787052437.908591 ioctl(9, _IOC(_IOC_READ|_IOC_WRITE, 0x46, 0x2b, 0x30), 0x7fffa108bcb0) = 0 <0.000116>
32269 1787052437.908786 ioctl(10, _IOC(_IOC_NONE, 0, 0x49, 0), 0x7fffa108b950) = 0 <0.000073>
32269 1787052437.908953 ioctl(10, _IOC(_IOC_NONE, 0, 0x21, 0), 0x7fffa1089540) = 0 <0.000104>
32269 1787052437.909144 ioctl(10, _IOC(_IOC_NONE, 0, 0x41, 0), 0x7fffa108be00) = 0 <0.000089>
32269 1787052437.909312 mmap(NULL, 2097152, PROT_READ|PROT_WRITE, MAP_SHARED|MAP_ANONYMOUS, -1, 0) = 0x73c46059d000 <0.000061>
32269 1787052437.909449 ioctl(13, _IOC(_IOC_READ|_IOC_WRITE, 0x46, 0x27, 0x38), 0x7fffa108c120) = 0 <0.001209>
32269 1787052437.910758 ioctl(10, _IOC(_IOC_NONE, 0, 0x49, 0), 0x7fffa108be10) = 0 <0.000094>
32269 1787052437.910931 ioctl(10, _IOC(_IOC_NONE, 0, 0x21, 0), 0x7fffa1089a00) = 0 <0.000180>
32269 1787052437.911693 ioctl(9, _IOC(_IOC_READ|_IOC_WRITE, 0x46, 0x2b, 0x30), 0x7fffa108b570) = 0 <0.000117>
32269 1787052437.911904 ioctl(10, _IOC(_IOC_NONE, 0, 0x49, 0), 0x7fffa108b210) = 0 <0.000071>
32269 1787052437.912065 ioctl(10, _IOC(_IOC_NONE, 0, 0x21, 0), 0x7fffa1088e00) = 0 <0.000122>
32269 1787052437.912355 ioctl(9, _IOC(_IOC_READ|_IOC_WRITE, 0x46, 0x2b, 0x30), 0x7fffa108bef0) = 0 <0.000088>
32269 1787052437.912517 ioctl(10, _IOC(_IOC_NONE, 0, 0x49, 0), 0x7fffa108bb90) = 0 <0.000082>
32269 1787052437.912671 ioctl(10, _IOC(_IOC_NONE, 0, 0x21, 0), 0x7fffa1089780) = 0 <0.000101>
32269 1787052437.913051 ioctl(9, _IOC(_IOC_READ|_IOC_WRITE, 0x46, 0x2b, 0x30), 0x7fffa108c170) = 0 <0.000103>
32269 1787052437.913234 ioctl(10, _IOC(_IOC_NONE, 0, 0x49, 0), 0x7fffa108be10) = 0 <0.000081>
32269 1787052437.913388 ioctl(10, _IOC(_IOC_NONE, 0, 0x21, 0), 0x7fffa1089a00) = 0 <0.000121>
32269 1787052437.915078 ioctl(9, _IOC(_IOC_READ|_IOC_WRITE, 0x46, 0x2b, 0x30), 0x7fffa108bef0) = 0 <0.000219>
32269 1787052437.915373 ioctl(9, _IOC(_IOC_READ|_IOC_WRITE, 0x46, 0x2a, 0x20), 0x7fffa108ae00) = 0 <0.000071>
32269 1787052437.915517 openat(AT_FDCWD, "/dev/nvidiactl", O_RDWR|O_CLOEXEC) = 27 <0.000061>
32269 1787052437.915652 ioctl(9, _IOC(_IOC_READ|_IOC_WRITE, 0x46, 0x4e, 0x38), 0x7fffa108bfc0) = 0 <0.000080>
32269 1787052437.915805 mmap(0x10005400000, 2097152, PROT_READ|PROT_WRITE, MAP_SHARED|MAP_FIXED, 27, 0) = 0x10005400000 <0.000187>
32269 1787052437.916068 close(27)       = 0 <0.000046>
32269 1787052437.916192 ioctl(10, _IOC(_IOC_NONE, 0, 0x49, 0), 0x7fffa108bb90) = 0 <0.000081>
32269 1787052437.916344 ioctl(10, _IOC(_IOC_NONE, 0, 0x21, 0), 0x7fffa1089780) = 0 <0.000167>
32269 1787052437.916764 mmap(NULL, 663552, PROT_READ|PROT_WRITE, MAP_PRIVATE|MAP_ANONYMOUS, -1, 0) = 0x73c4604fb000 <0.000050>
32269 1787052437.917431 mmap(NULL, 708608, PROT_READ|PROT_WRITE, MAP_PRIVATE|MAP_ANONYMOUS, -1, 0) = 0x73c46044e000 <0.000065>
32269 1787052437.921638 munmap(0x73c4604fb000, 663552) = 0 <0.000128>
32269 1787052437.921905 mmap(NULL, 2101248, PROT_READ|PROT_WRITE, MAP_PRIVATE|MAP_ANONYMOUS, -1, 0) = 0x73c46024d000 <0.000053>
32269 1787052437.922971 munmap(0x73c46024d000, 2101248) = 0 <0.000169>
32269 1787052437.933223 ioctl(9, _IOC(_IOC_READ|_IOC_WRITE, 0x46, 0x2b, 0x30), 0x7fffa108b520) = 0 <0.000167>
32269 1787052437.933488 ioctl(10, _IOC(_IOC_NONE, 0, 0x49, 0), 0x7fffa108b1c0) = 0 <0.000093>
32269 1787052437.933653 ioctl(10, _IOC(_IOC_NONE, 0, 0x21, 0), 0x7fffa1088db0) = 0 <0.000158>
32269 1787052437.941042 mmap(0x10005800000, 2097152, PROT_READ|PROT_WRITE, MAP_SHARED|MAP_FIXED|MAP_ANONYMOUS, -1, 0) = 0x10005800000 <0.000100>
32269 1787052437.941220 ioctl(13, _IOC(_IOC_READ|_IOC_WRITE, 0x46, 0x27, 0x38), 0x7fffa108be90) = 0 <0.001292>
32269 1787052437.942618 ioctl(10, _IOC(_IOC_NONE, 0, 0x49, 0), 0x7fffa108bb80) = 0 <0.000103>
32269 1787052437.942795 ioctl(10, _IOC(_IOC_NONE, 0, 0x21, 0), 0x7fffa1089770) = 0 <0.000214>
32269 1787052437.943401 ioctl(9, _IOC(_IOC_READ|_IOC_WRITE, 0x46, 0x2b, 0x30), 0x7fffa108cdc0) = 0 <0.001680>
32269 1787052437.945189 ioctl(9, _IOC(_IOC_READ|_IOC_WRITE, 0x46, 0x2b, 0x30), 0x7fffa108bd90) = 0 <0.000419>
32269 1787052437.945701 ioctl(9, _IOC(_IOC_READ|_IOC_WRITE, 0x46, 0x2a, 0x20), 0x7fffa108aca0) = 0 <0.000070>
32269 1787052437.945844 openat(AT_FDCWD, "/dev/nvidiactl", O_RDWR|O_CLOEXEC) = 27 <0.000085>
32269 1787052437.946007 ioctl(9, _IOC(_IOC_READ|_IOC_WRITE, 0x46, 0x4e, 0x38), 0x7fffa108be60) = 0 <0.000068>
32269 1787052437.946148 mmap(0x10005a00000, 6205440, PROT_READ|PROT_WRITE, MAP_SHARED|MAP_FIXED, 27, 0) = 0x10005a00000 <0.000285>
32269 1787052437.946519 close(27)       = 0 <0.000047>
32269 1787052437.946642 ioctl(10, _IOC(_IOC_NONE, 0, 0x49, 0), 0x7fffa108ba30) = 0 <0.000094>
32269 1787052437.946807 ioctl(10, _IOC(_IOC_NONE, 0, 0x21, 0), 0x7fffa1089620) = 0 <0.000267>
32269 1787052437.947500 ioctl(9, _IOC(_IOC_READ|_IOC_WRITE, 0x46, 0x2b, 0x30), 0x7fffa108bed0) = 0 <0.000120>
32269 1787052437.947698 ioctl(10, _IOC(_IOC_NONE, 0, 0x49, 0), 0x7fffa108bb70) = 0 <0.000097>
32269 1787052437.947868 ioctl(10, _IOC(_IOC_NONE, 0, 0x21, 0), 0x7fffa1089760) = 0 <0.000146>
32269 1787052437.948115 ioctl(9, _IOC(_IOC_READ|_IOC_WRITE, 0x46, 0x2b, 0x30), 0x7fffa108bed0) = 0 <0.000101>
32269 1787052437.948290 ioctl(10, _IOC(_IOC_NONE, 0, 0x49, 0), 0x7fffa108bb70) = 0 <0.000068>
32269 1787052437.948431 ioctl(10, _IOC(_IOC_NONE, 0, 0x21, 0), 0x7fffa1089760) = 0 <0.000101>
32269 1787052437.949006 openat(AT_FDCWD, "/dev/nvidia0", O_RDWR|O_CLOEXEC) = 27 <0.000075>
32269 1787052437.949160 ioctl(27, _IOC(_IOC_READ|_IOC_WRITE, 0x46, 0xc9, 0x4), 0x7fffa108cc80) = 0 <0.000050>
32269 1787052437.949282 ioctl(27, _IOC(_IOC_READ|_IOC_WRITE, 0x46, 0xce, 0x10), 0x7fffa108cc70) = 0 <0.000048>
32269 1787052437.949585 ioctl(27, _IOC(_IOC_READ|_IOC_WRITE, 0x46, 0x2b, 0x30), 0x7fffa108cc20) = 0 <0.000469>
32269 1787052437.950605 openat(AT_FDCWD, "/dev/nvidia0", O_RDWR|O_CLOEXEC) = 29 <0.000065>
32269 1787052437.950754 ioctl(29, _IOC(_IOC_READ|_IOC_WRITE, 0x46, 0xc9, 0x4), 0x7fffa108cc80) = 0 <0.000051>
32269 1787052437.950877 ioctl(29, _IOC(_IOC_READ|_IOC_WRITE, 0x46, 0xce, 0x10), 0x7fffa108cc70) = 0 <0.000049>
32269 1787052437.951204 ioctl(29, _IOC(_IOC_READ|_IOC_WRITE, 0x46, 0x2b, 0x30), 0x7fffa108cc20) = 0 <0.000364>
32269 1787052437.952113 openat(AT_FDCWD, "/dev/nvidia0", O_RDWR|O_CLOEXEC) = 31 <0.000062>
32269 1787052437.952253 ioctl(31, _IOC(_IOC_READ|_IOC_WRITE, 0x46, 0xc9, 0x4), 0x7fffa108cc80) = 0 <0.000049>
32269 1787052437.952373 ioctl(31, _IOC(_IOC_READ|_IOC_WRITE, 0x46, 0xce, 0x10), 0x7fffa108cc70) = 0 <0.000046>
32269 1787052437.952667 ioctl(31, _IOC(_IOC_READ|_IOC_WRITE, 0x46, 0x2b, 0x30), 0x7fffa108cc20) = 0 <0.000347>
32269 1787052437.953536 openat(AT_FDCWD, "/dev/nvidia0", O_RDWR|O_CLOEXEC) = 33 <0.000063>
32269 1787052437.953677 ioctl(33, _IOC(_IOC_READ|_IOC_WRITE, 0x46, 0xc9, 0x4), 0x7fffa108cc80) = 0 <0.000066>
32269 1787052437.953815 ioctl(33, _IOC(_IOC_READ|_IOC_WRITE, 0x46, 0xce, 0x10), 0x7fffa108cc70) = 0 <0.000047>
32269 1787052437.954137 ioctl(33, _IOC(_IOC_READ|_IOC_WRITE, 0x46, 0x2b, 0x30), 0x7fffa108cc20) = 0 <0.000346>
32269 1787052437.955083 ioctl(9, _IOC(_IOC_READ|_IOC_WRITE, 0x46, 0x2a, 0x20), 0x7fffa108bbc0) = 0 <0.000354>
32269 1787052437.955526 ioctl(9, _IOC(_IOC_READ|_IOC_WRITE, 0x46, 0x2a, 0x20), 0x7fffa108bc70) = 0 <0.000683>
32269 1787052437.956285 ioctl(9, _IOC(_IOC_READ|_IOC_WRITE, 0x46, 0x2a, 0x20), 0x7fffa108bd00) = 0 <0.000353>
32269 1787052437.956733 mmap(NULL, 1073737728, PROT_NONE, MAP_PRIVATE|MAP_ANONYMOUS, -1, 0) = 0x73c208001000 <0.000057>
32269 1787052437.957168 munmap(0x73c208001000, 402649088) = 0 <0.000065>
32269 1787052437.957579 munmap(0x73c240000000, 134217728) = 0 <0.000049>
32269 1787052437.957707 ioctl(9, _IOC(_IOC_READ|_IOC_WRITE, 0x46, 0x2b, 0x30), 0x7fffa108bf00) = 0 <0.000121>
32269 1787052437.957910 ioctl(10, _IOC(_IOC_NONE, 0, 0x49, 0), 0x7fffa108bba0) = 0 <0.000086>
32269 1787052437.958071 ioctl(10, _IOC(_IOC_NONE, 0, 0x21, 0), 0x7fffa1089790) = 0 <0.000201>
32269 1787052437.960782 openat(AT_FDCWD, "/etc/localtime", O_RDONLY|O_CLOEXEC) = 35 <0.000060>
32269 1787052437.961404 close(35)       = 0 <0.000047>
32269 1787052437.961621 ioctl(9, _IOC(_IOC_READ|_IOC_WRITE, 0x46, 0x2a, 0x20), 0x7fffa108bd00) = 0 <0.000326>
32269 1787052437.962048 ioctl(9, _IOC(_IOC_READ|_IOC_WRITE, 0x46, 0x2a, 0x20), 0x7fffa108bcf0) = 0 <0.000323>
32269 1787052437.962466 openat(AT_FDCWD, "/sys/devices/system/cpu/online", O_RDONLY|O_CLOEXEC) = 35 <0.000071>
32269 1787052437.962711 close(35)       = 0 <0.000047>
32269 1787052437.962828 mmap(NULL, 3416064, PROT_READ|PROT_WRITE, MAP_PRIVATE|MAP_ANONYMOUS, -1, 0) = 0x73c46010c000 <0.000068>
32269 1787052437.962981 openat(AT_FDCWD, "/proc/self/task/32274/comm", O_WRONLY|O_CREAT|O_TRUNC, 0666) = 35 <0.000089>
32269 1787052437.963339 close(35)       = 0 <0.000046>
32269 1787052437.963982 mmap(NULL, 8392704, PROT_NONE, MAP_PRIVATE|MAP_ANONYMOUS|MAP_STACK, -1, 0) = 0x73c2477ff000 <0.000050>
32275 1787052437.965044 mmap(NULL, 134217728, PROT_NONE, MAP_PRIVATE|MAP_ANONYMOUS, -1, 0) = 0x73c218000000 <0.000066>
32275 1787052437.965193 munmap(0x73c21c000000, 67108864) = 0 <0.000073>
32269 1787052437.967004 ioctl(13, _IOC(_IOC_READ|_IOC_WRITE, 0x46, 0x27, 0x38), 0x7fffa108c760) = 0 <0.001985>
32269 1787052437.969120 ioctl(10, _IOC(_IOC_NONE, 0, 0x49, 0), 0x7fffa108c450) = 0 <0.000096>
32269 1787052437.969291 ioctl(10, _IOC(_IOC_NONE, 0, 0x21, 0), 0x7fffa108a040) = 0 <0.000200>
32269 1787052437.969565 ioctl(10, _IOC(_IOC_NONE, 0, 0x49, 0), 0x7fffa108c450) = 0 <0.000085>
32269 1787052437.969719 ioctl(10, _IOC(_IOC_NONE, 0, 0x21, 0), 0x7fffa108a040) = 0 <0.000212>
32269 1787052437.970011 ioctl(10, _IOC(_IOC_NONE, 0, 0x49, 0), 0x7fffa108c450) = 0 <0.000071>
32269 1787052437.970155 ioctl(10, _IOC(_IOC_NONE, 0, 0x21, 0), 0x7fffa108a040) = 0 <0.000113>
32269 1787052437.971003 ioctl(10, _IOC(_IOC_NONE, 0, 0x22, 0), 0x7fffa108d110) = 0 <0.000121>
32269 1787052437.971199 ioctl(10, _IOC(_IOC_NONE, 0, 0x22, 0), 0x7fffa108d110) = 0 <0.000100>
32269 1787052437.971370 ioctl(10, _IOC(_IOC_NONE, 0, 0x22, 0), 0x7fffa108d110) = 0 <0.000100>
32269 1787052437.971549 ioctl(9, _IOC(_IOC_READ|_IOC_WRITE, 0x46, 0x29, 0x10), 0x7fffa108d220) = 0 <0.000170>
32275 1787052437.973627 +++ exited with 0 +++
32274 1787052437.973644 +++ exited with 0 +++
32270 1787052438.094882 +++ exited with 0 +++
32269 1787052438.094942 +++ exited with 0 +++
